/home/max/GitHub/RXProg/RXProg-firmware/USB_Device/App/usbd_cdc_if.c:153:15:CDC_Init_FS	8	static
/home/max/GitHub/RXProg/RXProg-firmware/USB_Device/App/usbd_cdc_if.c:167:15:CDC_DeInit_FS	4	static
/home/max/GitHub/RXProg/RXProg-firmware/USB_Device/App/usbd_cdc_if.c:181:15:CDC_Control_FS	16	static
/home/max/GitHub/RXProg/RXProg-firmware/USB_Device/App/usbd_cdc_if.c:262:15:CDC_Receive_FS	16	static
/home/max/GitHub/RXProg/RXProg-firmware/USB_Device/App/usbd_cdc_if.c:288:9:CDC_Transmit_FS	24	static
/home/max/GitHub/RXProg/RXProg-firmware/USB_Device/App/usbd_cdc_if.c:314:15:CDC_TransmitCplt_FS	32	static
/home/max/GitHub/RXProg/RXProg-firmware/USB_Device/App/usbd_cdc_if.c:336:5:CDC_Printf	24	static
