/home/max/GitHub/RXProg/RXProg-firmware/Core/Src/main.c:74:5:main	2
/home/max/GitHub/RXProg/RXProg-firmware/Core/Src/main.c:129:6:SystemClock_Config	3
/home/max/GitHub/RXProg/RXProg-firmware/Core/Src/main.c:176:13:MX_GPIO_Init	1
/home/max/GitHub/RXProg/RXProg-firmware/Core/Src/main.c:246:6:HAL_GPIO_EXTI_Callback	1
/home/max/GitHub/RXProg/RXProg-firmware/Core/Src/main.c:252:13:RX11_EXTI_Callback	4
/home/max/GitHub/RXProg/RXProg-firmware/Core/Src/main.c:279:13:RX5_EXTI_Callback	4
/home/max/GitHub/RXProg/RXProg-firmware/Core/Src/main.c:311:6:Error_Handler	1
