/home/max/GitHub/RXProg/RXProg-firmware/Core/Src/main.c:74:5:main	8	static
/home/max/GitHub/RXProg/RXProg-firmware/Core/Src/main.c:129:6:SystemClock_Config	88	static
/home/max/GitHub/RXProg/RXProg-firmware/Core/Src/main.c:176:13:MX_GPIO_Init	40	static
/home/max/GitHub/RXProg/RXProg-firmware/Core/Src/main.c:246:6:HAL_GPIO_EXTI_Callback	16	static
/home/max/GitHub/RXProg/RXProg-firmware/Core/Src/main.c:252:13:RX11_EXTI_Callback	24	static
/home/max/GitHub/RXProg/RXProg-firmware/Core/Src/main.c:279:13:RX5_EXTI_Callback	24	static
/home/max/GitHub/RXProg/RXProg-firmware/Core/Src/main.c:311:6:Error_Handler	4	static,ignoring_inline_asm
