/home/max/GitHub/RXProg/RXProg-firmware/Core/Src/main.c:83:5:main	6
/home/max/GitHub/RXProg/RXProg-firmware/Core/Src/main.c:205:6:SystemClock_Config	3
/home/max/GitHub/RXProg/RXProg-firmware/Core/Src/main.c:253:13:MX_GPIO_Init	1
/home/max/GitHub/RXProg/RXProg-firmware/Core/Src/main.c:323:6:HAL_GPIO_EXTI_Callback	6
/home/max/GitHub/RXProg/RXProg-firmware/Core/Src/main.c:367:13:write_ram_to_flash	7
/home/max/GitHub/RXProg/RXProg-firmware/Core/Src/main.c:407:13:usb_send	3
/home/max/GitHub/RXProg/RXProg-firmware/Core/Src/main.c:424:6:Error_Handler	1
