Archive member included to satisfy reference by file (symbol)

/opt/stm32cubeide/plugins/com.st.stm32cube.ide.mcu.externaltools.gnu-tools-for-stm32.14.3.rel1.linux64_1.0.100.202602081740/tools/bin/../lib/gcc/arm-none-eabi/14.3.1/../../../../arm-none-eabi/lib/thumb/v7e-m+fp/hard/libc_nano.a(libc_a-exit.o)
                              /opt/stm32cubeide/plugins/com.st.stm32cube.ide.mcu.externaltools.gnu-tools-for-stm32.14.3.rel1.linux64_1.0.100.202602081740/tools/bin/../lib/gcc/arm-none-eabi/14.3.1/../../../../arm-none-eabi/lib/thumb/v7e-m+fp/hard/crt0.o (exit)
/opt/stm32cubeide/plugins/com.st.stm32cube.ide.mcu.externaltools.gnu-tools-for-stm32.14.3.rel1.linux64_1.0.100.202602081740/tools/bin/../lib/gcc/arm-none-eabi/14.3.1/../../../../arm-none-eabi/lib/thumb/v7e-m+fp/hard/libc_nano.a(libc_a-findfp.o)
                              /opt/stm32cubeide/plugins/com.st.stm32cube.ide.mcu.externaltools.gnu-tools-for-stm32.14.3.rel1.linux64_1.0.100.202602081740/tools/bin/../lib/gcc/arm-none-eabi/14.3.1/../../../../arm-none-eabi/lib/thumb/v7e-m+fp/hard/libc_nano.a(libc_a-exit.o) (__stdio_exit_handler)
/opt/stm32cubeide/plugins/com.st.stm32cube.ide.mcu.externaltools.gnu-tools-for-stm32.14.3.rel1.linux64_1.0.100.202602081740/tools/bin/../lib/gcc/arm-none-eabi/14.3.1/../../../../arm-none-eabi/lib/thumb/v7e-m+fp/hard/libc_nano.a(libc_a-fwalk.o)
                              /opt/stm32cubeide/plugins/com.st.stm32cube.ide.mcu.externaltools.gnu-tools-for-stm32.14.3.rel1.linux64_1.0.100.202602081740/tools/bin/../lib/gcc/arm-none-eabi/14.3.1/../../../../arm-none-eabi/lib/thumb/v7e-m+fp/hard/libc_nano.a(libc_a-findfp.o) (_fwalk_sglue)
/opt/stm32cubeide/plugins/com.st.stm32cube.ide.mcu.externaltools.gnu-tools-for-stm32.14.3.rel1.linux64_1.0.100.202602081740/tools/bin/../lib/gcc/arm-none-eabi/14.3.1/../../../../arm-none-eabi/lib/thumb/v7e-m+fp/hard/libc_nano.a(libc_a-stdio.o)
                              /opt/stm32cubeide/plugins/com.st.stm32cube.ide.mcu.externaltools.gnu-tools-for-stm32.14.3.rel1.linux64_1.0.100.202602081740/tools/bin/../lib/gcc/arm-none-eabi/14.3.1/../../../../arm-none-eabi/lib/thumb/v7e-m+fp/hard/libc_nano.a(libc_a-findfp.o) (__sread)
/opt/stm32cubeide/plugins/com.st.stm32cube.ide.mcu.externaltools.gnu-tools-for-stm32.14.3.rel1.linux64_1.0.100.202602081740/tools/bin/../lib/gcc/arm-none-eabi/14.3.1/../../../../arm-none-eabi/lib/thumb/v7e-m+fp/hard/libc_nano.a(libc_a-memset.o)
                              /opt/stm32cubeide/plugins/com.st.stm32cube.ide.mcu.externaltools.gnu-tools-for-stm32.14.3.rel1.linux64_1.0.100.202602081740/tools/bin/../lib/gcc/arm-none-eabi/14.3.1/../../../../arm-none-eabi/lib/thumb/v7e-m+fp/hard/crt0.o (memset)
/opt/stm32cubeide/plugins/com.st.stm32cube.ide.mcu.externaltools.gnu-tools-for-stm32.14.3.rel1.linux64_1.0.100.202602081740/tools/bin/../lib/gcc/arm-none-eabi/14.3.1/../../../../arm-none-eabi/lib/thumb/v7e-m+fp/hard/libc_nano.a(libc_a-closer.o)
                              /opt/stm32cubeide/plugins/com.st.stm32cube.ide.mcu.externaltools.gnu-tools-for-stm32.14.3.rel1.linux64_1.0.100.202602081740/tools/bin/../lib/gcc/arm-none-eabi/14.3.1/../../../../arm-none-eabi/lib/thumb/v7e-m+fp/hard/libc_nano.a(libc_a-stdio.o) (_close_r)
/opt/stm32cubeide/plugins/com.st.stm32cube.ide.mcu.externaltools.gnu-tools-for-stm32.14.3.rel1.linux64_1.0.100.202602081740/tools/bin/../lib/gcc/arm-none-eabi/14.3.1/../../../../arm-none-eabi/lib/thumb/v7e-m+fp/hard/libc_nano.a(libc_a-reent.o)
                              /opt/stm32cubeide/plugins/com.st.stm32cube.ide.mcu.externaltools.gnu-tools-for-stm32.14.3.rel1.linux64_1.0.100.202602081740/tools/bin/../lib/gcc/arm-none-eabi/14.3.1/../../../../arm-none-eabi/lib/thumb/v7e-m+fp/hard/libc_nano.a(libc_a-closer.o) (errno)
/opt/stm32cubeide/plugins/com.st.stm32cube.ide.mcu.externaltools.gnu-tools-for-stm32.14.3.rel1.linux64_1.0.100.202602081740/tools/bin/../lib/gcc/arm-none-eabi/14.3.1/../../../../arm-none-eabi/lib/thumb/v7e-m+fp/hard/libc_nano.a(libc_a-impure.o)
                              /opt/stm32cubeide/plugins/com.st.stm32cube.ide.mcu.externaltools.gnu-tools-for-stm32.14.3.rel1.linux64_1.0.100.202602081740/tools/bin/../lib/gcc/arm-none-eabi/14.3.1/../../../../arm-none-eabi/lib/thumb/v7e-m+fp/hard/libc_nano.a(libc_a-reent.o) (_impure_ptr)
/opt/stm32cubeide/plugins/com.st.stm32cube.ide.mcu.externaltools.gnu-tools-for-stm32.14.3.rel1.linux64_1.0.100.202602081740/tools/bin/../lib/gcc/arm-none-eabi/14.3.1/../../../../arm-none-eabi/lib/thumb/v7e-m+fp/hard/libc_nano.a(libc_a-lseekr.o)
                              /opt/stm32cubeide/plugins/com.st.stm32cube.ide.mcu.externaltools.gnu-tools-for-stm32.14.3.rel1.linux64_1.0.100.202602081740/tools/bin/../lib/gcc/arm-none-eabi/14.3.1/../../../../arm-none-eabi/lib/thumb/v7e-m+fp/hard/libc_nano.a(libc_a-stdio.o) (_lseek_r)
[...]
Memory Configuration

Name             Origin             Length             Attributes
RAM              0x20000000         0x00020000         xrw
FLASH            0x08000000         0x00080000         xr
*default*        0x00000000         0xffffffff

Linker script and memory map

LOAD /opt/stm32cubeide/plugins/com.st.stm32cube.ide.mcu.externaltools.gnu-tools-for-stm32.14.3.rel1.linux64_1.0.100.202602081740/tools/bin/../lib/gcc/arm-none-eabi/14.3.1/thumb/v7e-m+fp/hard/crti.o
LOAD /opt/stm32cubeide/plugins/com.st.stm32cube.ide.mcu.externaltools.gnu-tools-for-stm32.14.3.rel1.linux64_1.0.100.202602081740/tools/bin/../lib/gcc/arm-none-eabi/14.3.1/thumb/v7e-m+fp/hard/crtbegin.o
LOAD /opt/stm32cubeide/plugins/com.st.stm32cube.ide.mcu.externaltools.gnu-tools-for-stm32.14.3.rel1.linux64_1.0.100.202602081740/tools/bin/../lib/gcc/arm-none-eabi/14.3.1/../../../../arm-none-eabi/lib/thumb/v7e-m+fp/hard/crt0.o
LOAD ./Application/User/Core/main.o
LOAD ./Application/User/Core/stm32g4xx_hal_msp.o
LOAD ./Application/User/Core/stm32g4xx_it.o
LOAD ./Application/User/Core/syscalls.o
LOAD ./Application/User/Core/sysmem.o
LOAD ./Application/User/Startup/startup_stm32g474cetx.o
LOAD ./Application/User/USB_Device/App/usb_device.o
LOAD ./Application/User/USB_Device/App/usbd_cdc_if.o
LOAD ./Application/User/USB_Device/App/usbd_desc.o
LOAD ./Application/User/USB_Device/Target/usbd_conf.o
LOAD ./Drivers/CMSIS/system_stm32g4xx.o
LOAD ./Drivers/STM32G4xx_HAL_Driver/stm32g4xx_hal.o
LOAD ./Drivers/STM32G4xx_HAL_Driver/stm32g4xx_hal_cortex.o
LOAD ./Drivers/STM32G4xx_HAL_Driver/stm32g4xx_hal_dma.o
LOAD ./Drivers/STM32G4xx_HAL_Driver/stm32g4xx_hal_dma_ex.o
LOAD ./Drivers/STM32G4xx_HAL_Driver/stm32g4xx_hal_exti.o
LOAD ./Drivers/STM32G4xx_HAL_Driver/stm32g4xx_hal_flash.o
LOAD ./Drivers/STM32G4xx_HAL_Driver/stm32g4xx_hal_flash_ex.o
LOAD ./Drivers/STM32G4xx_HAL_Driver/stm32g4xx_hal_flash_ramfunc.o
LOAD ./Drivers/STM32G4xx_HAL_Driver/stm32g4xx_hal_gpio.o
LOAD ./Drivers/STM32G4xx_HAL_Driver/stm32g4xx_hal_pcd.o
LOAD ./Drivers/STM32G4xx_HAL_Driver/stm32g4xx_hal_pcd_ex.o
LOAD ./Drivers/STM32G4xx_HAL_Driver/stm32g4xx_hal_pwr.o
LOAD ./Drivers/STM32G4xx_HAL_Driver/stm32g4xx_hal_pwr_ex.o
LOAD ./Drivers/STM32G4xx_HAL_Driver/stm32g4xx_hal_rcc.o
LOAD ./Drivers/STM32G4xx_HAL_Driver/stm32g4xx_hal_rcc_ex.o
LOAD ./Drivers/STM32G4xx_HAL_Driver/stm32g4xx_ll_usb.o
LOAD ./Middlewares/USB_Device_Library/usbd_cdc.o
LOAD ./Middlewares/USB_Device_Library/usbd_core.o
LOAD ./Middlewares/USB_Device_Library/usbd_ctlreq.o
LOAD ./Middlewares/USB_Device_Library/usbd_ioreq.o
START GROUP
LOAD /opt/stm32cubeide/plugins/com.st.stm32cube.ide.mcu.externaltools.gnu-tools-for-stm32.14.3.rel1.linux64_1.0.100.202602081740/tools/bin/../lib/gcc/arm-none-eabi/14.3.1/../../../../arm-none-eabi/lib/thumb/v7e-m+fp/hard/libc_nano.a
LOAD /opt/stm32cubeide/plugins/com.st.stm32cube.ide.mcu.externaltools.gnu-tools-for-stm32.14.3.rel1.linux64_1.0.100.202602081740/tools/bin/../lib/gcc/arm-none-eabi/14.3.1/../../../../arm-none-eabi/lib/thumb/v7e-m+fp/hard/libm.a
END GROUP
START GROUP
LOAD /opt/stm32cubeide/plugins/com.st.stm32cube.ide.mcu.externaltools.gnu-tools-for-stm32.14.3.rel1.linux64_1.0.100.202602081740/tools/bin/../lib/gcc/arm-none-eabi/14.3.1/thumb/v7e-m+fp/hard/libgcc.a
LOAD /opt/stm32cubeide/plugins/com.st.stm32cube.ide.mcu.externaltools.gnu-tools-for-stm32.14.3.rel1.linux64_1.0.100.202602081740/tools/bin/../lib/gcc/arm-none-eabi/14.3.1/../../../../arm-none-eabi/lib/thumb/v7e-m+fp/hard/libc_nano.a
END GROUP
START GROUP
LOAD /opt/stm32cubeide/plugins/com.st.stm32cube.ide.mcu.externaltools.gnu-tools-for-stm32.14.3.rel1.linux64_1.0.100.202602081740/tools/bin/../lib/gcc/arm-none-eabi/14.3.1/thumb/v7e-m+fp/hard/libgcc.a
LOAD /opt/stm32cubeide/plugins/com.st.stm32cube.ide.mcu.externaltools.gnu-tools-for-stm32.14.3.rel1.linux64_1.0.100.202602081740/tools/bin/../lib/gcc/arm-none-eabi/14.3.1/../../../../arm-none-eabi/lib/thumb/v7e-m+fp/hard/libc_nano.a
LOAD /opt/stm32cubeide/plugins/com.st.stm32cube.ide.mcu.externaltools.gnu-tools-for-stm32.14.3.rel1.linux64_1.0.100.202602081740/tools/bin/../lib/gcc/arm-none-eabi/14.3.1/../../../../arm-none-eabi/lib/thumb/v7e-m+fp/hard/libnosys.a
END GROUP
START GROUP
LOAD /opt/stm32cubeide/plugins/com.st.stm32cube.ide.mcu.externaltools.gnu-tools-for-stm32.14.3.rel1.linux64_1.0.100.202602081740/tools/bin/../lib/gcc/arm-none-eabi/14.3.1/thumb/v7e-m+fp/hard/libgcc.a
LOAD /opt/stm32cubeide/plugins/com.st.stm32cube.ide.mcu.externaltools.gnu-tools-for-stm32.14.3.rel1.linux64_1.0.100.202602081740/tools/bin/../lib/gcc/arm-none-eabi/14.3.1/../../../../arm-none-eabi/lib/thumb/v7e-m+fp/hard/libc_nano.a
LOAD /opt/stm32cubeide/plugins/com.st.stm32cube.ide.mcu.externaltools.gnu-tools-for-stm32.14.3.rel1.linux64_1.0.100.202602081740/tools/bin/../lib/gcc/arm-none-eabi/14.3.1/../../../../arm-none-eabi/lib/thumb/v7e-m+fp/hard/libnosys.a
END GROUP
LOAD /opt/stm32cubeide/plugins/com.st.stm32cube.ide.mcu.externaltools.gnu-tools-for-stm32.14.3.rel1.linux64_1.0.100.202602081740/tools/bin/../lib/gcc/arm-none-eabi/14.3.1/thumb/v7e-m+fp/hard/crtend.o
LOAD /opt/stm32cubeide/plugins/com.st.stm32cube.ide.mcu.externaltools.gnu-tools-for-stm32.14.3.rel1.linux64_1.0.100.202602081740/tools/bin/../lib/gcc/arm-none-eabi/14.3.1/thumb/v7e-m+fp/hard/crtn.o
                0x20020000                        _estack = (ORIGIN (RAM) + LENGTH (RAM))
                0x00000200                        _Min_Heap_Size = 0x200
                0x00000400                        _Min_Stack_Size = 0x400

.isr_vector     0x08000000      0x1d8
                0x08000000                        . = ALIGN (0x4)
 *(.isr_vector)
 .isr_vector    0x08000000      0x1d8 ./Application/User/Startup/startup_stm32g474cetx.o
                0x08000000                g_pfnVectors
                0x080001d8                        . = ALIGN (0x4)

.text           0x080001d8     0x74a0
                0x080001d8                        . = ALIGN (0x4)
 *(.text)
 .text          0x080001d8       0x40 /opt/stm32cubeide/plugins/com.st.stm32cube.ide.mcu.externaltools.gnu-tools-for-stm32.14.3.rel1.linux64_1.0.100.202602081740/tools/bin/../lib/gcc/arm-none-eabi/14.3.1/thumb/v7e-m+fp/hard/crtbegin.o
 *(.text*)
 .text.main     0x08000218       0x74 ./Application/User/Core/main.o
                0x08000218                main
 .text.SystemClock_Config
                0x0800028c       0x98 ./Application/User/Core/main.o
                0x0800028c                SystemClock_Config
 .text.MX_GPIO_Init
                0x08000324      0x12c ./Application/User/Core/main.o
 .text.Error_Handler
                0x08000450        0xc ./Application/User/Core/main.o
                0x08000450                Error_Handler
 .text.HAL_MspInit
                0x0800045c       0x48 ./Application/User/Core/stm32g4xx_hal_msp.o
                0x0800045c                HAL_MspInit
 .text.NMI_Handler
                0x080004a4        0x8 ./Application/User/Core/stm32g4xx_it.o
                0x080004a4                NMI_Handler
 .text.HardFault_Handler
                0x080004ac        0x8 ./Application/User/Core/stm32g4xx_it.o
                0x080004ac                HardFault_Handler
 .text.MemManage_Handler
                0x080004b4        0x8 ./Application/User/Core/stm32g4xx_it.o
                0x080004b4                MemManage_Handler
 .text.BusFault_Handler
                0x080004bc        0x8 ./Application/User/Core/stm32g4xx_it.o
                0x080004bc                BusFault_Handler
 .text.UsageFault_Handler
                0x080004c4        0x8 ./Application/User/Core/stm32g4xx_it.o
                0x080004c4                UsageFault_Handler
 .text.SVC_Handler
                0x080004cc        0xe ./Application/User/Core/stm32g4xx_it.o
                0x080004cc                SVC_Handler
 .text.DebugMon_Handler
                0x080004da        0xe ./Application/User/Core/stm32g4xx_it.o
                0x080004da                DebugMon_Handler
 .text.PendSV_Handler
                0x080004e8        0xe ./Application/User/Core/stm32g4xx_it.o
                0x080004e8                PendSV_Handler
 .text.SysTick_Handler
                0x080004f6        0xc ./Application/User/Core/stm32g4xx_it.o
                0x080004f6                SysTick_Handler
 *fill*         0x08000502        0x2 
 .text.USB_LP_IRQHandler
                0x08000504       0x14 ./Application/User/Core/stm32g4xx_it.o
                0x08000504                USB_LP_IRQHandler
 .text.EXTI15_10_IRQHandler
                0x08000518       0x20 ./Application/User/Core/stm32g4xx_it.o
                0x08000518                EXTI15_10_IRQHandler
 .text.Reset_Handler
                0x08000538       0x50 ./Application/User/Startup/startup_stm32g474cetx.o
                0x08000538                Reset_Handler
 .text.Default_Handler
                0x08000588        0x2 ./Application/User/Startup/startup_stm32g474cetx.o
                0x08000588                RTC_Alarm_IRQHandler
                0x08000588                EXTI2_IRQHandler
                0x08000588                TIM8_TRG_COM_IRQHandler
                0x08000588                TIM8_CC_IRQHandler
                0x08000588                HRTIM1_Master_IRQHandler
                0x08000588                SPI4_IRQHandler
                0x08000588                FDCAN3_IT0_IRQHandler
                0x08000588                TIM1_CC_IRQHandler
                0x08000588                HRTIM1_FLT_IRQHandler
                0x08000588                HRTIM1_TIMF_IRQHandler
                0x08000588                USB_HP_IRQHandler
                0x08000588                CORDIC_IRQHandler
                0x08000588                HRTIM1_TIMD_IRQHandler
                0x08000588                DMA2_Channel8_IRQHandler
                0x08000588                EXTI3_IRQHandler
                0x08000588                I2C3_ER_IRQHandler
                0x08000588                EXTI0_IRQHandler
                0x08000588                I2C2_EV_IRQHandler
                0x08000588                FPU_IRQHandler
                0x08000588                FDCAN1_IT1_IRQHandler
                0x08000588                TIM1_UP_TIM16_IRQHandler
                0x08000588                ADC1_2_IRQHandler
                0x08000588                HRTIM1_TIME_IRQHandler
                0x08000588                SPI1_IRQHandler
                0x08000588                TIM6_DAC_IRQHandler
                0x08000588                HRTIM1_TIMC_IRQHandler
                0x08000588                TIM8_UP_IRQHandler
                0x08000588                DMA2_Channel2_IRQHandler
                0x08000588                DMA1_Channel4_IRQHandler
                0x08000588                TIM20_TRG_COM_IRQHandler
                0x08000588                USART3_IRQHandler
                0x08000588                DMA1_Channel7_IRQHandler
                0x08000588                UART5_IRQHandler
                0x08000588                ADC3_IRQHandler
                0x08000588                TIM4_IRQHandler
                0x08000588                DMA2_Channel1_IRQHandler
                0x08000588                QUADSPI_IRQHandler
                0x08000588                I2C1_EV_IRQHandler
                0x08000588                DMA1_Channel6_IRQHandler
                0x08000588                UART4_IRQHandler
                0x08000588                DMA2_Channel4_IRQHandler
                0x08000588                TIM3_IRQHandler
                0x08000588                RCC_IRQHandler
                0x08000588                TIM20_UP_IRQHandler
                0x08000588                DMA1_Channel1_IRQHandler
                0x08000588                Default_Handler
                0x08000588                DMA2_Channel7_IRQHandler
                0x08000588                RTC_TAMP_LSECSS_IRQHandler
                0x08000588                FMAC_IRQHandler
                0x08000588                DMA1_Channel8_IRQHandler
                0x08000588                HRTIM1_TIMA_IRQHandler
                0x08000588                TIM7_DAC_IRQHandler
                0x08000588                FDCAN3_IT1_IRQHandler
                0x08000588                TIM5_IRQHandler
                0x08000588                UCPD1_IRQHandler
                0x08000588                I2C3_EV_IRQHandler
                0x08000588                EXTI9_5_IRQHandler
                0x08000588                RTC_WKUP_IRQHandler
                0x08000588                PVD_PVM_IRQHandler
                0x08000588                SPI2_IRQHandler
                0x08000588                ADC5_IRQHandler
                0x08000588                DMA2_Channel5_IRQHandler
                0x08000588                CRS_IRQHandler
                0x08000588                DMA1_Channel5_IRQHandler
                0x08000588                EXTI4_IRQHandler
                0x08000588                RNG_IRQHandler
                0x08000588                HRTIM1_TIMB_IRQHandler
                0x08000588                TIM1_TRG_COM_TIM17_IRQHandler
                0x08000588                FDCAN2_IT1_IRQHandler
                0x08000588                DMA1_Channel3_IRQHandler
                0x08000588                ADC4_IRQHandler
                0x08000588                WWDG_IRQHandler
                0x08000588                I2C4_EV_IRQHandler
                0x08000588                FDCAN2_IT0_IRQHandler
                0x08000588                LPUART1_IRQHandler
                0x08000588                DMA2_Channel6_IRQHandler
                0x08000588                FDCAN1_IT0_IRQHandler
                0x08000588                TIM2_IRQHandler
                0x08000588                COMP7_IRQHandler
                0x08000588                COMP1_2_3_IRQHandler
                0x08000588                EXTI1_IRQHandler
                0x08000588                USART2_IRQHandler
                0x08000588                COMP4_5_6_IRQHandler
                0x08000588                TIM20_BRK_IRQHandler
                0x08000588                I2C2_ER_IRQHandler
                0x08000588                DMA1_Channel2_IRQHandler
                0x08000588                TIM8_BRK_IRQHandler
                0x08000588                FLASH_IRQHandler
                0x08000588                TIM20_CC_IRQHandler
                0x08000588                USART1_IRQHandler
                0x08000588                SPI3_IRQHandler
                0x08000588                I2C1_ER_IRQHandler
                0x08000588                FMC_IRQHandler
                0x08000588                LPTIM1_IRQHandler
                0x08000588                DMAMUX_OVR_IRQHandler
                0x08000588                I2C4_ER_IRQHandler
                0x08000588                USBWakeUp_IRQHandler
                0x08000588                SAI1_IRQHandler
                0x08000588                DMA2_Channel3_IRQHandler
                0x08000588                TIM1_BRK_TIM15_IRQHandler
 *fill*         0x0800058a        0x2 
 .text.MX_USB_Device_Init
                0x0800058c       0x60 ./Application/User/USB_Device/App/usb_device.o
                0x0800058c                MX_USB_Device_Init
 .text.CDC_Init_FS
                0x080005ec       0x28 ./Application/User/USB_Device/App/usbd_cdc_if.o
 .text.CDC_DeInit_FS
                0x08000614       0x10 ./Application/User/USB_Device/App/usbd_cdc_if.o
 .text.CDC_Control_FS
                0x08000624       0xbc ./Application/User/USB_Device/App/usbd_cdc_if.o
 .text.CDC_Receive_FS
                0x080006e0       0x28 ./Application/User/USB_Device/App/usbd_cdc_if.o
 .text.CDC_TransmitCplt_FS
                0x08000708       0x22 ./Application/User/USB_Device/App/usbd_cdc_if.o
 *fill*         0x0800072a        0x2 
 .text.USBD_CDC_DeviceDescriptor
                0x0800072c       0x24 ./Application/User/USB_Device/App/usbd_desc.o
                0x0800072c                USBD_CDC_DeviceDescriptor
 .text.USBD_CDC_LangIDStrDescriptor
                0x08000750       0x24 ./Application/User/USB_Device/App/usbd_desc.o
                0x08000750                USBD_CDC_LangIDStrDescriptor
 .text.USBD_CDC_ProductStrDescriptor
                0x08000774       0x3c ./Application/User/USB_Device/App/usbd_desc.o
                0x08000774                USBD_CDC_ProductStrDescriptor
 .text.USBD_CDC_ManufacturerStrDescriptor
                0x080007b0       0x28 ./Application/User/USB_Device/App/usbd_desc.o
                0x080007b0                USBD_CDC_ManufacturerStrDescriptor
 .text.USBD_CDC_SerialStrDescriptor
                0x080007d8       0x24 ./Application/User/USB_Device/App/usbd_desc.o
                0x080007d8                USBD_CDC_SerialStrDescriptor
 .text.USBD_CDC_ConfigStrDescriptor
                0x080007fc       0x3c ./Application/User/USB_Device/App/usbd_desc.o
                0x080007fc                USBD_CDC_ConfigStrDescriptor
 .text.USBD_CDC_InterfaceStrDescriptor
                0x08000838       0x3c ./Application/User/USB_Device/App/usbd_desc.o
                0x08000838                USBD_CDC_InterfaceStrDescriptor
 .text.Get_SerialNum
                0x08000874       0x58 ./Application/User/USB_Device/App/usbd_desc.o
 .text.IntToUnicode
                0x080008cc       0x7e ./Application/User/USB_Device/App/usbd_desc.o
 *fill*         0x0800094a        0x2 
 .text.HAL_PCD_MspInit
                0x0800094c       0x78 ./Application/User/USB_Device/Target/usbd_conf.o
                0x0800094c                HAL_PCD_MspInit
 .text.HAL_PCD_SetupStageCallback
                0x080009c4       0x24 ./Application/User/USB_Device/Target/usbd_conf.o
                0x080009c4                HAL_PCD_SetupStageCallback
 .text.HAL_PCD_DataOutStageCallback
                0x080009e8       0x36 ./Application/User/USB_Device/Target/usbd_conf.o
                0x080009e8                HAL_PCD_DataOutStageCallback
 .text.HAL_PCD_DataInStageCallback
                0x08000a1e       0x34 ./Application/User/USB_Device/Target/usbd_conf.o
                0x08000a1e                HAL_PCD_DataInStageCallback
 .text.HAL_PCD_SOFCallback
                0x08000a52       0x1c ./Application/User/USB_Device/Target/usbd_conf.o
                0x08000a52                HAL_PCD_SOFCallback
 .text.HAL_PCD_ResetCallback
                0x08000a6e       0x3c ./Application/User/USB_Device/Target/usbd_conf.o
                0x08000a6e                HAL_PCD_ResetCallback
 *fill*         0x08000aaa        0x2 
 .text.HAL_PCD_SuspendCallback
                0x08000aac       0x34 ./Application/User/USB_Device/Target/usbd_conf.o
                0x08000aac                HAL_PCD_SuspendCallback
 .text.HAL_PCD_ResumeCallback
                0x08000ae0       0x38 ./Application/User/USB_Device/Target/usbd_conf.o
                0x08000ae0                HAL_PCD_ResumeCallback
 .text.USBD_LL_Init
                0x08000b18       0xc0 ./Application/User/USB_Device/Target/usbd_conf.o
                0x08000b18                USBD_LL_Init
 .text.USBD_LL_Start
                0x08000bd8       0x36 ./Application/User/USB_Device/Target/usbd_conf.o
                0x08000bd8                USBD_LL_Start
 .text.USBD_LL_OpenEP
                0x08000c0e       0x4c ./Application/User/USB_Device/Target/usbd_conf.o
                0x08000c0e                USBD_LL_OpenEP
 .text.USBD_LL_CloseEP
                0x08000c5a       0x3e ./Application/User/USB_Device/Target/usbd_conf.o
                0x08000c5a                USBD_LL_CloseEP
 .text.USBD_LL_StallEP
                0x08000c98       0x3e ./Application/User/USB_Device/Target/usbd_conf.o
                0x08000c98                USBD_LL_StallEP
 .text.USBD_LL_ClearStallEP
                0x08000cd6       0x3e ./Application/User/USB_Device/Target/usbd_conf.o
                0x08000cd6                USBD_LL_ClearStallEP
 .text.USBD_LL_IsStallEP
                0x08000d14       0x58 ./Application/User/USB_Device/Target/usbd_conf.o
                0x08000d14                USBD_LL_IsStallEP
 .text.USBD_LL_SetUSBAddress
                0x08000d6c       0x3e ./Application/User/USB_Device/Target/usbd_conf.o
                0x08000d6c                USBD_LL_SetUSBAddress
 .text.USBD_LL_Transmit
                0x08000daa       0x42 ./Application/User/USB_Device/Target/usbd_conf.o
                0x08000daa                USBD_LL_Transmit
 .text.USBD_LL_PrepareReceive
                0x08000dec       0x42 ./Application/User/USB_Device/Target/usbd_conf.o
                0x08000dec                USBD_LL_PrepareReceive
 .text.USBD_LL_GetRxDataSize
                0x08000e2e       0x26 ./Application/User/USB_Device/Target/usbd_conf.o
                0x08000e2e                USBD_LL_GetRxDataSize
 .text.HAL_PCDEx_LPM_Callback
                0x08000e54       0x6c ./Application/User/USB_Device/Target/usbd_conf.o
                0x08000e54                HAL_PCDEx_LPM_Callback
 .text.USBD_static_malloc
                0x08000ec0       0x1c ./Application/User/USB_Device/Target/usbd_conf.o
                0x08000ec0                USBD_static_malloc
 .text.USBD_static_free
                0x08000edc       0x14 ./Application/User/USB_Device/Target/usbd_conf.o
                0x08000edc                USBD_static_free
 .text.SystemClockConfig_Resume
                0x08000ef0        0xc ./Application/User/USB_Device/Target/usbd_conf.o
 .text.USBD_Get_USB_Status
                0x08000efc       0x58 ./Application/User/USB_Device/Target/usbd_conf.o
 .text.SystemInit
                0x08000f54       0x24 ./Drivers/CMSIS/system_stm32g4xx.o
                0x08000f54                SystemInit
 .text.HAL_Init
                0x08000f78       0x30 ./Drivers/STM32G4xx_HAL_Driver/stm32g4xx_hal.o
                0x08000f78                HAL_Init
 .text.HAL_InitTick
                0x08000fa8       0x74 ./Drivers/STM32G4xx_HAL_Driver/stm32g4xx_hal.o
                0x08000fa8                HAL_InitTick
 .text.HAL_IncTick
                0x0800101c       0x24 ./Drivers/STM32G4xx_HAL_Driver/stm32g4xx_hal.o
                0x0800101c                HAL_IncTick
 .text.HAL_GetTick
                0x08001040       0x18 ./Drivers/STM32G4xx_HAL_Driver/stm32g4xx_hal.o
                0x08001040                HAL_GetTick
 .text.__NVIC_SetPriorityGrouping
                0x08001058       0x48 ./Drivers/STM32G4xx_HAL_Driver/stm32g4xx_hal_cortex.o
 .text.__NVIC_GetPriorityGrouping
                0x080010a0       0x1c ./Drivers/STM32G4xx_HAL_Driver/stm32g4xx_hal_cortex.o
 .text.__NVIC_EnableIRQ
                0x080010bc       0x3c ./Drivers/STM32G4xx_HAL_Driver/stm32g4xx_hal_cortex.o
 .text.__NVIC_SetPriority
                0x080010f8       0x54 ./Drivers/STM32G4xx_HAL_Driver/stm32g4xx_hal_cortex.o
 .text.NVIC_EncodePriority
                0x0800114c       0x66 ./Drivers/STM32G4xx_HAL_Driver/stm32g4xx_hal_cortex.o
 *fill*         0x080011b2        0x2 
 .text.SysTick_Config
                0x080011b4       0x44 ./Drivers/STM32G4xx_HAL_Driver/stm32g4xx_hal_cortex.o
 .text.HAL_NVIC_SetPriorityGrouping
                0x080011f8       0x16 ./Drivers/STM32G4xx_HAL_Driver/stm32g4xx_hal_cortex.o
                0x080011f8                HAL_NVIC_SetPriorityGrouping
 .text.HAL_NVIC_SetPriority
                0x0800120e       0x34 ./Drivers/STM32G4xx_HAL_Driver/stm32g4xx_hal_cortex.o
                0x0800120e                HAL_NVIC_SetPriority
 .text.HAL_NVIC_EnableIRQ
                0x08001242       0x1c ./Drivers/STM32G4xx_HAL_Driver/stm32g4xx_hal_cortex.o
                0x08001242                HAL_NVIC_EnableIRQ
 .text.HAL_SYSTICK_Config
                0x0800125e       0x18 ./Drivers/STM32G4xx_HAL_Driver/stm32g4xx_hal_cortex.o
                0x0800125e                HAL_SYSTICK_Config
 *fill*         0x08001276        0x2 
 .text.HAL_GPIO_Init
                0x08001278      0x318 ./Drivers/STM32G4xx_HAL_Driver/stm32g4xx_hal_gpio.o
                0x08001278                HAL_GPIO_Init
 .text.HAL_GPIO_ReadPin
                0x08001590       0x30 ./Drivers/STM32G4xx_HAL_Driver/stm32g4xx_hal_gpio.o
                0x08001590                HAL_GPIO_ReadPin
 .text.HAL_GPIO_WritePin
                0x080015c0       0x30 ./Drivers/STM32G4xx_HAL_Driver/stm32g4xx_hal_gpio.o
                0x080015c0                HAL_GPIO_WritePin
 .text.HAL_GPIO_EXTI_IRQHandler
                0x080015f0       0x30 ./Drivers/STM32G4xx_HAL_Driver/stm32g4xx_hal_gpio.o
                0x080015f0                HAL_GPIO_EXTI_IRQHandler
 .text.HAL_PCD_Init
                0x08001620      0x19c ./Drivers/STM32G4xx_HAL_Driver/stm32g4xx_hal_pcd.o
                0x08001620                HAL_PCD_Init
 .text.HAL_PCD_Start
                0x080017bc       0x44 ./Drivers/STM32G4xx_HAL_Driver/stm32g4xx_hal_pcd.o
                0x080017bc                HAL_PCD_Start
 .text.HAL_PCD_IRQHandler
                0x08001800      0x24e ./Drivers/STM32G4xx_HAL_Driver/stm32g4xx_hal_pcd.o
                0x08001800                HAL_PCD_IRQHandler
 .text.HAL_PCD_SetAddress
                0x08001a4e       0x48 ./Drivers/STM32G4xx_HAL_Driver/stm32g4xx_hal_pcd.o
                0x08001a4e                HAL_PCD_SetAddress
 .text.HAL_PCD_EP_Open
                0x08001a96       0xbe ./Drivers/STM32G4xx_HAL_Driver/stm32g4xx_hal_pcd.o
                0x08001a96                HAL_PCD_EP_Open
 .text.HAL_PCD_EP_Close
                0x08001b54       0x90 ./Drivers/STM32G4xx_HAL_Driver/stm32g4xx_hal_pcd.o
                0x08001b54                HAL_PCD_EP_Close
 .text.HAL_PCD_EP_Receive
                0x08001be4       0x62 ./Drivers/STM32G4xx_HAL_Driver/stm32g4xx_hal_pcd.o
                0x08001be4                HAL_PCD_EP_Receive
 .text.HAL_PCD_EP_GetRxCount
                0x08001c46       0x30 ./Drivers/STM32G4xx_HAL_Driver/stm32g4xx_hal_pcd.o
                0x08001c46                HAL_PCD_EP_GetRxCount
 .text.HAL_PCD_EP_Transmit
                0x08001c76       0x6e ./Drivers/STM32G4xx_HAL_Driver/stm32g4xx_hal_pcd.o
                0x08001c76                HAL_PCD_EP_Transmit
 .text.HAL_PCD_EP_SetStall
                0x08001ce4       0xa4 ./Drivers/STM32G4xx_HAL_Driver/stm32g4xx_hal_pcd.o
                0x08001ce4                HAL_PCD_EP_SetStall
 .text.HAL_PCD_EP_ClrStall
                0x08001d88       0xa8 ./Drivers/STM32G4xx_HAL_Driver/stm32g4xx_hal_pcd.o
                0x08001d88                HAL_PCD_EP_ClrStall
 .text.PCD_EP_ISR_Handler
                0x08001e30      0x71c ./Drivers/STM32G4xx_HAL_Driver/stm32g4xx_hal_pcd.o
 .text.HAL_PCD_EP_DB_Receive
                0x0800254c      0x212 ./Drivers/STM32G4xx_HAL_Driver/stm32g4xx_hal_pcd.o
 .text.HAL_PCD_EP_DB_Transmit
                0x0800275e      0x878 ./Drivers/STM32G4xx_HAL_Driver/stm32g4xx_hal_pcd.o
 .text.HAL_PCDEx_PMAConfig
                0x08002fd6       0x86 ./Drivers/STM32G4xx_HAL_Driver/stm32g4xx_hal_pcd_ex.o
                0x08002fd6                HAL_PCDEx_PMAConfig
 .text.HAL_PCDEx_ActivateLPM
                0x0800305c       0x54 ./Drivers/STM32G4xx_HAL_Driver/stm32g4xx_hal_pcd_ex.o
                0x0800305c                HAL_PCDEx_ActivateLPM
 .text.HAL_PWREx_ControlVoltageScaling
                0x080030b0      0x148 ./Drivers/STM32G4xx_HAL_Driver/stm32g4xx_hal_pwr_ex.o
                0x080030b0                HAL_PWREx_ControlVoltageScaling
 .text.HAL_PWREx_DisableUCPDDeadBattery
                0x080031f8       0x20 ./Drivers/STM32G4xx_HAL_Driver/stm32g4xx_hal_pwr_ex.o
                0x080031f8                HAL_PWREx_DisableUCPDDeadBattery
 .text.HAL_RCC_OscConfig
                0x08003218      0x624 ./Drivers/STM32G4xx_HAL_Driver/stm32g4xx_hal_rcc.o
                0x08003218                HAL_RCC_OscConfig
 .text.HAL_RCC_ClockConfig
                0x0800383c      0x278 ./Drivers/STM32G4xx_HAL_Driver/stm32g4xx_hal_rcc.o
                0x0800383c                HAL_RCC_ClockConfig
 .text.HAL_RCC_GetSysClockFreq
                0x08003ab4       0xc4 ./Drivers/STM32G4xx_HAL_Driver/stm32g4xx_hal_rcc.o
                0x08003ab4                HAL_RCC_GetSysClockFreq
 .text.RCC_GetSysClockFreqFromPLLSource
                0x08003b78       0x8c ./Drivers/STM32G4xx_HAL_Driver/stm32g4xx_hal_rcc.o
 .text.HAL_RCCEx_PeriphCLKConfig
                0x08003c04      0x49c ./Drivers/STM32G4xx_HAL_Driver/stm32g4xx_hal_rcc_ex.o
                0x08003c04                HAL_RCCEx_PeriphCLKConfig
 .text.USB_EnableGlobalInt
                0x080040a0       0x2e ./Drivers/STM32G4xx_HAL_Driver/stm32g4xx_ll_usb.o
                0x080040a0                USB_EnableGlobalInt
 .text.USB_DisableGlobalInt
                0x080040ce       0x36 ./Drivers/STM32G4xx_HAL_Driver/stm32g4xx_ll_usb.o
                0x080040ce                USB_DisableGlobalInt
 .text.USB_DevInit
                0x08004104       0x3c ./Drivers/STM32G4xx_HAL_Driver/stm32g4xx_ll_usb.o
                0x08004104                USB_DevInit
 .text.USB_ActivateEndpoint
                0x08004140      0x9d0 ./Drivers/STM32G4xx_HAL_Driver/stm32g4xx_ll_usb.o
                0x08004140                USB_ActivateEndpoint
 .text.USB_DeactivateEndpoint
                0x08004b10      0x3da ./Drivers/STM32G4xx_HAL_Driver/stm32g4xx_ll_usb.o
                0x08004b10                USB_DeactivateEndpoint
 .text.USB_EPStartXfer
                0x08004eea      0xb5e ./Drivers/STM32G4xx_HAL_Driver/stm32g4xx_ll_usb.o
                0x08004eea                USB_EPStartXfer
 .text.USB_EPSetStall
                0x08005a48       0xa2 ./Drivers/STM32G4xx_HAL_Driver/stm32g4xx_ll_usb.o
                0x08005a48                USB_EPSetStall
 .text.USB_EPClearStall
                0x08005aea      0x152 ./Drivers/STM32G4xx_HAL_Driver/stm32g4xx_ll_usb.o
                0x08005aea                USB_EPClearStall
 .text.USB_SetDevAddress
                0x08005c3c       0x28 ./Drivers/STM32G4xx_HAL_Driver/stm32g4xx_ll_usb.o
                0x08005c3c                USB_SetDevAddress
 .text.USB_DevConnect
                0x08005c64       0x2e ./Drivers/STM32G4xx_HAL_Driver/stm32g4xx_ll_usb.o
                0x08005c64                USB_DevConnect
 .text.USB_ReadInterrupts
                0x08005c92       0x20 ./Drivers/STM32G4xx_HAL_Driver/stm32g4xx_ll_usb.o
                0x08005c92                USB_ReadInterrupts
 .text.USB_WritePMA
                0x08005cb2       0x86 ./Drivers/STM32G4xx_HAL_Driver/stm32g4xx_ll_usb.o
                0x08005cb2                USB_WritePMA
 .text.USB_ReadPMA
                0x08005d38       0x98 ./Drivers/STM32G4xx_HAL_Driver/stm32g4xx_ll_usb.o
                0x08005d38                USB_ReadPMA
 .text.USBD_CDC_Init
                0x08005dd0       0xfe ./Middlewares/USB_Device_Library/usbd_cdc.o
 .text.USBD_CDC_DeInit
                0x08005ece       0x74 ./Middlewares/USB_Device_Library/usbd_cdc.o
 *fill*         0x08005f42        0x2 
 .text.USBD_CDC_Setup
                0x08005f44      0x190 ./Middlewares/USB_Device_Library/usbd_cdc.o
 .text.USBD_CDC_DataIn
                0x080060d4       0xca ./Middlewares/USB_Device_Library/usbd_cdc.o
 .text.USBD_CDC_DataOut
                0x0800619e       0x56 ./Middlewares/USB_Device_Library/usbd_cdc.o
 .text.USBD_CDC_EP0_RxReady
                0x080061f4       0x58 ./Middlewares/USB_Device_Library/usbd_cdc.o
 .text.USBD_CDC_GetFSCfgDesc
                0x0800624c       0x20 ./Middlewares/USB_Device_Library/usbd_cdc.o
 .text.USBD_CDC_GetHSCfgDesc
                0x0800626c       0x20 ./Middlewares/USB_Device_Library/usbd_cdc.o
 .text.USBD_CDC_GetOtherSpeedCfgDesc
                0x0800628c       0x20 ./Middlewares/USB_Device_Library/usbd_cdc.o
 .text.USBD_CDC_GetDeviceQualifierDescriptor
                0x080062ac       0x20 ./Middlewares/USB_Device_Library/usbd_cdc.o
                0x080062ac                USBD_CDC_GetDeviceQualifierDescriptor
 .text.USBD_CDC_RegisterInterface
                0x080062cc       0x2a ./Middlewares/USB_Device_Library/usbd_cdc.o
                0x080062cc                USBD_CDC_RegisterInterface
 .text.USBD_CDC_SetTxBuffer
                0x080062f6       0x3c ./Middlewares/USB_Device_Library/usbd_cdc.o
                0x080062f6                USBD_CDC_SetTxBuffer
 .text.USBD_CDC_SetRxBuffer
                0x08006332       0x32 ./Middlewares/USB_Device_Library/usbd_cdc.o
                0x08006332                USBD_CDC_SetRxBuffer
 .text.USBD_CDC_ReceivePacket
                0x08006364       0x54 ./Middlewares/USB_Device_Library/usbd_cdc.o
                0x08006364                USBD_CDC_ReceivePacket
 .text.USBD_Init
                0x080063b8       0x60 ./Middlewares/USB_Device_Library/usbd_core.o
                0x080063b8                USBD_Init
 .text.USBD_RegisterClass
                0x08006418       0x4e ./Middlewares/USB_Device_Library/usbd_core.o
                0x08006418                USBD_RegisterClass
 .text.USBD_Start
                0x08006466       0x18 ./Middlewares/USB_Device_Library/usbd_core.o
                0x08006466                USBD_Start
 .text.USBD_RunTestMode
                0x0800647e       0x16 ./Middlewares/USB_Device_Library/usbd_core.o
                0x0800647e                USBD_RunTestMode
 .text.USBD_SetClassConfig
                0x08006494       0x38 ./Middlewares/USB_Device_Library/usbd_core.o
                0x08006494                USBD_SetClassConfig
 .text.USBD_ClrClassConfig
                0x080064cc       0x30 ./Middlewares/USB_Device_Library/usbd_core.o
                0x080064cc                USBD_ClrClassConfig
 .text.USBD_LL_SetupStage
                0x080064fc       0xaa ./Middlewares/USB_Device_Library/usbd_core.o
                0x080064fc                USBD_LL_SetupStage
 .text.USBD_LL_DataOutStage
                0x080065a6       0xc6 ./Middlewares/USB_Device_Library/usbd_core.o
                0x080065a6                USBD_LL_DataOutStage
 .text.USBD_LL_DataInStage
                0x0800666c      0x12c ./Middlewares/USB_Device_Library/usbd_core.o
                0x0800666c                USBD_LL_DataInStage
 .text.USBD_LL_Reset
                0x08006798       0x9c ./Middlewares/USB_Device_Library/usbd_core.o
                0x08006798                USBD_LL_Reset
 .text.USBD_LL_SetSpeed
                0x08006834       0x20 ./Middlewares/USB_Device_Library/usbd_core.o
                0x08006834                USBD_LL_SetSpeed
 .text.USBD_LL_Suspend
                0x08006854       0x2c ./Middlewares/USB_Device_Library/usbd_core.o
                0x08006854                USBD_LL_Suspend
 .text.USBD_LL_Resume
                0x08006880       0x30 ./Middlewares/USB_Device_Library/usbd_core.o
                0x08006880                USBD_LL_Resume
 .text.USBD_LL_SOF
                0x080068b0       0x44 ./Middlewares/USB_Device_Library/usbd_core.o
                0x080068b0                USBD_LL_SOF
 .text.SWAPBYTE
                0x080068f4       0x3e ./Middlewares/USB_Device_Library/usbd_ctlreq.o
 *fill*         0x08006932        0x2 
 .text.USBD_StdDevReq
                0x08006934       0xdc ./Middlewares/USB_Device_Library/usbd_ctlreq.o
                0x08006934                USBD_StdDevReq
 .text.USBD_StdItfReq
                0x08006a10       0x92 ./Middlewares/USB_Device_Library/usbd_ctlreq.o
                0x08006a10                USBD_StdItfReq
 .text.USBD_StdEPReq
                0x08006aa2      0x2c4 ./Middlewares/USB_Device_Library/usbd_ctlreq.o
                0x08006aa2                USBD_StdEPReq
 *fill*         0x08006d66        0x2 
 .text.USBD_GetDescriptor
                0x08006d68      0x328 ./Middlewares/USB_Device_Library/usbd_ctlreq.o
 .text.USBD_SetAddress
                0x08007090       0x88 ./Middlewares/USB_Device_Library/usbd_ctlreq.o
 .text.USBD_SetConfig
                0x08007118      0x14c ./Middlewares/USB_Device_Library/usbd_ctlreq.o
 .text.USBD_GetConfig
                0x08007264       0x6c ./Middlewares/USB_Device_Library/usbd_ctlreq.o
 .text.USBD_GetStatus
                0x080072d0       0x68 ./Middlewares/USB_Device_Library/usbd_ctlreq.o
 .text.USBD_SetFeature
                0x08007338       0x28 ./Middlewares/USB_Device_Library/usbd_ctlreq.o
 .text.USBD_ClrFeature
                0x08007360       0x44 ./Middlewares/USB_Device_Library/usbd_ctlreq.o
 .text.USBD_ParseSetupRequest
                0x080073a4       0x74 ./Middlewares/USB_Device_Library/usbd_ctlreq.o
                0x080073a4                USBD_ParseSetupRequest
 .text.USBD_CtlError
                0x08007418       0x22 ./Middlewares/USB_Device_Library/usbd_ctlreq.o
                0x08007418                USBD_CtlError
 .text.USBD_GetString
                0x0800743a       0x8c ./Middlewares/USB_Device_Library/usbd_ctlreq.o
                0x0800743a                USBD_GetString
 .text.USBD_GetLen
                0x080074c6       0x34 ./Middlewares/USB_Device_Library/usbd_ctlreq.o
 .text.USBD_CtlSendData
                0x080074fa       0x36 ./Middlewares/USB_Device_Library/usbd_ioreq.o
                0x080074fa                USBD_CtlSendData
 .text.USBD_CtlContinueSendData
                0x08007530       0x22 ./Middlewares/USB_Device_Library/usbd_ioreq.o
                0x08007530                USBD_CtlContinueSendData
 .text.USBD_CtlPrepareRx
                0x08007552       0x3a ./Middlewares/USB_Device_Library/usbd_ioreq.o
                0x08007552                USBD_CtlPrepareRx
 .text.USBD_CtlContinueRx
                0x0800758c       0x22 ./Middlewares/USB_Device_Library/usbd_ioreq.o
                0x0800758c                USBD_CtlContinueRx
 .text.USBD_CtlSendStatus
                0x080075ae       0x26 ./Middlewares/USB_Device_Library/usbd_ioreq.o
                0x080075ae                USBD_CtlSendStatus
 .text.USBD_CtlReceiveStatus
                0x080075d4       0x26 ./Middlewares/USB_Device_Library/usbd_ioreq.o
                0x080075d4                USBD_CtlReceiveStatus
 .text.memset   0x080075fa       0x10 /opt/stm32cubeide/plugins/com.st.stm32cube.ide.mcu.externaltools.gnu-tools-for-stm32.14.3.rel1.linux64_1.0.100.202602081740/tools/bin/../lib/gcc/arm-none-eabi/14.3.1/../../../../arm-none-eabi/lib/thumb/v7e-m+fp/hard/libc_nano.a(libc_a-memset.o)
                0x080075fa                memset
 *fill*         0x0800760a        0x2 
 .text.__libc_init_array
                0x0800760c       0x48 /opt/stm32cubeide/plugins/com.st.stm32cube.ide.mcu.externaltools.gnu-tools-for-stm32.14.3.rel1.linux64_1.0.100.202602081740/tools/bin/../lib/gcc/arm-none-eabi/14.3.1/../../../../arm-none-eabi/lib/thumb/v7e-m+fp/hard/libc_nano.a(libc_a-init.o)
                0x0800760c                __libc_init_array
 *(.glue_7)
 .glue_7        0x08007654        0x0 linker stubs
 *(.glue_7t)
 .glue_7t       0x08007654        0x0 linker stubs
 *(.eh_frame)
 .eh_frame      0x08007654        0x0 /opt/stm32cubeide/plugins/com.st.stm32cube.ide.mcu.externaltools.gnu-tools-for-stm32.14.3.rel1.linux64_1.0.100.202602081740/tools/bin/../lib/gcc/arm-none-eabi/14.3.1/thumb/v7e-m+fp/hard/crtbegin.o
 *(.init)
 .init          0x08007654        0x4 /opt/stm32cubeide/plugins/com.st.stm32cube.ide.mcu.externaltools.gnu-tools-for-stm32.14.3.rel1.linux64_1.0.100.202602081740/tools/bin/../lib/gcc/arm-none-eabi/14.3.1/thumb/v7e-m+fp/hard/crti.o
                0x08007654                _init
 .init          0x08007658        0x8 /opt/stm32cubeide/plugins/com.st.stm32cube.ide.mcu.externaltools.gnu-tools-for-stm32.14.3.rel1.linux64_1.0.100.202602081740/tools/bin/../lib/gcc/arm-none-eabi/14.3.1/thumb/v7e-m+fp/hard/crtn.o
 *(.fini)
 .fini          0x08007660        0x4 /opt/stm32cubeide/plugins/com.st.stm32cube.ide.mcu.externaltools.gnu-tools-for-stm32.14.3.rel1.linux64_1.0.100.202602081740/tools/bin/../lib/gcc/arm-none-eabi/14.3.1/thumb/v7e-m+fp/hard/crti.o
                0x08007660                _fini
 .fini          0x08007664        0x8 /opt/stm32cubeide/plugins/com.st.stm32cube.ide.mcu.externaltools.gnu-tools-for-stm32.14.3.rel1.linux64_1.0.100.202602081740/tools/bin/../lib/gcc/arm-none-eabi/14.3.1/thumb/v7e-m+fp/hard/crtn.o
 *fill*         0x0800766c        0x4 
 .fini.__stub   0x08007670        0x8 linker stubs
                0x08007678                        . = ALIGN (0x4)
                0x08007678                        _etext = .

.vfp11_veneer   0x08007678        0x0
 .vfp11_veneer  0x08007678        0x0 linker stubs

.v4_bx          0x08007678        0x0
 .v4_bx         0x08007678        0x0 linker stubs

.iplt           0x08007678        0x0
 .iplt          0x08007678        0x0 /opt/stm32cubeide/plugins/com.st.stm32cube.ide.mcu.externaltools.gnu-tools-for-stm32.14.3.rel1.linux64_1.0.100.202602081740/tools/bin/../lib/gcc/arm-none-eabi/14.3.1/thumb/v7e-m+fp/hard/crtbegin.o

.rodata         0x08007678       0x58
                0x08007678                        . = ALIGN (0x4)
 *(.rodata)
 .rodata        0x08007678       0x46 ./Application/User/USB_Device/App/usbd_desc.o
 *(.rodata*)
 *fill*         0x080076be        0x2 
 .rodata.AHBPrescTable
                0x080076c0       0x10 ./Drivers/CMSIS/system_stm32g4xx.o
                0x080076c0                AHBPrescTable
                0x080076d0                        . = ALIGN (0x4)

.ARM.extab      0x080076d0        0x0
                0x080076d0                        . = ALIGN (0x4)
 *(.ARM.extab* .gnu.linkonce.armextab.*)
                0x080076d0                        . = ALIGN (0x4)

.ARM            0x080076d0        0x0
                0x080076d0                        . = ALIGN (0x4)
                0x080076d0                        __exidx_start = .
 *(.ARM.exidx*)
                0x080076d0                        __exidx_end = .
                0x080076d0                        . = ALIGN (0x4)

.preinit_array  0x080076d0        0x0
                0x080076d0                        . = ALIGN (0x4)
                0x080076d0                        PROVIDE (__preinit_array_start = .)
 *(.preinit_array*)
                0x080076d0                        PROVIDE (__preinit_array_end = .)
                0x080076d0                        . = ALIGN (0x4)

.init_array     0x080076d0        0x4
                0x080076d0                        . = ALIGN (0x4)
                0x080076d0                        PROVIDE (__init_array_start = .)
 *(SORT_BY_NAME(.init_array.*))
 *(.init_array*)
 .init_array    0x080076d0        0x4 /opt/stm32cubeide/plugins/com.st.stm32cube.ide.mcu.externaltools.gnu-tools-for-stm32.14.3.rel1.linux64_1.0.100.202602081740/tools/bin/../lib/gcc/arm-none-eabi/14.3.1/thumb/v7e-m+fp/hard/crtbegin.o
                0x080076d4                        PROVIDE (__init_array_end = .)
                0x080076d4                        . = ALIGN (0x4)

.fini_array     0x080076d4        0x4
                0x080076d4                        . = ALIGN (0x4)
                [!provide]                        PROVIDE (__fini_array_start = .)
 *(SORT_BY_NAME(.fini_array.*))
 *(.fini_array*)
 .fini_array    0x080076d4        0x4 /opt/stm32cubeide/plugins/com.st.stm32cube.ide.mcu.externaltools.gnu-tools-for-stm32.14.3.rel1.linux64_1.0.100.202602081740/tools/bin/../lib/gcc/arm-none-eabi/14.3.1/thumb/v7e-m+fp/hard/crtbegin.o
                [!provide]                        PROVIDE (__fini_array_end = .)
                0x080076d8                        . = ALIGN (0x4)
                0x080076d8                        _sidata = LOADADDR (.data)

.rel.dyn        0x080076d8        0x0
 .rel.iplt      0x080076d8        0x0 /opt/stm32cubeide/plugins/com.st.stm32cube.ide.mcu.externaltools.gnu-tools-for-stm32.14.3.rel1.linux64_1.0.100.202602081740/tools/bin/../lib/gcc/arm-none-eabi/14.3.1/thumb/v7e-m+fp/hard/crtbegin.o

.data           0x20000000      0x2f8 load address 0x080076d8
                0x20000000                        . = ALIGN (0x4)
                0x20000000                        _sdata = .
 *(.data)
 *(.data*)
 .data.USBD_Interface_fops_FS
                0x20000000       0x14 ./Application/User/USB_Device/App/usbd_cdc_if.o
                0x20000000                USBD_Interface_fops_FS
 .data.CDC_Desc
                0x20000014       0x20 ./Application/User/USB_Device/App/usbd_desc.o
                0x20000014                CDC_Desc
 .data.USBD_CDC_DeviceDesc
                0x20000034       0x12 ./Application/User/USB_Device/App/usbd_desc.o
                0x20000034                USBD_CDC_DeviceDesc
 *fill*         0x20000046        0x2 
 .data.USBD_LangIDDesc
                0x20000048        0x4 ./Application/User/USB_Device/App/usbd_desc.o
                0x20000048                USBD_LangIDDesc
 .data.USBD_StringSerial
                0x2000004c       0x1a ./Application/User/USB_Device/App/usbd_desc.o
                0x2000004c                USBD_StringSerial
 *fill*         0x20000066        0x2 
 .data.SystemCoreClock
                0x20000068        0x4 ./Drivers/CMSIS/system_stm32g4xx.o
                0x20000068                SystemCoreClock
 .data.uwTickPrio
                0x2000006c        0x4 ./Drivers/STM32G4xx_HAL_Driver/stm32g4xx_hal.o
                0x2000006c                uwTickPrio
 .data.uwTickFreq
                0x20000070        0x4 ./Drivers/STM32G4xx_HAL_Driver/stm32g4xx_hal.o
                0x20000070                uwTickFreq
 .data.USBD_CDC_DeviceQualifierDesc
                0x20000074        0xa ./Middlewares/USB_Device_Library/usbd_cdc.o
 *fill*         0x2000007e        0x2 
 .data.USBD_CDC
                0x20000080       0x38 ./Middlewares/USB_Device_Library/usbd_cdc.o
                0x20000080                USBD_CDC
 .data.USBD_CDC_CfgHSDesc
                0x200000b8       0x43 ./Middlewares/USB_Device_Library/usbd_cdc.o
 *fill*         0x200000fb        0x1 
 .data.USBD_CDC_CfgFSDesc
                0x200000fc       0x43 ./Middlewares/USB_Device_Library/usbd_cdc.o
 *fill*         0x2000013f        0x1 
 .data.USBD_CDC_OtherSpeedCfgDesc
                0x20000140       0x43 ./Middlewares/USB_Device_Library/usbd_cdc.o
 *(.RamFunc)
 *fill*         0x20000183        0x1 
 .RamFunc       0x20000184      0x174 ./Application/User/Core/main.o
                0x20000184                HAL_GPIO_EXTI_Callback
 *(.RamFunc*)
                0x200002f8                        . = ALIGN (0x4)
                0x200002f8                        _edata = .

.igot.plt       0x200002f8        0x0 load address 0x080079d0
 .igot.plt      0x200002f8        0x0 /opt/stm32cubeide/plugins/com.st.stm32cube.ide.mcu.externaltools.gnu-tools-for-stm32.14.3.rel1.linux64_1.0.100.202602081740/tools/bin/../lib/gcc/arm-none-eabi/14.3.1/thumb/v7e-m+fp/hard/crtbegin.o
                0x200002f8                        . = ALIGN (0x4)

.bss            0x200002f8     0x71f8 load address 0x080079d0
                0x200002f8                        _sbss = .
                0x200002f8                        __bss_start__ = _sbss
 *(.bss)
 .bss           0x200002f8       0x1c /opt/stm32cubeide/plugins/com.st.stm32cube.ide.mcu.externaltools.gnu-tools-for-stm32.14.3.rel1.linux64_1.0.100.202602081740/tools/bin/../lib/gcc/arm-none-eabi/14.3.1/thumb/v7e-m+fp/hard/crtbegin.o
 *(.bss*)
 .bss.RX5       0x20000314        0x1 ./Application/User/Core/main.o
 *fill*         0x20000315        0x3 
 .bss.exti_handler
                0x20000318        0x4 ./Application/User/Core/main.o
 .bss.ram1_data
                0x2000031c     0x2000 ./Application/User/Core/main.o
 .bss.ram2_data
                0x2000231c     0x2000 ./Application/User/Core/main.o
 .bss.ram3_data
                0x2000431c     0x2000 ./Application/User/Core/main.o
 .bss.hUsbDeviceFS
                0x2000631c      0x2d0 ./Application/User/USB_Device/App/usb_device.o
                0x2000631c                hUsbDeviceFS
 .bss.UserRxBufferFS
                0x200065ec      0x400 ./Application/User/USB_Device/App/usbd_cdc_if.o
                0x200065ec                UserRxBufferFS
 .bss.UserTxBufferFS
                0x200069ec      0x400 ./Application/User/USB_Device/App/usbd_cdc_if.o
                0x200069ec                UserTxBufferFS
 .bss.USBD_StrDesc
                0x20006dec      0x200 ./Application/User/USB_Device/App/usbd_desc.o
                0x20006dec                USBD_StrDesc
 .bss.hpcd_USB_FS
                0x20006fec      0x2dc ./Application/User/USB_Device/Target/usbd_conf.o
                0x20006fec                hpcd_USB_FS
 .bss.mem.0     0x200072c8      0x220 ./Application/User/USB_Device/Target/usbd_conf.o
 .bss.uwTick    0x200074e8        0x4 ./Drivers/STM32G4xx_HAL_Driver/stm32g4xx_hal.o
                0x200074e8                uwTick
 .bss.cfgidx.0  0x200074ec        0x1 ./Middlewares/USB_Device_Library/usbd_ctlreq.o
 *(COMMON)
                0x200074f0                        . = ALIGN (0x4)
 *fill*         0x200074ed        0x3 
                0x200074f0                        _ebss = .
                0x200074f0                        __bss_end__ = _ebss

._user_heap_stack
                0x200074f0      0x600 load address 0x080079d0
                0x200074f0                        . = ALIGN (0x8)
                [!provide]                        PROVIDE (end = .)
                0x200074f0                        PROVIDE (_end = .)
                0x200076f0                        . = (. + _Min_Heap_Size)
 *fill*         0x200074f0      0x200 
                0x20007af0                        . = (. + _Min_Stack_Size)
 *fill*         0x200076f0      0x400 
                0x20007af0                        . = ALIGN (0x8)

/DISCARD/
 libc.a(*)
 libm.a(*)
 libgcc.a(*)

.ARM.attributes
                0x00000000       0x30
 *(.ARM.attributes)
 .ARM.attributes
                0x00000000       0x22 /opt/stm32cubeide/plugins/com.st.stm32cube.ide.mcu.externaltools.gnu-tools-for-stm32.14.3.rel1.linux64_1.0.100.202602081740/tools/bin/../lib/gcc/arm-none-eabi/14.3.1/thumb/v7e-m+fp/hard/crti.o
 .ARM.attributes
                0x00000022       0x34 /opt/stm32cubeide/plugins/com.st.stm32cube.ide.mcu.externaltools.gnu-tools-for-stm32.14.3.rel1.linux64_1.0.100.202602081740/tools/bin/../lib/gcc/arm-none-eabi/14.3.1/thumb/v7e-m+fp/hard/crtbegin.o
 .ARM.attributes
                0x00000056       0x34 ./Application/User/Core/main.o
 .ARM.attributes
                0x0000008a       0x34 ./Application/User/Core/stm32g4xx_hal_msp.o
 .ARM.attributes
                0x000000be       0x34 ./Application/User/Core/stm32g4xx_it.o
 .ARM.attributes
                0x000000f2       0x21 ./Application/User/Startup/startup_stm32g474cetx.o
 .ARM.attributes
                0x00000113       0x34 ./Application/User/USB_Device/App/usb_device.o
 .ARM.attributes
                0x00000147       0x34 ./Application/User/USB_Device/App/usbd_cdc_if.o
 .ARM.attributes
                0x0000017b       0x34 ./Application/User/USB_Device/App/usbd_desc.o
 .ARM.attributes
                0x000001af       0x34 ./Application/User/USB_Device/Target/usbd_conf.o
 .ARM.attributes
                0x000001e3       0x34 ./Drivers/CMSIS/system_stm32g4xx.o
 .ARM.attributes
                0x00000217       0x34 ./Drivers/STM32G4xx_HAL_Driver/stm32g4xx_hal.o
 .ARM.attributes
                0x0000024b       0x34 ./Drivers/STM32G4xx_HAL_Driver/stm32g4xx_hal_cortex.o
 .ARM.attributes
                0x0000027f       0x34 ./Drivers/STM32G4xx_HAL_Driver/stm32g4xx_hal_gpio.o
 .ARM.attributes
                0x000002b3       0x34 ./Drivers/STM32G4xx_HAL_Driver/stm32g4xx_hal_pcd.o
 .ARM.attributes
                0x000002e7       0x34 ./Drivers/STM32G4xx_HAL_Driver/stm32g4xx_hal_pcd_ex.o
 .ARM.attributes
                0x0000031b       0x34 ./Drivers/STM32G4xx_HAL_Driver/stm32g4xx_hal_pwr_ex.o
 .ARM.attributes
                0x0000034f       0x34 ./Drivers/STM32G4xx_HAL_Driver/stm32g4xx_hal_rcc.o
 .ARM.attributes
                0x00000383       0x34 ./Drivers/STM32G4xx_HAL_Driver/stm32g4xx_hal_rcc_ex.o
 .ARM.attributes
                0x000003b7       0x34 ./Drivers/STM32G4xx_HAL_Driver/stm32g4xx_ll_usb.o
 .ARM.attributes
                0x000003eb       0x34 ./Middlewares/USB_Device_Library/usbd_cdc.o
 .ARM.attributes
                0x0000041f       0x34 ./Middlewares/USB_Device_Library/usbd_core.o
 .ARM.attributes
                0x00000453       0x34 ./Middlewares/USB_Device_Library/usbd_ctlreq.o
 .ARM.attributes
                0x00000487       0x34 ./Middlewares/USB_Device_Library/usbd_ioreq.o
 .ARM.attributes
                0x000004bb       0x34 /opt/stm32cubeide/plugins/com.st.stm32cube.ide.mcu.externaltools.gnu-tools-for-stm32.14.3.rel1.linux64_1.0.100.202602081740/tools/bin/../lib/gcc/arm-none-eabi/14.3.1/../../../../arm-none-eabi/lib/thumb/v7e-m+fp/hard/libc_nano.a(libc_a-memset.o)
 .ARM.attributes
                0x000004ef       0x34 /opt/stm32cubeide/plugins/com.st.stm32cube.ide.mcu.externaltools.gnu-tools-for-stm32.14.3.rel1.linux64_1.0.100.202602081740/tools/bin/../lib/gcc/arm-none-eabi/14.3.1/../../../../arm-none-eabi/lib/thumb/v7e-m+fp/hard/libc_nano.a(libc_a-init.o)
 .ARM.attributes
                0x00000523       0x22 /opt/stm32cubeide/plugins/com.st.stm32cube.ide.mcu.externaltools.gnu-tools-for-stm32.14.3.rel1.linux64_1.0.100.202602081740/tools/bin/../lib/gcc/arm-none-eabi/14.3.1/thumb/v7e-m+fp/hard/crtn.o
OUTPUT(RXProg-firmware.elf elf32-littlearm)
LOAD linker stubs
LOAD /opt/stm32cubeide/plugins/com.st.stm32cube.ide.mcu.externaltools.gnu-tools-for-stm32.14.3.rel1.linux64_1.0.100.202602081740/tools/bin/../lib/gcc/arm-none-eabi/14.3.1/../../../../arm-none-eabi/lib/thumb/v7e-m+fp/hard/libc.a
LOAD /opt/stm32cubeide/plugins/com.st.stm32cube.ide.mcu.externaltools.gnu-tools-for-stm32.14.3.rel1.linux64_1.0.100.202602081740/tools/bin/../lib/gcc/arm-none-eabi/14.3.1/../../../../arm-none-eabi/lib/thumb/v7e-m+fp/hard/libm.a
LOAD /opt/stm32cubeide/plugins/com.st.stm32cube.ide.mcu.externaltools.gnu-tools-for-stm32.14.3.rel1.linux64_1.0.100.202602081740/tools/bin/../lib/gcc/arm-none-eabi/14.3.1/thumb/v7e-m+fp/hard/libgcc.a

.debug_info     0x00000000     0xefc8
 .debug_info    0x00000000      0xafd ./Application/User/Core/main.o
 .debug_info    0x00000afd      0x2da ./Application/User/Core/stm32g4xx_hal_msp.o
 .debug_info    0x00000dd7      0x655 ./Application/User/Core/stm32g4xx_it.o
 .debug_info    0x0000142c       0x30 ./Application/User/Startup/startup_stm32g474cetx.o
 .debug_info    0x0000145c      0x6d7 ./Application/User/USB_Device/App/usb_device.o
 .debug_info    0x00001b33      0x8be ./Application/User/USB_Device/App/usbd_cdc_if.o
 .debug_info    0x000023f1      0x45f ./Application/User/USB_Device/App/usbd_desc.o
 .debug_info    0x00002850     0x1daf ./Application/User/USB_Device/Target/usbd_conf.o
 .debug_info    0x000045ff      0x58e ./Drivers/CMSIS/system_stm32g4xx.o
 .debug_info    0x00004b8d      0xb95 ./Drivers/STM32G4xx_HAL_Driver/stm32g4xx_hal.o
 .debug_info    0x00005722      0xdf9 ./Drivers/STM32G4xx_HAL_Driver/stm32g4xx_hal_cortex.o
 .debug_info    0x0000651b      0x772 ./Drivers/STM32G4xx_HAL_Driver/stm32g4xx_hal_gpio.o
 .debug_info    0x00006c8d     0x166a ./Drivers/STM32G4xx_HAL_Driver/stm32g4xx_hal_pcd.o
 .debug_info    0x000082f7      0x80a ./Drivers/STM32G4xx_HAL_Driver/stm32g4xx_hal_pcd_ex.o
 .debug_info    0x00008b01      0x944 ./Drivers/STM32G4xx_HAL_Driver/stm32g4xx_hal_pwr_ex.o
 .debug_info    0x00009445      0xbf9 ./Drivers/STM32G4xx_HAL_Driver/stm32g4xx_hal_rcc.o
 .debug_info    0x0000a03e      0xc5d ./Drivers/STM32G4xx_HAL_Driver/stm32g4xx_hal_rcc_ex.o
 .debug_info    0x0000ac9b     0x1577 ./Drivers/STM32G4xx_HAL_Driver/stm32g4xx_ll_usb.o
 .debug_info    0x0000c212     0x1124 ./Middlewares/USB_Device_Library/usbd_cdc.o
 .debug_info    0x0000d336      0xb1b ./Middlewares/USB_Device_Library/usbd_core.o
 .debug_info    0x0000de51      0xa57 ./Middlewares/USB_Device_Library/usbd_ctlreq.o
 .debug_info    0x0000e8a8      0x720 ./Middlewares/USB_Device_Library/usbd_ioreq.o

.debug_abbrev   0x00000000     0x2ee3
 .debug_abbrev  0x00000000      0x2a0 ./Application/User/Core/main.o
 .debug_abbrev  0x000002a0       0xd9 ./Application/User/Core/stm32g4xx_hal_msp.o
 .debug_abbrev  0x00000379      0x192 ./Application/User/Core/stm32g4xx_it.o
 .debug_abbrev  0x0000050b       0x24 ./Application/User/Startup/startup_stm32g474cetx.o
 .debug_abbrev  0x0000052f      0x1a4 ./Application/User/USB_Device/App/usb_device.o
 .debug_abbrev  0x000006d3      0x2ad ./Application/User/USB_Device/App/usbd_cdc_if.o
 .debug_abbrev  0x00000980      0x20e ./Application/User/USB_Device/App/usbd_desc.o
 .debug_abbrev  0x00000b8e      0x32c ./Application/User/USB_Device/Target/usbd_conf.o
 .debug_abbrev  0x00000eba      0x11a ./Drivers/CMSIS/system_stm32g4xx.o
 .debug_abbrev  0x00000fd4      0x271 ./Drivers/STM32G4xx_HAL_Driver/stm32g4xx_hal.o
 .debug_abbrev  0x00001245      0x31c ./Drivers/STM32G4xx_HAL_Driver/stm32g4xx_hal_cortex.o
 .debug_abbrev  0x00001561      0x1d2 ./Drivers/STM32G4xx_HAL_Driver/stm32g4xx_hal_gpio.o
 .debug_abbrev  0x00001733      0x2b9 ./Drivers/STM32G4xx_HAL_Driver/stm32g4xx_hal_pcd.o
 .debug_abbrev  0x000019ec      0x228 ./Drivers/STM32G4xx_HAL_Driver/stm32g4xx_hal_pcd_ex.o
 .debug_abbrev  0x00001c14      0x22c ./Drivers/STM32G4xx_HAL_Driver/stm32g4xx_hal_pwr_ex.o
 .debug_abbrev  0x00001e40      0x2c9 ./Drivers/STM32G4xx_HAL_Driver/stm32g4xx_hal_rcc.o
 .debug_abbrev  0x00002109      0x261 ./Drivers/STM32G4xx_HAL_Driver/stm32g4xx_hal_rcc_ex.o
 .debug_abbrev  0x0000236a      0x247 ./Drivers/STM32G4xx_HAL_Driver/stm32g4xx_ll_usb.o
 .debug_abbrev  0x000025b1      0x2bc ./Middlewares/USB_Device_Library/usbd_cdc.o
 .debug_abbrev  0x0000286d      0x24f ./Middlewares/USB_Device_Library/usbd_core.o
 .debug_abbrev  0x00002abc      0x27e ./Middlewares/USB_Device_Library/usbd_ctlreq.o
 .debug_abbrev  0x00002d3a      0x1a9 ./Middlewares/USB_Device_Library/usbd_ioreq.o

.debug_aranges  0x00000000      0xce8
 .debug_aranges
                0x00000000       0x50 ./Application/User/Core/main.o
 .debug_aranges
                0x00000050       0x20 ./Application/User/Core/stm32g4xx_hal_msp.o
 .debug_aranges
                0x00000070       0x70 ./Application/User/Core/stm32g4xx_it.o
 .debug_aranges
                0x000000e0       0x28 ./Application/User/Startup/startup_stm32g474cetx.o
 .debug_aranges
                0x00000108       0x20 ./Application/User/USB_Device/App/usb_device.o
 .debug_aranges
                0x00000128       0x48 ./Application/User/USB_Device/App/usbd_cdc_if.o
 .debug_aranges
                0x00000170       0x60 ./Application/User/USB_Device/App/usbd_desc.o
 .debug_aranges
                0x000001d0      0x120 ./Application/User/USB_Device/Target/usbd_conf.o
 .debug_aranges
                0x000002f0       0x28 ./Drivers/CMSIS/system_stm32g4xx.o
 .debug_aranges
                0x00000318      0x148 ./Drivers/STM32G4xx_HAL_Driver/stm32g4xx_hal.o
 .debug_aranges
                0x00000460      0x128 ./Drivers/STM32G4xx_HAL_Driver/stm32g4xx_hal_cortex.o
 .debug_aranges
                0x00000588       0x58 ./Drivers/STM32G4xx_HAL_Driver/stm32g4xx_hal_gpio.o
 .debug_aranges
                0x000005e0      0x138 ./Drivers/STM32G4xx_HAL_Driver/stm32g4xx_hal_pcd.o
 .debug_aranges
                0x00000718       0x58 ./Drivers/STM32G4xx_HAL_Driver/stm32g4xx_hal_pcd_ex.o
 .debug_aranges
                0x00000770      0x140 ./Drivers/STM32G4xx_HAL_Driver/stm32g4xx_hal_pwr_ex.o
 .debug_aranges
                0x000008b0       0x98 ./Drivers/STM32G4xx_HAL_Driver/stm32g4xx_hal_rcc.o
 .debug_aranges
                0x00000948       0xb0 ./Drivers/STM32G4xx_HAL_Driver/stm32g4xx_hal_rcc_ex.o
 .debug_aranges
                0x000009f8       0xc8 ./Drivers/STM32G4xx_HAL_Driver/stm32g4xx_ll_usb.o
 .debug_aranges
                0x00000ac0       0x90 ./Middlewares/USB_Device_Library/usbd_cdc.o
 .debug_aranges
                0x00000b50       0xb8 ./Middlewares/USB_Device_Library/usbd_core.o
 .debug_aranges
                0x00000c08       0x90 ./Middlewares/USB_Device_Library/usbd_ctlreq.o
 .debug_aranges
                0x00000c98       0x50 ./Middlewares/USB_Device_Library/usbd_ioreq.o

.debug_rnglists
                0x00000000      0x980
 .debug_rnglists
                0x00000000       0x3b ./Application/User/Core/main.o
 .debug_rnglists
                0x0000003b       0x13 ./Application/User/Core/stm32g4xx_hal_msp.o
 .debug_rnglists
                0x0000004e       0x4f ./Application/User/Core/stm32g4xx_it.o
 .debug_rnglists
                0x0000009d       0x19 ./Application/User/Startup/startup_stm32g474cetx.o
 .debug_rnglists
                0x000000b6       0x13 ./Application/User/USB_Device/App/usb_device.o
 .debug_rnglists
                0x000000c9       0x32 ./Application/User/USB_Device/App/usbd_cdc_if.o
 .debug_rnglists
                0x000000fb       0x43 ./Application/User/USB_Device/App/usbd_desc.o
 .debug_rnglists
                0x0000013e       0xd4 ./Application/User/USB_Device/Target/usbd_conf.o
 .debug_rnglists
                0x00000212       0x1a ./Drivers/CMSIS/system_stm32g4xx.o
 .debug_rnglists
                0x0000022c       0xf1 ./Drivers/STM32G4xx_HAL_Driver/stm32g4xx_hal.o
 .debug_rnglists
                0x0000031d       0xda ./Drivers/STM32G4xx_HAL_Driver/stm32g4xx_hal_cortex.o
 .debug_rnglists
                0x000003f7       0x3f ./Drivers/STM32G4xx_HAL_Driver/stm32g4xx_hal_gpio.o
 .debug_rnglists
                0x00000436       0xee ./Drivers/STM32G4xx_HAL_Driver/stm32g4xx_hal_pcd.o
 .debug_rnglists
                0x00000524       0x3f ./Drivers/STM32G4xx_HAL_Driver/stm32g4xx_hal_pcd_ex.o
 .debug_rnglists
                0x00000563       0xf1 ./Drivers/STM32G4xx_HAL_Driver/stm32g4xx_hal_pwr_ex.o
 .debug_rnglists
                0x00000654       0x74 ./Drivers/STM32G4xx_HAL_Driver/stm32g4xx_hal_rcc.o
 .debug_rnglists
                0x000006c8       0x87 ./Drivers/STM32G4xx_HAL_Driver/stm32g4xx_hal_rcc_ex.o
 .debug_rnglists
                0x0000074f       0x99 ./Drivers/STM32G4xx_HAL_Driver/stm32g4xx_ll_usb.o
 .debug_rnglists
                0x000007e8       0x6a ./Middlewares/USB_Device_Library/usbd_cdc.o
 .debug_rnglists
                0x00000852       0x89 ./Middlewares/USB_Device_Library/usbd_core.o
 .debug_rnglists
                0x000008db       0x6e ./Middlewares/USB_Device_Library/usbd_ctlreq.o
 .debug_rnglists
                0x00000949       0x37 ./Middlewares/USB_Device_Library/usbd_ioreq.o

.debug_macro    0x00000000    0x26bcc
 .debug_macro   0x00000000      0x349 ./Application/User/Core/main.o
 .debug_macro   0x00000349      0xad8 ./Application/User/Core/main.o
 .debug_macro   0x00000e21      0x155 ./Application/User/Core/main.o
 .debug_macro   0x00000f76       0x2e ./Application/User/Core/main.o
 .debug_macro   0x00000fa4       0x28 ./Application/User/Core/main.o
 .debug_macro   0x00000fcc       0x22 ./Application/User/Core/main.o
 .debug_macro   0x00000fee       0x8e ./Application/User/Core/main.o
 .debug_macro   0x0000107c       0x51 ./Application/User/Core/main.o
 .debug_macro   0x000010cd      0x103 ./Application/User/Core/main.o
 .debug_macro   0x000011d0       0x6a ./Application/User/Core/main.o
 .debug_macro   0x0000123a      0x1df ./Application/User/Core/main.o
 .debug_macro   0x00001419       0x1c ./Application/User/Core/main.o
 .debug_macro   0x00001435       0x22 ./Application/User/Core/main.o
 .debug_macro   0x00001457       0xfb ./Application/User/Core/main.o
 .debug_macro   0x00001552     0x1011 ./Application/User/Core/main.o
 .debug_macro   0x00002563      0x11f ./Application/User/Core/main.o
 .debug_macro   0x00002682    0x18b8c ./Application/User/Core/main.o
 .debug_macro   0x0001b20e       0x6d ./Application/User/Core/main.o
 .debug_macro   0x0001b27b     0x3558 ./Application/User/Core/main.o
 .debug_macro   0x0001e7d3      0x190 ./Application/User/Core/main.o
 .debug_macro   0x0001e963       0x5c ./Application/User/Core/main.o
 .debug_macro   0x0001e9bf     0x171f ./Application/User/Core/main.o
 .debug_macro   0x000200de      0x600 ./Application/User/Core/main.o
 .debug_macro   0x000206de      0x1b6 ./Application/User/Core/main.o
 .debug_macro   0x00020894      0x34a ./Application/User/Core/main.o
 .debug_macro   0x00020bde      0x53c ./Application/User/Core/main.o
 .debug_macro   0x0002111a      0x18b ./Application/User/Core/main.o
 .debug_macro   0x000212a5       0x43 ./Application/User/Core/main.o
 .debug_macro   0x000212e8      0x23d ./Application/User/Core/main.o
 .debug_macro   0x00021525      0x211 ./Application/User/Core/main.o
 .debug_macro   0x00021736      0x45c ./Application/User/Core/main.o
 .debug_macro   0x00021b92      0x11c ./Application/User/Core/main.o
 .debug_macro   0x00021cae       0x73 ./Application/User/Core/main.o
 .debug_macro   0x00021d21      0x234 ./Application/User/Core/main.o
 .debug_macro   0x00021f55      0x122 ./Application/User/Core/main.o
 .debug_macro   0x00022077      0x3d1 ./Application/User/Core/main.o
 .debug_macro   0x00022448      0x358 ./Application/User/Core/main.o
 .debug_macro   0x000227a0      0x17e ./Application/User/Core/main.o
 .debug_macro   0x0002291e       0x61 ./Application/User/Core/main.o
 .debug_macro   0x0002297f       0x2a ./Application/User/Core/main.o
 .debug_macro   0x000229a9       0x43 ./Application/User/Core/main.o
 .debug_macro   0x000229ec       0x34 ./Application/User/Core/main.o
 .debug_macro   0x00022a20       0x16 ./Application/User/Core/main.o
 .debug_macro   0x00022a36       0x3c ./Application/User/Core/main.o
 .debug_macro   0x00022a72      0x364 ./Application/User/Core/main.o
 .debug_macro   0x00022dd6       0x10 ./Application/User/Core/main.o
 .debug_macro   0x00022de6       0x16 ./Application/User/Core/main.o
 .debug_macro   0x00022dfc       0x4a ./Application/User/Core/main.o
 .debug_macro   0x00022e46       0x34 ./Application/User/Core/main.o
 .debug_macro   0x00022e7a       0x10 ./Application/User/Core/main.o
 .debug_macro   0x00022e8a       0x58 ./Application/User/Core/main.o
 .debug_macro   0x00022ee2       0x8e ./Application/User/Core/main.o
 .debug_macro   0x00022f70       0x1c ./Application/User/Core/main.o
 .debug_macro   0x00022f8c      0x17e ./Application/User/Core/main.o
 .debug_macro   0x0002310a       0x16 ./Application/User/Core/main.o
 .debug_macro   0x00023120       0x16 ./Application/User/Core/main.o
 .debug_macro   0x00023136      0x146 ./Application/User/Core/main.o
 .debug_macro   0x0002327c       0x16 ./Application/User/Core/main.o
 .debug_macro   0x00023292       0x16 ./Application/User/Core/main.o
 .debug_macro   0x000232a8       0x29 ./Application/User/Core/main.o
 .debug_macro   0x000232d1       0x16 ./Application/User/Core/main.o
 .debug_macro   0x000232e7       0x20 ./Application/User/Core/main.o
 .debug_macro   0x00023307       0x5f ./Application/User/Core/main.o
 .debug_macro   0x00023366      0x1ef ./Application/User/Core/main.o
 .debug_macro   0x00023555      0x1d9 ./Application/User/Core/stm32g4xx_hal_msp.o
 .debug_macro   0x0002372e      0x1e3 ./Application/User/Core/stm32g4xx_it.o
 .debug_macro   0x00023911      0x37f ./Application/User/USB_Device/App/usb_device.o
 .debug_macro   0x00023c90       0x22 ./Application/User/USB_Device/App/usb_device.o
 .debug_macro   0x00023cb2       0x95 ./Application/User/USB_Device/App/usb_device.o
 .debug_macro   0x00023d47       0x16 ./Application/User/USB_Device/App/usb_device.o
 .debug_macro   0x00023d5d      0x364 ./Application/User/USB_Device/App/usbd_cdc_if.o
 .debug_macro   0x000240c1       0x9e ./Application/User/USB_Device/App/usbd_cdc_if.o
 .debug_macro   0x0002415f      0x112 ./Application/User/USB_Device/App/usbd_cdc_if.o
 .debug_macro   0x00024271       0x56 ./Application/User/USB_Device/App/usbd_cdc_if.o
 .debug_macro   0x000242c7       0x10 ./Application/User/USB_Device/App/usbd_cdc_if.o
 .debug_macro   0x000242d7      0x37d ./Application/User/USB_Device/App/usbd_desc.o
 .debug_macro   0x00024654      0x1f5 ./Application/User/USB_Device/App/usbd_desc.o
 .debug_macro   0x00024849       0x1c ./Application/User/USB_Device/App/usbd_desc.o
 .debug_macro   0x00024865      0x363 ./Application/User/USB_Device/Target/usbd_conf.o
 .debug_macro   0x00024bc8      0x1ca ./Drivers/CMSIS/system_stm32g4xx.o
 .debug_macro   0x00024d92      0x218 ./Drivers/STM32G4xx_HAL_Driver/stm32g4xx_hal.o
 .debug_macro   0x00024faa      0x1ca ./Drivers/STM32G4xx_HAL_Driver/stm32g4xx_hal_cortex.o
 .debug_macro   0x00025174      0x1d1 ./Drivers/STM32G4xx_HAL_Driver/stm32g4xx_hal_gpio.o
 .debug_macro   0x00025345      0x1d6 ./Drivers/STM32G4xx_HAL_Driver/stm32g4xx_hal_pcd.o
 .debug_macro   0x0002551b      0x1ca ./Drivers/STM32G4xx_HAL_Driver/stm32g4xx_hal_pcd_ex.o
 .debug_macro   0x000256e5      0x1f4 ./Drivers/STM32G4xx_HAL_Driver/stm32g4xx_hal_pwr_ex.o
 .debug_macro   0x000258d9      0x20c ./Drivers/STM32G4xx_HAL_Driver/stm32g4xx_hal_rcc.o
 .debug_macro   0x00025ae5      0x1f4 ./Drivers/STM32G4xx_HAL_Driver/stm32g4xx_hal_rcc_ex.o
 .debug_macro   0x00025cd9      0x1ca ./Drivers/STM32G4xx_HAL_Driver/stm32g4xx_ll_usb.o
 .debug_macro   0x00025ea3      0x359 ./Middlewares/USB_Device_Library/usbd_cdc.o
 .debug_macro   0x000261fc      0x340 ./Middlewares/USB_Device_Library/usbd_core.o
 .debug_macro   0x0002653c      0x34a ./Middlewares/USB_Device_Library/usbd_ctlreq.o
 .debug_macro   0x00026886      0x346 ./Middlewares/USB_Device_Library/usbd_ioreq.o

.debug_line     0x00000000     0xf78b
 .debug_line    0x00000000      0xa76 ./Application/User/Core/main.o
 .debug_line    0x00000a76      0x69e ./Application/User/Core/stm32g4xx_hal_msp.o
 .debug_line    0x00001114      0x77e ./Application/User/Core/stm32g4xx_it.o
 .debug_line    0x00001892       0x7b ./Application/User/Startup/startup_stm32g474cetx.o
 .debug_line    0x0000190d      0x968 ./Application/User/USB_Device/App/usb_device.o
 .debug_line    0x00002275      0x9bb ./Application/User/USB_Device/App/usbd_cdc_if.o
 .debug_line    0x00002c30      0xa0e ./Application/User/USB_Device/App/usbd_desc.o
 .debug_line    0x0000363e      0xdd1 ./Application/User/USB_Device/Target/usbd_conf.o
 .debug_line    0x0000440f      0x70a ./Drivers/CMSIS/system_stm32g4xx.o
 .debug_line    0x00004b19      0xad9 ./Drivers/STM32G4xx_HAL_Driver/stm32g4xx_hal.o
 .debug_line    0x000055f2      0xc3b ./Drivers/STM32G4xx_HAL_Driver/stm32g4xx_hal_cortex.o
 .debug_line    0x0000622d      0xac2 ./Drivers/STM32G4xx_HAL_Driver/stm32g4xx_hal_gpio.o
 .debug_line    0x00006cef     0x1263 ./Drivers/STM32G4xx_HAL_Driver/stm32g4xx_hal_pcd.o
 .debug_line    0x00007f52      0x824 ./Drivers/STM32G4xx_HAL_Driver/stm32g4xx_hal_pcd_ex.o
 .debug_line    0x00008776      0xc35 ./Drivers/STM32G4xx_HAL_Driver/stm32g4xx_hal_pwr_ex.o
 .debug_line    0x000093ab      0xf59 ./Drivers/STM32G4xx_HAL_Driver/stm32g4xx_hal_rcc.o
 .debug_line    0x0000a304     0x11cf ./Drivers/STM32G4xx_HAL_Driver/stm32g4xx_hal_rcc_ex.o
 .debug_line    0x0000b4d3      0xf5b ./Drivers/STM32G4xx_HAL_Driver/stm32g4xx_ll_usb.o
 .debug_line    0x0000c42e      0xcb9 ./Middlewares/USB_Device_Library/usbd_cdc.o
 .debug_line    0x0000d0e7      0xd3a ./Middlewares/USB_Device_Library/usbd_core.o
 .debug_line    0x0000de21      0xfd1 ./Middlewares/USB_Device_Library/usbd_ctlreq.o
 .debug_line    0x0000edf2      0x999 ./Middlewares/USB_Device_Library/usbd_ioreq.o

.debug_str      0x00000000    0xe82b5
 .debug_str     0x00000000    0xe82b5 ./Application/User/Core/main.o
                              0xe4933 (size before relaxing)
 .debug_str     0x000e82b5    0xdfd0e ./Application/User/Core/stm32g4xx_hal_msp.o
 .debug_str     0x000e82b5    0xe0038 ./Application/User/Core/stm32g4xx_it.o
 .debug_str     0x000e82b5       0x8b ./Application/User/Startup/startup_stm32g474cetx.o
 .debug_str     0x000e82b5    0xe41e2 ./Application/User/USB_Device/App/usb_device.o
 .debug_str     0x000e82b5    0xe4221 ./Application/User/USB_Device/App/usbd_cdc_if.o
 .debug_str     0x000e82b5    0xe3d38 ./Application/User/USB_Device/App/usbd_desc.o
 .debug_str     0x000e82b5    0xe52c3 ./Application/User/USB_Device/Target/usbd_conf.o
 .debug_str     0x000e82b5    0xdf8aa ./Drivers/CMSIS/system_stm32g4xx.o
 .debug_str     0x000e82b5    0xe05bc ./Drivers/STM32G4xx_HAL_Driver/stm32g4xx_hal.o
 .debug_str     0x000e82b5    0xe0278 ./Drivers/STM32G4xx_HAL_Driver/stm32g4xx_hal_cortex.o
 .debug_str     0x000e82b5    0xdfa35 ./Drivers/STM32G4xx_HAL_Driver/stm32g4xx_hal_gpio.o
 .debug_str     0x000e82b5    0xe0026 ./Drivers/STM32G4xx_HAL_Driver/stm32g4xx_hal_pcd.o
 .debug_str     0x000e82b5    0xdfc62 ./Drivers/STM32G4xx_HAL_Driver/stm32g4xx_hal_pcd_ex.o
 .debug_str     0x000e82b5    0xdfd98 ./Drivers/STM32G4xx_HAL_Driver/stm32g4xx_hal_pwr_ex.o
 .debug_str     0x000e82b5    0xdffc9 ./Drivers/STM32G4xx_HAL_Driver/stm32g4xx_hal_rcc.o
 .debug_str     0x000e82b5    0xdfff3 ./Drivers/STM32G4xx_HAL_Driver/stm32g4xx_hal_rcc_ex.o
 .debug_str     0x000e82b5    0xdfb63 ./Drivers/STM32G4xx_HAL_Driver/stm32g4xx_ll_usb.o
 .debug_str     0x000e82b5    0xe470b ./Middlewares/USB_Device_Library/usbd_cdc.o
 .debug_str     0x000e82b5    0xe3fe7 ./Middlewares/USB_Device_Library/usbd_core.o
 .debug_str     0x000e82b5    0xe3f39 ./Middlewares/USB_Device_Library/usbd_ctlreq.o
 .debug_str     0x000e82b5    0xe3e2e ./Middlewares/USB_Device_Library/usbd_ioreq.o

.comment        0x00000000       0x43
 .comment       0x00000000       0x43 ./Application/User/Core/main.o
                                 0x44 (size before relaxing)
 .comment       0x00000043       0x44 ./Application/User/Core/stm32g4xx_hal_msp.o
 .comment       0x00000043       0x44 ./Application/User/Core/stm32g4xx_it.o
 .comment       0x00000043       0x44 ./Application/User/USB_Device/App/usb_device.o
 .comment       0x00000043       0x44 ./Application/User/USB_Device/App/usbd_cdc_if.o
 .comment       0x00000043       0x44 ./Application/User/USB_Device/App/usbd_desc.o
 .comment       0x00000043       0x44 ./Application/User/USB_Device/Target/usbd_conf.o
 .comment       0x00000043       0x44 ./Drivers/CMSIS/system_stm32g4xx.o
 .comment       0x00000043       0x44 ./Drivers/STM32G4xx_HAL_Driver/stm32g4xx_hal.o
 .comment       0x00000043       0x44 ./Drivers/STM32G4xx_HAL_Driver/stm32g4xx_hal_cortex.o
 .comment       0x00000043       0x44 ./Drivers/STM32G4xx_HAL_Driver/stm32g4xx_hal_gpio.o
 .comment       0x00000043       0x44 ./Drivers/STM32G4xx_HAL_Driver/stm32g4xx_hal_pcd.o
 .comment       0x00000043       0x44 ./Drivers/STM32G4xx_HAL_Driver/stm32g4xx_hal_pcd_ex.o
 .comment       0x00000043       0x44 ./Drivers/STM32G4xx_HAL_Driver/stm32g4xx_hal_pwr_ex.o
 .comment       0x00000043       0x44 ./Drivers/STM32G4xx_HAL_Driver/stm32g4xx_hal_rcc.o
 .comment       0x00000043       0x44 ./Drivers/STM32G4xx_HAL_Driver/stm32g4xx_hal_rcc_ex.o
 .comment       0x00000043       0x44 ./Drivers/STM32G4xx_HAL_Driver/stm32g4xx_ll_usb.o
 .comment       0x00000043       0x44 ./Middlewares/USB_Device_Library/usbd_cdc.o
 .comment       0x00000043       0x44 ./Middlewares/USB_Device_Library/usbd_core.o
 .comment       0x00000043       0x44 ./Middlewares/USB_Device_Library/usbd_ctlreq.o
 .comment       0x00000043       0x44 ./Middlewares/USB_Device_Library/usbd_ioreq.o

.debug_frame    0x00000000     0x2f20
 .debug_frame   0x00000000       0xf8 ./Application/User/Core/main.o
 .debug_frame   0x000000f8       0x34 ./Application/User/Core/stm32g4xx_hal_msp.o
 .debug_frame   0x0000012c      0x130 ./Application/User/Core/stm32g4xx_it.o
 .debug_frame   0x0000025c       0x2c ./Application/User/USB_Device/App/usb_device.o
 .debug_frame   0x00000288       0xd8 ./Application/User/USB_Device/App/usbd_cdc_if.o
 .debug_frame   0x00000360      0x154 ./Application/User/USB_Device/App/usbd_desc.o
 .debug_frame   0x000004b4      0x4ac ./Application/User/USB_Device/Target/usbd_conf.o
 .debug_frame   0x00000960       0x50 ./Drivers/CMSIS/system_stm32g4xx.o
 .debug_frame   0x000009b0      0x480 ./Drivers/STM32G4xx_HAL_Driver/stm32g4xx_hal.o
 .debug_frame   0x00000e30      0x49c ./Drivers/STM32G4xx_HAL_Driver/stm32g4xx_hal_cortex.o
 .debug_frame   0x000012cc      0x130 ./Drivers/STM32G4xx_HAL_Driver/stm32g4xx_hal_gpio.o
 .debug_frame   0x000013fc      0x530 ./Drivers/STM32G4xx_HAL_Driver/stm32g4xx_hal_pcd.o
 .debug_frame   0x0000192c      0x130 ./Drivers/STM32G4xx_HAL_Driver/stm32g4xx_hal_pcd_ex.o
 .debug_frame   0x00001a5c      0x46c ./Drivers/STM32G4xx_HAL_Driver/stm32g4xx_hal_pwr_ex.o
 .debug_frame   0x00001ec8      0x218 ./Drivers/STM32G4xx_HAL_Driver/stm32g4xx_hal_rcc.o
 .debug_frame   0x000020e0      0x27c ./Drivers/STM32G4xx_HAL_Driver/stm32g4xx_hal_rcc_ex.o
 .debug_frame   0x0000235c      0x32c ./Drivers/STM32G4xx_HAL_Driver/stm32g4xx_ll_usb.o
 .debug_frame   0x00002688      0x22c ./Middlewares/USB_Device_Library/usbd_cdc.o
 .debug_frame   0x000028b4      0x2e0 ./Middlewares/USB_Device_Library/usbd_core.o
 .debug_frame   0x00002b94      0x234 ./Middlewares/USB_Device_Library/usbd_ctlreq.o
 .debug_frame   0x00002dc8      0x10c ./Middlewares/USB_Device_Library/usbd_ioreq.o
 .debug_frame   0x00002ed4       0x20 /opt/stm32cubeide/plugins/com.st.stm32cube.ide.mcu.externaltools.gnu-tools-for-stm32.14.3.rel1.linux64_1.0.100.202602081740/tools/bin/../lib/gcc/arm-none-eabi/14.3.1/../../../../arm-none-eabi/lib/thumb/v7e-m+fp/hard/libc_nano.a(libc_a-memset.o)
 .debug_frame   0x00002ef4       0x2c /opt/stm32cubeide/plugins/com.st.stm32cube.ide.mcu.externaltools.gnu-tools-for-stm32.14.3.rel1.linux64_1.0.100.202602081740/tools/bin/../lib/gcc/arm-none-eabi/14.3.1/../../../../arm-none-eabi/lib/thumb/v7e-m+fp/hard/libc_nano.a(libc_a-init.o)

.debug_line_str
                0x00000000       0x6f
 .debug_line_str
                0x00000000       0x6f ./Application/User/Startup/startup_stm32g474cetx.o
