Archive member included to satisfy reference by file (symbol)

/opt/stm32cubeide/plugins/com.st.stm32cube.ide.mcu.externaltools.gnu-tools-for-stm32.14.3.rel1.linux64_1.0.100.202602081740/tools/bin/../lib/gcc/arm-none-eabi/14.3.1/../../../../arm-none-eabi/lib/thumb/v7e-m+fp/hard/libc_nano.a(libc_a-exit.o)
                              /opt/stm32cubeide/plugins/com.st.stm32cube.ide.mcu.externaltools.gnu-tools-for-stm32.14.3.rel1.linux64_1.0.100.202602081740/tools/bin/../lib/gcc/arm-none-eabi/14.3.1/../../../../arm-none-eabi/lib/thumb/v7e-m+fp/hard/crt0.o (exit)
/opt/stm32cubeide/plugins/com.st.stm32cube.ide.mcu.externaltools.gnu-tools-for-stm32.14.3.rel1.linux64_1.0.100.202602081740/tools/bin/../lib/gcc/arm-none-eabi/14.3.1/../../../../arm-none-eabi/lib/thumb/v7e-m+fp/hard/libc_nano.a(libc_a-findfp.o)
                              /opt/stm32cubeide/plugins/com.st.stm32cube.ide.mcu.externaltools.gnu-tools-for-stm32.14.3.rel1.linux64_1.0.100.202602081740/tools/bin/../lib/gcc/arm-none-eabi/14.3.1/../../../../arm-none-eabi/lib/thumb/v7e-m+fp/hard/libc_nano.a(libc_a-exit.o) (__stdio_exit_handler)
/opt/stm32cubeide/plugins/com.st.stm32cube.ide.mcu.externaltools.gnu-tools-for-stm32.14.3.rel1.linux64_1.0.100.202602081740/tools/bin/../lib/gcc/arm-none-eabi/14.3.1/../../../../arm-none-eabi/lib/thumb/v7e-m+fp/hard/libc_nano.a(libc_a-fwalk.o)
                              /opt/stm32cubeide/plugins/com.st.stm32cube.ide.mcu.externaltools.gnu-tools-for-stm32.14.3.rel1.linux64_1.0.100.202602081740/tools/bin/../lib/gcc/arm-none-eabi/14.3.1/../../../../arm-none-eabi/lib/thumb/v7e-m+fp/hard/libc_nano.a(libc_a-findfp.o) (_fwalk_sglue)
/opt/stm32cubeide/plugins/com.st.stm32cube.ide.mcu.externaltools.gnu-tools-for-stm32.14.3.rel1.linux64_1.0.100.202602081740/tools/bin/../lib/gcc/arm-none-eabi/14.3.1/../../../../arm-none-eabi/lib/thumb/v7e-m+fp/hard/libc_nano.a(libc_a-stdio.o)
                              /opt/stm32cubeide/plugins/com.st.stm32cube.ide.mcu.externaltools.gnu-tools-for-stm32.14.3.rel1.linux64_1.0.100.202602081740/tools/bin/../lib/gcc/arm-none-eabi/14.3.1/../../../../arm-none-eabi/lib/thumb/v7e-m+fp/hard/libc_nano.a(libc_a-findfp.o) (__sread)
/opt/stm32cubeide/plugins/com.st.stm32cube.ide.mcu.externaltools.gnu-tools-for-stm32.14.3.rel1.linux64_1.0.100.202602081740/tools/bin/../lib/gcc/arm-none-eabi/14.3.1/../../../../arm-none-eabi/lib/thumb/v7e-m+fp/hard/libc_nano.a(libc_a-vsnprintf.o)
                              ./Application/User/USB_Device/App/usbd_cdc_if.o (vsnprintf)
/opt/stm32cubeide/plugins/com.st.stm32cube.ide.mcu.externaltools.gnu-tools-for-stm32.14.3.rel1.linux64_1.0.100.202602081740/tools/bin/../lib/gcc/arm-none-eabi/14.3.1/../../../../arm-none-eabi/lib/thumb/v7e-m+fp/hard/libc_nano.a(libc_a-memset.o)
                              /opt/stm32cubeide/plugins/com.st.stm32cube.ide.mcu.externaltools.gnu-tools-for-stm32.14.3.rel1.linux64_1.0.100.202602081740/tools/bin/../lib/gcc/arm-none-eabi/14.3.1/../../../../arm-none-eabi/lib/thumb/v7e-m+fp/hard/crt0.o (memset)
/opt/stm32cubeide/plugins/com.st.stm32cube.ide.mcu.externaltools.gnu-tools-for-stm32.14.3.rel1.linux64_1.0.100.202602081740/tools/bin/../lib/gcc/arm-none-eabi/14.3.1/../../../../arm-none-eabi/lib/thumb/v7e-m+fp/hard/libc_nano.a(libc_a-closer.o)
                              /opt/stm32cubeide/plugins/com.st.stm32cube.ide.mcu.externaltools.gnu-tools-for-stm32.14.3.rel1.linux64_1.0.100.202602081740/tools/bin/../lib/gcc/arm-none-eabi/14.3.1/../../../../arm-none-eabi/lib/thumb/v7e-m+fp/hard/libc_nano.a(libc_a-stdio.o) (_close_r)
/opt/stm32cubeide/plugins/com.st.stm32cube.ide.mcu.externaltools.gnu-tools-for-stm32.14.3.rel1.linux64_1.0.100.202602081740/tools/bin/../lib/gcc/arm-none-eabi/14.3.1/../../../../arm-none-eabi/lib/thumb/v7e-m+fp/hard/libc_nano.a(libc_a-reent.o)
                              /opt/stm32cubeide/plugins/com.st.stm32cube.ide.mcu.externaltools.gnu-tools-for-stm32.14.3.rel1.linux64_1.0.100.202602081740/tools/bin/../lib/gcc/arm-none-eabi/14.3.1/../../../../arm-none-eabi/lib/thumb/v7e-m+fp/hard/libc_nano.a(libc_a-closer.o) (errno)
/opt/stm32cubeide/plugins/com.st.stm32cube.ide.mcu.externaltools.gnu-tools-for-stm32.14.3.rel1.linux64_1.0.100.202602081740/tools/bin/../lib/gcc/arm-none-eabi/14.3.1/../../../../arm-none-eabi/lib/thumb/v7e-m+fp/hard/libc_nano.a(libc_a-impure.o)
                              /opt/stm32cubeide/plugins/com.st.stm32cube.ide.mcu.externaltools.gnu-tools-for-stm32.14.3.rel1.linux64_1.0.100.202602081740/tools/bin/../lib/gcc/arm-none-eabi/14.3.1/../../../../arm-none-eabi/lib/thumb/v7e-m+fp/hard/libc_nano.a(libc_a-vsnprintf.o) (_impure_ptr)
/opt/stm32cubeide/plugins/com.st.stm32cube.ide.mcu.externaltools.gnu-tools-for-stm32.14.3.rel1.linux64_1.0.100.202602081740/tools/bin/../lib/gcc/arm-none-eabi/14.3.1/../../../../arm-none-eabi/lib/thumb/v7e-m+fp/hard/libc_nano.a(libc_a-lseekr.o)
[...]
Memory Configuration

Name             Origin             Length             Attributes
RAM              0x20000000         0x00020000         xrw
FLASH            0x08000000         0x00080000         xr
*default*        0x00000000         0xffffffff

Linker script and memory map

LOAD /opt/stm32cubeide/plugins/com.st.stm32cube.ide.mcu.externaltools.gnu-tools-for-stm32.14.3.rel1.linux64_1.0.100.202602081740/tools/bin/../lib/gcc/arm-none-eabi/14.3.1/thumb/v7e-m+fp/hard/crti.o
LOAD /opt/stm32cubeide/plugins/com.st.stm32cube.ide.mcu.externaltools.gnu-tools-for-stm32.14.3.rel1.linux64_1.0.100.202602081740/tools/bin/../lib/gcc/arm-none-eabi/14.3.1/thumb/v7e-m+fp/hard/crtbegin.o
LOAD /opt/stm32cubeide/plugins/com.st.stm32cube.ide.mcu.externaltools.gnu-tools-for-stm32.14.3.rel1.linux64_1.0.100.202602081740/tools/bin/../lib/gcc/arm-none-eabi/14.3.1/../../../../arm-none-eabi/lib/thumb/v7e-m+fp/hard/crt0.o
LOAD ./Application/User/Core/main.o
LOAD ./Application/User/Core/stm32g4xx_hal_msp.o
LOAD ./Application/User/Core/stm32g4xx_it.o
LOAD ./Application/User/Core/syscalls.o
LOAD ./Application/User/Core/sysmem.o
LOAD ./Application/User/Startup/startup_stm32g474cetx.o
LOAD ./Application/User/USB_Device/App/usb_device.o
LOAD ./Application/User/USB_Device/App/usbd_cdc_if.o
LOAD ./Application/User/USB_Device/App/usbd_desc.o
LOAD ./Application/User/USB_Device/Target/usbd_conf.o
LOAD ./Drivers/CMSIS/system_stm32g4xx.o
LOAD ./Drivers/STM32G4xx_HAL_Driver/stm32g4xx_hal.o
LOAD ./Drivers/STM32G4xx_HAL_Driver/stm32g4xx_hal_cortex.o
LOAD ./Drivers/STM32G4xx_HAL_Driver/stm32g4xx_hal_dma.o
LOAD ./Drivers/STM32G4xx_HAL_Driver/stm32g4xx_hal_dma_ex.o
LOAD ./Drivers/STM32G4xx_HAL_Driver/stm32g4xx_hal_exti.o
LOAD ./Drivers/STM32G4xx_HAL_Driver/stm32g4xx_hal_flash.o
LOAD ./Drivers/STM32G4xx_HAL_Driver/stm32g4xx_hal_flash_ex.o
LOAD ./Drivers/STM32G4xx_HAL_Driver/stm32g4xx_hal_flash_ramfunc.o
LOAD ./Drivers/STM32G4xx_HAL_Driver/stm32g4xx_hal_gpio.o
LOAD ./Drivers/STM32G4xx_HAL_Driver/stm32g4xx_hal_pcd.o
LOAD ./Drivers/STM32G4xx_HAL_Driver/stm32g4xx_hal_pcd_ex.o
LOAD ./Drivers/STM32G4xx_HAL_Driver/stm32g4xx_hal_pwr.o
LOAD ./Drivers/STM32G4xx_HAL_Driver/stm32g4xx_hal_pwr_ex.o
LOAD ./Drivers/STM32G4xx_HAL_Driver/stm32g4xx_hal_rcc.o
LOAD ./Drivers/STM32G4xx_HAL_Driver/stm32g4xx_hal_rcc_ex.o
LOAD ./Drivers/STM32G4xx_HAL_Driver/stm32g4xx_ll_usb.o
LOAD ./Middlewares/USB_Device_Library/usbd_cdc.o
LOAD ./Middlewares/USB_Device_Library/usbd_core.o
LOAD ./Middlewares/USB_Device_Library/usbd_ctlreq.o
LOAD ./Middlewares/USB_Device_Library/usbd_ioreq.o
START GROUP
LOAD /opt/stm32cubeide/plugins/com.st.stm32cube.ide.mcu.externaltools.gnu-tools-for-stm32.14.3.rel1.linux64_1.0.100.202602081740/tools/bin/../lib/gcc/arm-none-eabi/14.3.1/../../../../arm-none-eabi/lib/thumb/v7e-m+fp/hard/libc_nano.a
LOAD /opt/stm32cubeide/plugins/com.st.stm32cube.ide.mcu.externaltools.gnu-tools-for-stm32.14.3.rel1.linux64_1.0.100.202602081740/tools/bin/../lib/gcc/arm-none-eabi/14.3.1/../../../../arm-none-eabi/lib/thumb/v7e-m+fp/hard/libm.a
END GROUP
START GROUP
LOAD /opt/stm32cubeide/plugins/com.st.stm32cube.ide.mcu.externaltools.gnu-tools-for-stm32.14.3.rel1.linux64_1.0.100.202602081740/tools/bin/../lib/gcc/arm-none-eabi/14.3.1/thumb/v7e-m+fp/hard/libgcc.a
LOAD /opt/stm32cubeide/plugins/com.st.stm32cube.ide.mcu.externaltools.gnu-tools-for-stm32.14.3.rel1.linux64_1.0.100.202602081740/tools/bin/../lib/gcc/arm-none-eabi/14.3.1/../../../../arm-none-eabi/lib/thumb/v7e-m+fp/hard/libc_nano.a
END GROUP
START GROUP
LOAD /opt/stm32cubeide/plugins/com.st.stm32cube.ide.mcu.externaltools.gnu-tools-for-stm32.14.3.rel1.linux64_1.0.100.202602081740/tools/bin/../lib/gcc/arm-none-eabi/14.3.1/thumb/v7e-m+fp/hard/libgcc.a
LOAD /opt/stm32cubeide/plugins/com.st.stm32cube.ide.mcu.externaltools.gnu-tools-for-stm32.14.3.rel1.linux64_1.0.100.202602081740/tools/bin/../lib/gcc/arm-none-eabi/14.3.1/../../../../arm-none-eabi/lib/thumb/v7e-m+fp/hard/libc_nano.a
LOAD /opt/stm32cubeide/plugins/com.st.stm32cube.ide.mcu.externaltools.gnu-tools-for-stm32.14.3.rel1.linux64_1.0.100.202602081740/tools/bin/../lib/gcc/arm-none-eabi/14.3.1/../../../../arm-none-eabi/lib/thumb/v7e-m+fp/hard/libnosys.a
END GROUP
START GROUP
LOAD /opt/stm32cubeide/plugins/com.st.stm32cube.ide.mcu.externaltools.gnu-tools-for-stm32.14.3.rel1.linux64_1.0.100.202602081740/tools/bin/../lib/gcc/arm-none-eabi/14.3.1/thumb/v7e-m+fp/hard/libgcc.a
LOAD /opt/stm32cubeide/plugins/com.st.stm32cube.ide.mcu.externaltools.gnu-tools-for-stm32.14.3.rel1.linux64_1.0.100.202602081740/tools/bin/../lib/gcc/arm-none-eabi/14.3.1/../../../../arm-none-eabi/lib/thumb/v7e-m+fp/hard/libc_nano.a
LOAD /opt/stm32cubeide/plugins/com.st.stm32cube.ide.mcu.externaltools.gnu-tools-for-stm32.14.3.rel1.linux64_1.0.100.202602081740/tools/bin/../lib/gcc/arm-none-eabi/14.3.1/../../../../arm-none-eabi/lib/thumb/v7e-m+fp/hard/libnosys.a
END GROUP
LOAD /opt/stm32cubeide/plugins/com.st.stm32cube.ide.mcu.externaltools.gnu-tools-for-stm32.14.3.rel1.linux64_1.0.100.202602081740/tools/bin/../lib/gcc/arm-none-eabi/14.3.1/thumb/v7e-m+fp/hard/crtend.o
LOAD /opt/stm32cubeide/plugins/com.st.stm32cube.ide.mcu.externaltools.gnu-tools-for-stm32.14.3.rel1.linux64_1.0.100.202602081740/tools/bin/../lib/gcc/arm-none-eabi/14.3.1/thumb/v7e-m+fp/hard/crtn.o
                0x20020000                        _estack = (ORIGIN (RAM) + LENGTH (RAM))
                0x00000200                        _Min_Heap_Size = 0x200
                0x00000400                        _Min_Stack_Size = 0x400

.isr_vector     0x08000000      0x1d8
                0x08000000                        . = ALIGN (0x4)
 *(.isr_vector)
 .isr_vector    0x08000000      0x1d8 ./Application/User/Startup/startup_stm32g474cetx.o
                0x08000000                g_pfnVectors
                0x080001d8                        . = ALIGN (0x4)

.text           0x080001e0     0x88f8
                0x080001e0                        . = ALIGN (0x4)
 *(.text)
 .text          0x080001e0       0x40 /opt/stm32cubeide/plugins/com.st.stm32cube.ide.mcu.externaltools.gnu-tools-for-stm32.14.3.rel1.linux64_1.0.100.202602081740/tools/bin/../lib/gcc/arm-none-eabi/14.3.1/thumb/v7e-m+fp/hard/crtbegin.o
 .text          0x08000220       0xa0 /opt/stm32cubeide/plugins/com.st.stm32cube.ide.mcu.externaltools.gnu-tools-for-stm32.14.3.rel1.linux64_1.0.100.202602081740/tools/bin/../lib/gcc/arm-none-eabi/14.3.1/../../../../arm-none-eabi/lib/thumb/v7e-m+fp/hard/libc_nano.a(libc_a-memchr.o)
                0x08000220                memchr
 *(.text*)
 .text.main     0x080002c0      0x1ec ./Application/User/Core/main.o
                0x080002c0                main
 .text.SystemClock_Config
                0x080004ac       0x9c ./Application/User/Core/main.o
                0x080004ac                SystemClock_Config
 .text.MX_GPIO_Init
                0x08000548      0x11c ./Application/User/Core/main.o
 .text.write_ram_to_flash
                0x08000664      0x124 ./Application/User/Core/main.o
 .text.usb_send
                0x08000788       0x4e ./Application/User/Core/main.o
 .text.Error_Handler
                0x080007d6        0xc ./Application/User/Core/main.o
                0x080007d6                Error_Handler
 *fill*         0x080007e2        0x2 
 .text.HAL_MspInit
                0x080007e4       0x48 ./Application/User/Core/stm32g4xx_hal_msp.o
                0x080007e4                HAL_MspInit
 .text.NMI_Handler
                0x0800082c        0x8 ./Application/User/Core/stm32g4xx_it.o
                0x0800082c                NMI_Handler
 .text.HardFault_Handler
                0x08000834        0x8 ./Application/User/Core/stm32g4xx_it.o
                0x08000834                HardFault_Handler
 .text.MemManage_Handler
                0x0800083c        0x8 ./Application/User/Core/stm32g4xx_it.o
                0x0800083c                MemManage_Handler
 .text.BusFault_Handler
                0x08000844        0x8 ./Application/User/Core/stm32g4xx_it.o
                0x08000844                BusFault_Handler
 .text.UsageFault_Handler
                0x0800084c        0x8 ./Application/User/Core/stm32g4xx_it.o
                0x0800084c                UsageFault_Handler
 .text.SVC_Handler
                0x08000854        0xe ./Application/User/Core/stm32g4xx_it.o
                0x08000854                SVC_Handler
 .text.DebugMon_Handler
                0x08000862        0xe ./Application/User/Core/stm32g4xx_it.o
                0x08000862                DebugMon_Handler
 .text.PendSV_Handler
                0x08000870        0xe ./Application/User/Core/stm32g4xx_it.o
                0x08000870                PendSV_Handler
 .text.SysTick_Handler
                0x0800087e        0xc ./Application/User/Core/stm32g4xx_it.o
                0x0800087e                SysTick_Handler
 *fill*         0x0800088a        0x2 
 .text.USB_LP_IRQHandler
                0x0800088c       0x14 ./Application/User/Core/stm32g4xx_it.o
                0x0800088c                USB_LP_IRQHandler
 .text.EXTI15_10_IRQHandler
                0x080008a0       0x20 ./Application/User/Core/stm32g4xx_it.o
                0x080008a0                EXTI15_10_IRQHandler
 .text._sbrk    0x080008c0       0x6c ./Application/User/Core/sysmem.o
                0x080008c0                _sbrk
 .text.Reset_Handler
                0x0800092c       0x50 ./Application/User/Startup/startup_stm32g474cetx.o
                0x0800092c                Reset_Handler
 .text.Default_Handler
                0x0800097c        0x2 ./Application/User/Startup/startup_stm32g474cetx.o
                0x0800097c                RTC_Alarm_IRQHandler
                0x0800097c                EXTI2_IRQHandler
                0x0800097c                TIM8_TRG_COM_IRQHandler
                0x0800097c                TIM8_CC_IRQHandler
                0x0800097c                HRTIM1_Master_IRQHandler
                0x0800097c                SPI4_IRQHandler
                0x0800097c                FDCAN3_IT0_IRQHandler
                0x0800097c                TIM1_CC_IRQHandler
                0x0800097c                HRTIM1_FLT_IRQHandler
                0x0800097c                HRTIM1_TIMF_IRQHandler
                0x0800097c                USB_HP_IRQHandler
                0x0800097c                CORDIC_IRQHandler
                0x0800097c                HRTIM1_TIMD_IRQHandler
                0x0800097c                DMA2_Channel8_IRQHandler
                0x0800097c                EXTI3_IRQHandler
                0x0800097c                I2C3_ER_IRQHandler
                0x0800097c                EXTI0_IRQHandler
                0x0800097c                I2C2_EV_IRQHandler
                0x0800097c                FPU_IRQHandler
                0x0800097c                FDCAN1_IT1_IRQHandler
                0x0800097c                TIM1_UP_TIM16_IRQHandler
                0x0800097c                ADC1_2_IRQHandler
                0x0800097c                HRTIM1_TIME_IRQHandler
                0x0800097c                SPI1_IRQHandler
                0x0800097c                TIM6_DAC_IRQHandler
                0x0800097c                HRTIM1_TIMC_IRQHandler
                0x0800097c                TIM8_UP_IRQHandler
                0x0800097c                DMA2_Channel2_IRQHandler
                0x0800097c                DMA1_Channel4_IRQHandler
                0x0800097c                TIM20_TRG_COM_IRQHandler
                0x0800097c                USART3_IRQHandler
                0x0800097c                DMA1_Channel7_IRQHandler
                0x0800097c                UART5_IRQHandler
                0x0800097c                ADC3_IRQHandler
                0x0800097c                TIM4_IRQHandler
                0x0800097c                DMA2_Channel1_IRQHandler
                0x0800097c                QUADSPI_IRQHandler
                0x0800097c                I2C1_EV_IRQHandler
                0x0800097c                DMA1_Channel6_IRQHandler
                0x0800097c                UART4_IRQHandler
                0x0800097c                DMA2_Channel4_IRQHandler
                0x0800097c                TIM3_IRQHandler
                0x0800097c                RCC_IRQHandler
                0x0800097c                TIM20_UP_IRQHandler
                0x0800097c                DMA1_Channel1_IRQHandler
                0x0800097c                Default_Handler
                0x0800097c                DMA2_Channel7_IRQHandler
                0x0800097c                RTC_TAMP_LSECSS_IRQHandler
                0x0800097c                FMAC_IRQHandler
                0x0800097c                DMA1_Channel8_IRQHandler
                0x0800097c                HRTIM1_TIMA_IRQHandler
                0x0800097c                TIM7_DAC_IRQHandler
                0x0800097c                FDCAN3_IT1_IRQHandler
                0x0800097c                TIM5_IRQHandler
                0x0800097c                UCPD1_IRQHandler
                0x0800097c                I2C3_EV_IRQHandler
                0x0800097c                EXTI9_5_IRQHandler
                0x0800097c                RTC_WKUP_IRQHandler
                0x0800097c                PVD_PVM_IRQHandler
                0x0800097c                SPI2_IRQHandler
                0x0800097c                ADC5_IRQHandler
                0x0800097c                DMA2_Channel5_IRQHandler
                0x0800097c                CRS_IRQHandler
                0x0800097c                DMA1_Channel5_IRQHandler
                0x0800097c                EXTI4_IRQHandler
                0x0800097c                RNG_IRQHandler
                0x0800097c                HRTIM1_TIMB_IRQHandler
                0x0800097c                TIM1_TRG_COM_TIM17_IRQHandler
                0x0800097c                FDCAN2_IT1_IRQHandler
                0x0800097c                DMA1_Channel3_IRQHandler
                0x0800097c                ADC4_IRQHandler
                0x0800097c                WWDG_IRQHandler
                0x0800097c                I2C4_EV_IRQHandler
                0x0800097c                FDCAN2_IT0_IRQHandler
                0x0800097c                LPUART1_IRQHandler
                0x0800097c                DMA2_Channel6_IRQHandler
                0x0800097c                FDCAN1_IT0_IRQHandler
                0x0800097c                TIM2_IRQHandler
                0x0800097c                COMP7_IRQHandler
                0x0800097c                COMP1_2_3_IRQHandler
                0x0800097c                EXTI1_IRQHandler
                0x0800097c                USART2_IRQHandler
                0x0800097c                COMP4_5_6_IRQHandler
                0x0800097c                TIM20_BRK_IRQHandler
                0x0800097c                I2C2_ER_IRQHandler
                0x0800097c                DMA1_Channel2_IRQHandler
                0x0800097c                TIM8_BRK_IRQHandler
                0x0800097c                FLASH_IRQHandler
                0x0800097c                TIM20_CC_IRQHandler
                0x0800097c                USART1_IRQHandler
                0x0800097c                SPI3_IRQHandler
                0x0800097c                I2C1_ER_IRQHandler
                0x0800097c                FMC_IRQHandler
                0x0800097c                LPTIM1_IRQHandler
                0x0800097c                DMAMUX_OVR_IRQHandler
                0x0800097c                I2C4_ER_IRQHandler
                0x0800097c                USBWakeUp_IRQHandler
                0x0800097c                SAI1_IRQHandler
                0x0800097c                DMA2_Channel3_IRQHandler
                0x0800097c                TIM1_BRK_TIM15_IRQHandler
 *fill*         0x0800097e        0x2 
 .text.MX_USB_Device_Init
                0x08000980       0x60 ./Application/User/USB_Device/App/usb_device.o
                0x08000980                MX_USB_Device_Init
 .text.CDC_Init_FS
                0x080009e0       0x28 ./Application/User/USB_Device/App/usbd_cdc_if.o
 .text.CDC_DeInit_FS
                0x08000a08       0x10 ./Application/User/USB_Device/App/usbd_cdc_if.o
 .text.CDC_Control_FS
                0x08000a18       0xbc ./Application/User/USB_Device/App/usbd_cdc_if.o
 .text.CDC_Receive_FS
                0x08000ad4       0x40 ./Application/User/USB_Device/App/usbd_cdc_if.o
 .text.CDC_Transmit_FS
                0x08000b14       0x4c ./Application/User/USB_Device/App/usbd_cdc_if.o
                0x08000b14                CDC_Transmit_FS
 .text.CDC_TransmitCplt_FS
                0x08000b60       0x22 ./Application/User/USB_Device/App/usbd_cdc_if.o
 *fill*         0x08000b82        0x2 
 .text.CDC_Printf
                0x08000b84       0x78 ./Application/User/USB_Device/App/usbd_cdc_if.o
                0x08000b84                CDC_Printf
 .text.USBD_CDC_DeviceDescriptor
                0x08000bfc       0x24 ./Application/User/USB_Device/App/usbd_desc.o
                0x08000bfc                USBD_CDC_DeviceDescriptor
 .text.USBD_CDC_LangIDStrDescriptor
                0x08000c20       0x24 ./Application/User/USB_Device/App/usbd_desc.o
                0x08000c20                USBD_CDC_LangIDStrDescriptor
 .text.USBD_CDC_ProductStrDescriptor
                0x08000c44       0x3c ./Application/User/USB_Device/App/usbd_desc.o
                0x08000c44                USBD_CDC_ProductStrDescriptor
 .text.USBD_CDC_ManufacturerStrDescriptor
                0x08000c80       0x28 ./Application/User/USB_Device/App/usbd_desc.o
                0x08000c80                USBD_CDC_ManufacturerStrDescriptor
 .text.USBD_CDC_SerialStrDescriptor
                0x08000ca8       0x24 ./Application/User/USB_Device/App/usbd_desc.o
                0x08000ca8                USBD_CDC_SerialStrDescriptor
 .text.USBD_CDC_ConfigStrDescriptor
                0x08000ccc       0x3c ./Application/User/USB_Device/App/usbd_desc.o
                0x08000ccc                USBD_CDC_ConfigStrDescriptor
 .text.USBD_CDC_InterfaceStrDescriptor
                0x08000d08       0x3c ./Application/User/USB_Device/App/usbd_desc.o
                0x08000d08                USBD_CDC_InterfaceStrDescriptor
 .text.Get_SerialNum
                0x08000d44       0x58 ./Application/User/USB_Device/App/usbd_desc.o
 .text.IntToUnicode
                0x08000d9c       0x7e ./Application/User/USB_Device/App/usbd_desc.o
 *fill*         0x08000e1a        0x2 
 .text.HAL_PCD_MspInit
                0x08000e1c       0x78 ./Application/User/USB_Device/Target/usbd_conf.o
                0x08000e1c                HAL_PCD_MspInit
 .text.HAL_PCD_SetupStageCallback
                0x08000e94       0x24 ./Application/User/USB_Device/Target/usbd_conf.o
                0x08000e94                HAL_PCD_SetupStageCallback
 .text.HAL_PCD_DataOutStageCallback
                0x08000eb8       0x36 ./Application/User/USB_Device/Target/usbd_conf.o
                0x08000eb8                HAL_PCD_DataOutStageCallback
 .text.HAL_PCD_DataInStageCallback
                0x08000eee       0x34 ./Application/User/USB_Device/Target/usbd_conf.o
                0x08000eee                HAL_PCD_DataInStageCallback
 .text.HAL_PCD_SOFCallback
                0x08000f22       0x1c ./Application/User/USB_Device/Target/usbd_conf.o
                0x08000f22                HAL_PCD_SOFCallback
 .text.HAL_PCD_ResetCallback
                0x08000f3e       0x3c ./Application/User/USB_Device/Target/usbd_conf.o
                0x08000f3e                HAL_PCD_ResetCallback
 *fill*         0x08000f7a        0x2 
 .text.HAL_PCD_SuspendCallback
                0x08000f7c       0x34 ./Application/User/USB_Device/Target/usbd_conf.o
                0x08000f7c                HAL_PCD_SuspendCallback
 .text.HAL_PCD_ResumeCallback
                0x08000fb0       0x38 ./Application/User/USB_Device/Target/usbd_conf.o
                0x08000fb0                HAL_PCD_ResumeCallback
 .text.USBD_LL_Init
                0x08000fe8       0xc0 ./Application/User/USB_Device/Target/usbd_conf.o
                0x08000fe8                USBD_LL_Init
 .text.USBD_LL_Start
                0x080010a8       0x36 ./Application/User/USB_Device/Target/usbd_conf.o
                0x080010a8                USBD_LL_Start
 .text.USBD_LL_OpenEP
                0x080010de       0x4c ./Application/User/USB_Device/Target/usbd_conf.o
                0x080010de                USBD_LL_OpenEP
 .text.USBD_LL_CloseEP
                0x0800112a       0x3e ./Application/User/USB_Device/Target/usbd_conf.o
                0x0800112a                USBD_LL_CloseEP
 .text.USBD_LL_StallEP
                0x08001168       0x3e ./Application/User/USB_Device/Target/usbd_conf.o
                0x08001168                USBD_LL_StallEP
 .text.USBD_LL_ClearStallEP
                0x080011a6       0x3e ./Application/User/USB_Device/Target/usbd_conf.o
                0x080011a6                USBD_LL_ClearStallEP
 .text.USBD_LL_IsStallEP
                0x080011e4       0x58 ./Application/User/USB_Device/Target/usbd_conf.o
                0x080011e4                USBD_LL_IsStallEP
 .text.USBD_LL_SetUSBAddress
                0x0800123c       0x3e ./Application/User/USB_Device/Target/usbd_conf.o
                0x0800123c                USBD_LL_SetUSBAddress
 .text.USBD_LL_Transmit
                0x0800127a       0x42 ./Application/User/USB_Device/Target/usbd_conf.o
                0x0800127a                USBD_LL_Transmit
 .text.USBD_LL_PrepareReceive
                0x080012bc       0x42 ./Application/User/USB_Device/Target/usbd_conf.o
                0x080012bc                USBD_LL_PrepareReceive
 .text.USBD_LL_GetRxDataSize
                0x080012fe       0x26 ./Application/User/USB_Device/Target/usbd_conf.o
                0x080012fe                USBD_LL_GetRxDataSize
 .text.HAL_PCDEx_LPM_Callback
                0x08001324       0x6c ./Application/User/USB_Device/Target/usbd_conf.o
                0x08001324                HAL_PCDEx_LPM_Callback
 .text.USBD_static_malloc
                0x08001390       0x1c ./Application/User/USB_Device/Target/usbd_conf.o
                0x08001390                USBD_static_malloc
 .text.USBD_static_free
                0x080013ac       0x14 ./Application/User/USB_Device/Target/usbd_conf.o
                0x080013ac                USBD_static_free
 .text.SystemClockConfig_Resume
                0x080013c0        0xc ./Application/User/USB_Device/Target/usbd_conf.o
 .text.USBD_Get_USB_Status
                0x080013cc       0x58 ./Application/User/USB_Device/Target/usbd_conf.o
 .text.SystemInit
                0x08001424       0x24 ./Drivers/CMSIS/system_stm32g4xx.o
                0x08001424                SystemInit
 .text.HAL_Init
                0x08001448       0x30 ./Drivers/STM32G4xx_HAL_Driver/stm32g4xx_hal.o
                0x08001448                HAL_Init
 .text.HAL_InitTick
                0x08001478       0x74 ./Drivers/STM32G4xx_HAL_Driver/stm32g4xx_hal.o
                0x08001478                HAL_InitTick
 .text.HAL_IncTick
                0x080014ec       0x24 ./Drivers/STM32G4xx_HAL_Driver/stm32g4xx_hal.o
                0x080014ec                HAL_IncTick
 .text.HAL_GetTick
                0x08001510       0x18 ./Drivers/STM32G4xx_HAL_Driver/stm32g4xx_hal.o
                0x08001510                HAL_GetTick
 .text.HAL_SuspendTick
                0x08001528       0x20 ./Drivers/STM32G4xx_HAL_Driver/stm32g4xx_hal.o
                0x08001528                HAL_SuspendTick
 .text.HAL_ResumeTick
                0x08001548       0x20 ./Drivers/STM32G4xx_HAL_Driver/stm32g4xx_hal.o
                0x08001548                HAL_ResumeTick
 .text.__NVIC_SetPriorityGrouping
                0x08001568       0x48 ./Drivers/STM32G4xx_HAL_Driver/stm32g4xx_hal_cortex.o
 .text.__NVIC_GetPriorityGrouping
                0x080015b0       0x1c ./Drivers/STM32G4xx_HAL_Driver/stm32g4xx_hal_cortex.o
 .text.__NVIC_EnableIRQ
                0x080015cc       0x3c ./Drivers/STM32G4xx_HAL_Driver/stm32g4xx_hal_cortex.o
 .text.__NVIC_SetPriority
                0x08001608       0x54 ./Drivers/STM32G4xx_HAL_Driver/stm32g4xx_hal_cortex.o
 .text.NVIC_EncodePriority
                0x0800165c       0x66 ./Drivers/STM32G4xx_HAL_Driver/stm32g4xx_hal_cortex.o
 *fill*         0x080016c2        0x2 
 .text.SysTick_Config
                0x080016c4       0x44 ./Drivers/STM32G4xx_HAL_Driver/stm32g4xx_hal_cortex.o
 .text.HAL_NVIC_SetPriorityGrouping
                0x08001708       0x16 ./Drivers/STM32G4xx_HAL_Driver/stm32g4xx_hal_cortex.o
                0x08001708                HAL_NVIC_SetPriorityGrouping
 .text.HAL_NVIC_SetPriority
                0x0800171e       0x34 ./Drivers/STM32G4xx_HAL_Driver/stm32g4xx_hal_cortex.o
                0x0800171e                HAL_NVIC_SetPriority
 .text.HAL_NVIC_EnableIRQ
                0x08001752       0x1c ./Drivers/STM32G4xx_HAL_Driver/stm32g4xx_hal_cortex.o
                0x08001752                HAL_NVIC_EnableIRQ
 .text.HAL_SYSTICK_Config
                0x0800176e       0x18 ./Drivers/STM32G4xx_HAL_Driver/stm32g4xx_hal_cortex.o
                0x0800176e                HAL_SYSTICK_Config
 *fill*         0x08001786        0x2 
 .text.HAL_FLASH_Program
                0x08001788       0xd8 ./Drivers/STM32G4xx_HAL_Driver/stm32g4xx_hal_flash.o
                0x08001788                HAL_FLASH_Program
 .text.HAL_FLASH_Unlock
                0x08001860       0x44 ./Drivers/STM32G4xx_HAL_Driver/stm32g4xx_hal_flash.o
                0x08001860                HAL_FLASH_Unlock
 .text.HAL_FLASH_Lock
                0x080018a4       0x34 ./Drivers/STM32G4xx_HAL_Driver/stm32g4xx_hal_flash.o
                0x080018a4                HAL_FLASH_Lock
 .text.FLASH_WaitForLastOperation
                0x080018d8       0xa4 ./Drivers/STM32G4xx_HAL_Driver/stm32g4xx_hal_flash.o
                0x080018d8                FLASH_WaitForLastOperation
 .text.FLASH_Program_DoubleWord
                0x0800197c       0x4c ./Drivers/STM32G4xx_HAL_Driver/stm32g4xx_hal_flash.o
 .text.FLASH_Program_Fast
                0x080019c8       0x6c ./Drivers/STM32G4xx_HAL_Driver/stm32g4xx_hal_flash.o
 .text.HAL_FLASHEx_Erase
                0x08001a34      0x138 ./Drivers/STM32G4xx_HAL_Driver/stm32g4xx_hal_flash_ex.o
                0x08001a34                HAL_FLASHEx_Erase
 .text.FLASH_MassErase
                0x08001b6c       0x70 ./Drivers/STM32G4xx_HAL_Driver/stm32g4xx_hal_flash_ex.o
 .text.FLASH_PageErase
                0x08001bdc       0x88 ./Drivers/STM32G4xx_HAL_Driver/stm32g4xx_hal_flash_ex.o
                0x08001bdc                FLASH_PageErase
 .text.FLASH_FlushCaches
                0x08001c64       0x94 ./Drivers/STM32G4xx_HAL_Driver/stm32g4xx_hal_flash_ex.o
                0x08001c64                FLASH_FlushCaches
 .text.HAL_GPIO_Init
                0x08001cf8      0x318 ./Drivers/STM32G4xx_HAL_Driver/stm32g4xx_hal_gpio.o
                0x08001cf8                HAL_GPIO_Init
 .text.HAL_GPIO_ReadPin
                0x08002010       0x30 ./Drivers/STM32G4xx_HAL_Driver/stm32g4xx_hal_gpio.o
                0x08002010                HAL_GPIO_ReadPin
 .text.HAL_GPIO_WritePin
                0x08002040       0x30 ./Drivers/STM32G4xx_HAL_Driver/stm32g4xx_hal_gpio.o
                0x08002040                HAL_GPIO_WritePin
 .text.HAL_GPIO_EXTI_IRQHandler
                0x08002070       0x30 ./Drivers/STM32G4xx_HAL_Driver/stm32g4xx_hal_gpio.o
                0x08002070                HAL_GPIO_EXTI_IRQHandler
 .text.HAL_PCD_Init
                0x080020a0      0x19c ./Drivers/STM32G4xx_HAL_Driver/stm32g4xx_hal_pcd.o
                0x080020a0                HAL_PCD_Init
 .text.HAL_PCD_Start
                0x0800223c       0x44 ./Drivers/STM32G4xx_HAL_Driver/stm32g4xx_hal_pcd.o
                0x0800223c                HAL_PCD_Start
 .text.HAL_PCD_IRQHandler
                0x08002280      0x24e ./Drivers/STM32G4xx_HAL_Driver/stm32g4xx_hal_pcd.o
                0x08002280                HAL_PCD_IRQHandler
 .text.HAL_PCD_SetAddress
                0x080024ce       0x48 ./Drivers/STM32G4xx_HAL_Driver/stm32g4xx_hal_pcd.o
                0x080024ce                HAL_PCD_SetAddress
 .text.HAL_PCD_EP_Open
                0x08002516       0xbe ./Drivers/STM32G4xx_HAL_Driver/stm32g4xx_hal_pcd.o
                0x08002516                HAL_PCD_EP_Open
 .text.HAL_PCD_EP_Close
                0x080025d4       0x90 ./Drivers/STM32G4xx_HAL_Driver/stm32g4xx_hal_pcd.o
                0x080025d4                HAL_PCD_EP_Close
 .text.HAL_PCD_EP_Receive
                0x08002664       0x62 ./Drivers/STM32G4xx_HAL_Driver/stm32g4xx_hal_pcd.o
                0x08002664                HAL_PCD_EP_Receive
 .text.HAL_PCD_EP_GetRxCount
                0x080026c6       0x30 ./Drivers/STM32G4xx_HAL_Driver/stm32g4xx_hal_pcd.o
                0x080026c6                HAL_PCD_EP_GetRxCount
 .text.HAL_PCD_EP_Transmit
                0x080026f6       0x6e ./Drivers/STM32G4xx_HAL_Driver/stm32g4xx_hal_pcd.o
                0x080026f6                HAL_PCD_EP_Transmit
 .text.HAL_PCD_EP_SetStall
                0x08002764       0xa4 ./Drivers/STM32G4xx_HAL_Driver/stm32g4xx_hal_pcd.o
                0x08002764                HAL_PCD_EP_SetStall
 .text.HAL_PCD_EP_ClrStall
                0x08002808       0xa8 ./Drivers/STM32G4xx_HAL_Driver/stm32g4xx_hal_pcd.o
                0x08002808                HAL_PCD_EP_ClrStall
 .text.PCD_EP_ISR_Handler
                0x080028b0      0x71c ./Drivers/STM32G4xx_HAL_Driver/stm32g4xx_hal_pcd.o
 .text.HAL_PCD_EP_DB_Receive
                0x08002fcc      0x212 ./Drivers/STM32G4xx_HAL_Driver/stm32g4xx_hal_pcd.o
 .text.HAL_PCD_EP_DB_Transmit
                0x080031de      0x878 ./Drivers/STM32G4xx_HAL_Driver/stm32g4xx_hal_pcd.o
 .text.HAL_PCDEx_PMAConfig
                0x08003a56       0x86 ./Drivers/STM32G4xx_HAL_Driver/stm32g4xx_hal_pcd_ex.o
                0x08003a56                HAL_PCDEx_PMAConfig
 .text.HAL_PCDEx_ActivateLPM
                0x08003adc       0x54 ./Drivers/STM32G4xx_HAL_Driver/stm32g4xx_hal_pcd_ex.o
                0x08003adc                HAL_PCDEx_ActivateLPM
 .text.HAL_PWREx_ControlVoltageScaling
                0x08003b30      0x148 ./Drivers/STM32G4xx_HAL_Driver/stm32g4xx_hal_pwr_ex.o
                0x08003b30                HAL_PWREx_ControlVoltageScaling
 .text.HAL_PWREx_EnterSTOP1Mode
                0x08003c78       0x58 ./Drivers/STM32G4xx_HAL_Driver/stm32g4xx_hal_pwr_ex.o
                0x08003c78                HAL_PWREx_EnterSTOP1Mode
 .text.HAL_PWREx_DisableUCPDDeadBattery
                0x08003cd0       0x20 ./Drivers/STM32G4xx_HAL_Driver/stm32g4xx_hal_pwr_ex.o
                0x08003cd0                HAL_PWREx_DisableUCPDDeadBattery
 .text.HAL_RCC_OscConfig
                0x08003cf0      0x624 ./Drivers/STM32G4xx_HAL_Driver/stm32g4xx_hal_rcc.o
                0x08003cf0                HAL_RCC_OscConfig
 .text.HAL_RCC_ClockConfig
                0x08004314      0x278 ./Drivers/STM32G4xx_HAL_Driver/stm32g4xx_hal_rcc.o
                0x08004314                HAL_RCC_ClockConfig
 .text.HAL_RCC_GetSysClockFreq
                0x0800458c       0xc4 ./Drivers/STM32G4xx_HAL_Driver/stm32g4xx_hal_rcc.o
                0x0800458c                HAL_RCC_GetSysClockFreq
 .text.RCC_GetSysClockFreqFromPLLSource
                0x08004650       0x8c ./Drivers/STM32G4xx_HAL_Driver/stm32g4xx_hal_rcc.o
 .text.HAL_RCCEx_PeriphCLKConfig
                0x080046dc      0x49c ./Drivers/STM32G4xx_HAL_Driver/stm32g4xx_hal_rcc_ex.o
                0x080046dc                HAL_RCCEx_PeriphCLKConfig
 .text.USB_EnableGlobalInt
                0x08004b78       0x2e ./Drivers/STM32G4xx_HAL_Driver/stm32g4xx_ll_usb.o
                0x08004b78                USB_EnableGlobalInt
 .text.USB_DisableGlobalInt
                0x08004ba6       0x36 ./Drivers/STM32G4xx_HAL_Driver/stm32g4xx_ll_usb.o
                0x08004ba6                USB_DisableGlobalInt
 .text.USB_DevInit
                0x08004bdc       0x3c ./Drivers/STM32G4xx_HAL_Driver/stm32g4xx_ll_usb.o
                0x08004bdc                USB_DevInit
 .text.USB_ActivateEndpoint
                0x08004c18      0x9d0 ./Drivers/STM32G4xx_HAL_Driver/stm32g4xx_ll_usb.o
                0x08004c18                USB_ActivateEndpoint
 .text.USB_DeactivateEndpoint
                0x080055e8      0x3da ./Drivers/STM32G4xx_HAL_Driver/stm32g4xx_ll_usb.o
                0x080055e8                USB_DeactivateEndpoint
 .text.USB_EPStartXfer
                0x080059c2      0xb5e ./Drivers/STM32G4xx_HAL_Driver/stm32g4xx_ll_usb.o
                0x080059c2                USB_EPStartXfer
 .text.USB_EPSetStall
                0x08006520       0xa2 ./Drivers/STM32G4xx_HAL_Driver/stm32g4xx_ll_usb.o
                0x08006520                USB_EPSetStall
 .text.USB_EPClearStall
                0x080065c2      0x152 ./Drivers/STM32G4xx_HAL_Driver/stm32g4xx_ll_usb.o
                0x080065c2                USB_EPClearStall
 .text.USB_SetDevAddress
                0x08006714       0x28 ./Drivers/STM32G4xx_HAL_Driver/stm32g4xx_ll_usb.o
                0x08006714                USB_SetDevAddress
 .text.USB_DevConnect
                0x0800673c       0x2e ./Drivers/STM32G4xx_HAL_Driver/stm32g4xx_ll_usb.o
                0x0800673c                USB_DevConnect
 .text.USB_ReadInterrupts
                0x0800676a       0x20 ./Drivers/STM32G4xx_HAL_Driver/stm32g4xx_ll_usb.o
                0x0800676a                USB_ReadInterrupts
 .text.USB_WritePMA
                0x0800678a       0x86 ./Drivers/STM32G4xx_HAL_Driver/stm32g4xx_ll_usb.o
                0x0800678a                USB_WritePMA
 .text.USB_ReadPMA
                0x08006810       0x98 ./Drivers/STM32G4xx_HAL_Driver/stm32g4xx_ll_usb.o
                0x08006810                USB_ReadPMA
 .text.USBD_CDC_Init
                0x080068a8       0xfe ./Middlewares/USB_Device_Library/usbd_cdc.o
 .text.USBD_CDC_DeInit
                0x080069a6       0x74 ./Middlewares/USB_Device_Library/usbd_cdc.o
 *fill*         0x08006a1a        0x2 
 .text.USBD_CDC_Setup
                0x08006a1c      0x190 ./Middlewares/USB_Device_Library/usbd_cdc.o
 .text.USBD_CDC_DataIn
                0x08006bac       0xca ./Middlewares/USB_Device_Library/usbd_cdc.o
 .text.USBD_CDC_DataOut
                0x08006c76       0x56 ./Middlewares/USB_Device_Library/usbd_cdc.o
 .text.USBD_CDC_EP0_RxReady
                0x08006ccc       0x58 ./Middlewares/USB_Device_Library/usbd_cdc.o
 .text.USBD_CDC_GetFSCfgDesc
                0x08006d24       0x20 ./Middlewares/USB_Device_Library/usbd_cdc.o
 .text.USBD_CDC_GetHSCfgDesc
                0x08006d44       0x20 ./Middlewares/USB_Device_Library/usbd_cdc.o
 .text.USBD_CDC_GetOtherSpeedCfgDesc
                0x08006d64       0x20 ./Middlewares/USB_Device_Library/usbd_cdc.o
 .text.USBD_CDC_GetDeviceQualifierDescriptor
                0x08006d84       0x20 ./Middlewares/USB_Device_Library/usbd_cdc.o
                0x08006d84                USBD_CDC_GetDeviceQualifierDescriptor
 .text.USBD_CDC_RegisterInterface
                0x08006da4       0x2a ./Middlewares/USB_Device_Library/usbd_cdc.o
                0x08006da4                USBD_CDC_RegisterInterface
 .text.USBD_CDC_SetTxBuffer
                0x08006dce       0x3c ./Middlewares/USB_Device_Library/usbd_cdc.o
                0x08006dce                USBD_CDC_SetTxBuffer
 .text.USBD_CDC_SetRxBuffer
                0x08006e0a       0x32 ./Middlewares/USB_Device_Library/usbd_cdc.o
                0x08006e0a                USBD_CDC_SetRxBuffer
 .text.USBD_CDC_TransmitPacket
                0x08006e3c       0x60 ./Middlewares/USB_Device_Library/usbd_cdc.o
                0x08006e3c                USBD_CDC_TransmitPacket
 .text.USBD_CDC_ReceivePacket
                0x08006e9c       0x54 ./Middlewares/USB_Device_Library/usbd_cdc.o
                0x08006e9c                USBD_CDC_ReceivePacket
 .text.USBD_Init
                0x08006ef0       0x60 ./Middlewares/USB_Device_Library/usbd_core.o
                0x08006ef0                USBD_Init
 .text.USBD_RegisterClass
                0x08006f50       0x4e ./Middlewares/USB_Device_Library/usbd_core.o
                0x08006f50                USBD_RegisterClass
 .text.USBD_Start
                0x08006f9e       0x18 ./Middlewares/USB_Device_Library/usbd_core.o
                0x08006f9e                USBD_Start
 .text.USBD_RunTestMode
                0x08006fb6       0x16 ./Middlewares/USB_Device_Library/usbd_core.o
                0x08006fb6                USBD_RunTestMode
 .text.USBD_SetClassConfig
                0x08006fcc       0x38 ./Middlewares/USB_Device_Library/usbd_core.o
                0x08006fcc                USBD_SetClassConfig
 .text.USBD_ClrClassConfig
                0x08007004       0x30 ./Middlewares/USB_Device_Library/usbd_core.o
                0x08007004                USBD_ClrClassConfig
 .text.USBD_LL_SetupStage
                0x08007034       0xaa ./Middlewares/USB_Device_Library/usbd_core.o
                0x08007034                USBD_LL_SetupStage
 .text.USBD_LL_DataOutStage
                0x080070de       0xc6 ./Middlewares/USB_Device_Library/usbd_core.o
                0x080070de                USBD_LL_DataOutStage
 .text.USBD_LL_DataInStage
                0x080071a4      0x12c ./Middlewares/USB_Device_Library/usbd_core.o
                0x080071a4                USBD_LL_DataInStage
 .text.USBD_LL_Reset
                0x080072d0       0x9c ./Middlewares/USB_Device_Library/usbd_core.o
                0x080072d0                USBD_LL_Reset
 .text.USBD_LL_SetSpeed
                0x0800736c       0x20 ./Middlewares/USB_Device_Library/usbd_core.o
                0x0800736c                USBD_LL_SetSpeed
 .text.USBD_LL_Suspend
                0x0800738c       0x2c ./Middlewares/USB_Device_Library/usbd_core.o
                0x0800738c                USBD_LL_Suspend
 .text.USBD_LL_Resume
                0x080073b8       0x30 ./Middlewares/USB_Device_Library/usbd_core.o
                0x080073b8                USBD_LL_Resume
 .text.USBD_LL_SOF
                0x080073e8       0x44 ./Middlewares/USB_Device_Library/usbd_core.o
                0x080073e8                USBD_LL_SOF
 .text.SWAPBYTE
                0x0800742c       0x3e ./Middlewares/USB_Device_Library/usbd_ctlreq.o
 *fill*         0x0800746a        0x2 
 .text.USBD_StdDevReq
                0x0800746c       0xdc ./Middlewares/USB_Device_Library/usbd_ctlreq.o
                0x0800746c                USBD_StdDevReq
 .text.USBD_StdItfReq
                0x08007548       0x92 ./Middlewares/USB_Device_Library/usbd_ctlreq.o
                0x08007548                USBD_StdItfReq
 .text.USBD_StdEPReq
                0x080075da      0x2c4 ./Middlewares/USB_Device_Library/usbd_ctlreq.o
                0x080075da                USBD_StdEPReq
 *fill*         0x0800789e        0x2 
 .text.USBD_GetDescriptor
                0x080078a0      0x328 ./Middlewares/USB_Device_Library/usbd_ctlreq.o
 .text.USBD_SetAddress
                0x08007bc8       0x88 ./Middlewares/USB_Device_Library/usbd_ctlreq.o
 .text.USBD_SetConfig
                0x08007c50      0x14c ./Middlewares/USB_Device_Library/usbd_ctlreq.o
 .text.USBD_GetConfig
                0x08007d9c       0x6c ./Middlewares/USB_Device_Library/usbd_ctlreq.o
 .text.USBD_GetStatus
                0x08007e08       0x68 ./Middlewares/USB_Device_Library/usbd_ctlreq.o
 .text.USBD_SetFeature
                0x08007e70       0x28 ./Middlewares/USB_Device_Library/usbd_ctlreq.o
 .text.USBD_ClrFeature
                0x08007e98       0x44 ./Middlewares/USB_Device_Library/usbd_ctlreq.o
 .text.USBD_ParseSetupRequest
                0x08007edc       0x74 ./Middlewares/USB_Device_Library/usbd_ctlreq.o
                0x08007edc                USBD_ParseSetupRequest
 .text.USBD_CtlError
                0x08007f50       0x22 ./Middlewares/USB_Device_Library/usbd_ctlreq.o
                0x08007f50                USBD_CtlError
 .text.USBD_GetString
                0x08007f72       0x8c ./Middlewares/USB_Device_Library/usbd_ctlreq.o
                0x08007f72                USBD_GetString
 .text.USBD_GetLen
                0x08007ffe       0x34 ./Middlewares/USB_Device_Library/usbd_ctlreq.o
 .text.USBD_CtlSendData
                0x08008032       0x36 ./Middlewares/USB_Device_Library/usbd_ioreq.o
                0x08008032                USBD_CtlSendData
 .text.USBD_CtlContinueSendData
                0x08008068       0x22 ./Middlewares/USB_Device_Library/usbd_ioreq.o
                0x08008068                USBD_CtlContinueSendData
 .text.USBD_CtlPrepareRx
                0x0800808a       0x3a ./Middlewares/USB_Device_Library/usbd_ioreq.o
                0x0800808a                USBD_CtlPrepareRx
 .text.USBD_CtlContinueRx
                0x080080c4       0x22 ./Middlewares/USB_Device_Library/usbd_ioreq.o
                0x080080c4                USBD_CtlContinueRx
 .text.USBD_CtlSendStatus
                0x080080e6       0x26 ./Middlewares/USB_Device_Library/usbd_ioreq.o
                0x080080e6                USBD_CtlSendStatus
 .text.USBD_CtlReceiveStatus
                0x0800810c       0x26 ./Middlewares/USB_Device_Library/usbd_ioreq.o
                0x0800810c                USBD_CtlReceiveStatus
 .text._vsnprintf_r
                0x08008132       0x5c /opt/stm32cubeide/plugins/com.st.stm32cube.ide.mcu.externaltools.gnu-tools-for-stm32.14.3.rel1.linux64_1.0.100.202602081740/tools/bin/../lib/gcc/arm-none-eabi/14.3.1/../../../../arm-none-eabi/lib/thumb/v7e-m+fp/hard/libc_nano.a(libc_a-vsnprintf.o)
                0x08008132                _vsnprintf_r
                0x08008132                _vsniprintf_r
 *fill*         0x0800818e        0x2 
 .text.vsnprintf
                0x08008190       0x1c /opt/stm32cubeide/plugins/com.st.stm32cube.ide.mcu.externaltools.gnu-tools-for-stm32.14.3.rel1.linux64_1.0.100.202602081740/tools/bin/../lib/gcc/arm-none-eabi/14.3.1/../../../../arm-none-eabi/lib/thumb/v7e-m+fp/hard/libc_nano.a(libc_a-vsnprintf.o)
                0x08008190                vsnprintf
                0x08008190                vsniprintf
 .text.memset   0x080081ac       0x10 /opt/stm32cubeide/plugins/com.st.stm32cube.ide.mcu.externaltools.gnu-tools-for-stm32.14.3.rel1.linux64_1.0.100.202602081740/tools/bin/../lib/gcc/arm-none-eabi/14.3.1/../../../../arm-none-eabi/lib/thumb/v7e-m+fp/hard/libc_nano.a(libc_a-memset.o)
                0x080081ac                memset
 .text.__errno  0x080081bc        0xc /opt/stm32cubeide/plugins/com.st.stm32cube.ide.mcu.externaltools.gnu-tools-for-stm32.14.3.rel1.linux64_1.0.100.202602081740/tools/bin/../lib/gcc/arm-none-eabi/14.3.1/../../../../arm-none-eabi/lib/thumb/v7e-m+fp/hard/libc_nano.a(libc_a-errno.o)
                0x080081bc                __errno
 .text.__libc_init_array
                0x080081c8       0x48 /opt/stm32cubeide/plugins/com.st.stm32cube.ide.mcu.externaltools.gnu-tools-for-stm32.14.3.rel1.linux64_1.0.100.202602081740/tools/bin/../lib/gcc/arm-none-eabi/14.3.1/../../../../arm-none-eabi/lib/thumb/v7e-m+fp/hard/libc_nano.a(libc_a-init.o)
                0x080081c8                __libc_init_array
 .text.__retarget_lock_acquire_recursive
                0x08008210        0x2 /opt/stm32cubeide/plugins/com.st.stm32cube.ide.mcu.externaltools.gnu-tools-for-stm32.14.3.rel1.linux64_1.0.100.202602081740/tools/bin/../lib/gcc/arm-none-eabi/14.3.1/../../../../arm-none-eabi/lib/thumb/v7e-m+fp/hard/libc_nano.a(libc_a-lock.o)
                0x08008210                __retarget_lock_acquire_recursive
 .text.__retarget_lock_release_recursive
                0x08008212        0x2 /opt/stm32cubeide/plugins/com.st.stm32cube.ide.mcu.externaltools.gnu-tools-for-stm32.14.3.rel1.linux64_1.0.100.202602081740/tools/bin/../lib/gcc/arm-none-eabi/14.3.1/../../../../arm-none-eabi/lib/thumb/v7e-m+fp/hard/libc_nano.a(libc_a-lock.o)
                0x08008212                __retarget_lock_release_recursive
 .text.memcpy   0x08008214       0x1c /opt/stm32cubeide/plugins/com.st.stm32cube.ide.mcu.externaltools.gnu-tools-for-stm32.14.3.rel1.linux64_1.0.100.202602081740/tools/bin/../lib/gcc/arm-none-eabi/14.3.1/../../../../arm-none-eabi/lib/thumb/v7e-m+fp/hard/libc_nano.a(libc_a-memcpy-stub.o)
                0x08008214                memcpy
 .text._free_r  0x08008230       0x94 /opt/stm32cubeide/plugins/com.st.stm32cube.ide.mcu.externaltools.gnu-tools-for-stm32.14.3.rel1.linux64_1.0.100.202602081740/tools/bin/../lib/gcc/arm-none-eabi/14.3.1/../../../../arm-none-eabi/lib/thumb/v7e-m+fp/hard/libc_nano.a(libc_a-freer.o)
                0x08008230                _free_r
 .text.sbrk_aligned
                0x080082c4       0x44 /opt/stm32cubeide/plugins/com.st.stm32cube.ide.mcu.externaltools.gnu-tools-for-stm32.14.3.rel1.linux64_1.0.100.202602081740/tools/bin/../lib/gcc/arm-none-eabi/14.3.1/../../../../arm-none-eabi/lib/thumb/v7e-m+fp/hard/libc_nano.a(libc_a-mallocr.o)
 .text._malloc_r
                0x08008308      0x100 /opt/stm32cubeide/plugins/com.st.stm32cube.ide.mcu.externaltools.gnu-tools-for-stm32.14.3.rel1.linux64_1.0.100.202602081740/tools/bin/../lib/gcc/arm-none-eabi/14.3.1/../../../../arm-none-eabi/lib/thumb/v7e-m+fp/hard/libc_nano.a(libc_a-mallocr.o)
                0x08008308                _malloc_r
 .text.__malloc_lock
                0x08008408        0xc /opt/stm32cubeide/plugins/com.st.stm32cube.ide.mcu.externaltools.gnu-tools-for-stm32.14.3.rel1.linux64_1.0.100.202602081740/tools/bin/../lib/gcc/arm-none-eabi/14.3.1/../../../../arm-none-eabi/lib/thumb/v7e-m+fp/hard/libc_nano.a(libc_a-mlock.o)
                0x08008408                __malloc_lock
 .text.__malloc_unlock
                0x08008414        0xc /opt/stm32cubeide/plugins/com.st.stm32cube.ide.mcu.externaltools.gnu-tools-for-stm32.14.3.rel1.linux64_1.0.100.202602081740/tools/bin/../lib/gcc/arm-none-eabi/14.3.1/../../../../arm-none-eabi/lib/thumb/v7e-m+fp/hard/libc_nano.a(libc_a-mlock.o)
                0x08008414                __malloc_unlock
 .text.__ssputs_r
                0x08008420       0xc0 /opt/stm32cubeide/plugins/com.st.stm32cube.ide.mcu.externaltools.gnu-tools-for-stm32.14.3.rel1.linux64_1.0.100.202602081740/tools/bin/../lib/gcc/arm-none-eabi/14.3.1/../../../../arm-none-eabi/lib/thumb/v7e-m+fp/hard/libc_nano.a(libc_a-nano-svfprintf.o)
                0x08008420                __ssputs_r
 .text._svfprintf_r
                0x080084e0      0x1f0 /opt/stm32cubeide/plugins/com.st.stm32cube.ide.mcu.externaltools.gnu-tools-for-stm32.14.3.rel1.linux64_1.0.100.202602081740/tools/bin/../lib/gcc/arm-none-eabi/14.3.1/../../../../arm-none-eabi/lib/thumb/v7e-m+fp/hard/libc_nano.a(libc_a-nano-svfprintf.o)
                0x080084e0                _svfprintf_r
                0x080084e0                _svfiprintf_r
 .text._printf_common
                0x080086d0       0xda /opt/stm32cubeide/plugins/com.st.stm32cube.ide.mcu.externaltools.gnu-tools-for-stm32.14.3.rel1.linux64_1.0.100.202602081740/tools/bin/../lib/gcc/arm-none-eabi/14.3.1/../../../../arm-none-eabi/lib/thumb/v7e-m+fp/hard/libc_nano.a(libc_a-nano-vfprintf_i.o)
                0x080086d0                _printf_common
 *fill*         0x080087aa        0x2 
 .text._printf_i
                0x080087ac      0x24c /opt/stm32cubeide/plugins/com.st.stm32cube.ide.mcu.externaltools.gnu-tools-for-stm32.14.3.rel1.linux64_1.0.100.202602081740/tools/bin/../lib/gcc/arm-none-eabi/14.3.1/../../../../arm-none-eabi/lib/thumb/v7e-m+fp/hard/libc_nano.a(libc_a-nano-vfprintf_i.o)
                0x080087ac                _printf_i
 .text.memmove  0x080089f8       0x32 /opt/stm32cubeide/plugins/com.st.stm32cube.ide.mcu.externaltools.gnu-tools-for-stm32.14.3.rel1.linux64_1.0.100.202602081740/tools/bin/../lib/gcc/arm-none-eabi/14.3.1/../../../../arm-none-eabi/lib/thumb/v7e-m+fp/hard/libc_nano.a(libc_a-memmove.o)
                0x080089f8                memmove
 *fill*         0x08008a2a        0x2 
 .text._sbrk_r  0x08008a2c       0x20 /opt/stm32cubeide/plugins/com.st.stm32cube.ide.mcu.externaltools.gnu-tools-for-stm32.14.3.rel1.linux64_1.0.100.202602081740/tools/bin/../lib/gcc/arm-none-eabi/14.3.1/../../../../arm-none-eabi/lib/thumb/v7e-m+fp/hard/libc_nano.a(libc_a-sbrkr.o)
                0x08008a2c                _sbrk_r
 .text._realloc_r
                0x08008a4c       0x5c /opt/stm32cubeide/plugins/com.st.stm32cube.ide.mcu.externaltools.gnu-tools-for-stm32.14.3.rel1.linux64_1.0.100.202602081740/tools/bin/../lib/gcc/arm-none-eabi/14.3.1/../../../../arm-none-eabi/lib/thumb/v7e-m+fp/hard/libc_nano.a(libc_a-reallocr.o)
                0x08008a4c                _realloc_r
 .text._malloc_usable_size_r
                0x08008aa8       0x10 /opt/stm32cubeide/plugins/com.st.stm32cube.ide.mcu.externaltools.gnu-tools-for-stm32.14.3.rel1.linux64_1.0.100.202602081740/tools/bin/../lib/gcc/arm-none-eabi/14.3.1/../../../../arm-none-eabi/lib/thumb/v7e-m+fp/hard/libc_nano.a(libc_a-msizer.o)
                0x08008aa8                _malloc_usable_size_r
 *(.glue_7)
 .glue_7        0x08008ab8        0x0 linker stubs
 *(.glue_7t)
 .glue_7t       0x08008ab8        0x0 linker stubs
 *(.eh_frame)
 .eh_frame      0x08008ab8        0x0 /opt/stm32cubeide/plugins/com.st.stm32cube.ide.mcu.externaltools.gnu-tools-for-stm32.14.3.rel1.linux64_1.0.100.202602081740/tools/bin/../lib/gcc/arm-none-eabi/14.3.1/thumb/v7e-m+fp/hard/crtbegin.o
 *(.init)
 .init          0x08008ab8        0x4 /opt/stm32cubeide/plugins/com.st.stm32cube.ide.mcu.externaltools.gnu-tools-for-stm32.14.3.rel1.linux64_1.0.100.202602081740/tools/bin/../lib/gcc/arm-none-eabi/14.3.1/thumb/v7e-m+fp/hard/crti.o
                0x08008ab8                _init
 .init          0x08008abc        0x8 /opt/stm32cubeide/plugins/com.st.stm32cube.ide.mcu.externaltools.gnu-tools-for-stm32.14.3.rel1.linux64_1.0.100.202602081740/tools/bin/../lib/gcc/arm-none-eabi/14.3.1/thumb/v7e-m+fp/hard/crtn.o
 *(.fini)
 .fini          0x08008ac4        0x4 /opt/stm32cubeide/plugins/com.st.stm32cube.ide.mcu.externaltools.gnu-tools-for-stm32.14.3.rel1.linux64_1.0.100.202602081740/tools/bin/../lib/gcc/arm-none-eabi/14.3.1/thumb/v7e-m+fp/hard/crti.o
                0x08008ac4                _fini
 .fini          0x08008ac8        0x8 /opt/stm32cubeide/plugins/com.st.stm32cube.ide.mcu.externaltools.gnu-tools-for-stm32.14.3.rel1.linux64_1.0.100.202602081740/tools/bin/../lib/gcc/arm-none-eabi/14.3.1/thumb/v7e-m+fp/hard/crtn.o
 .fini.__stub   0x08008ad0        0x8 linker stubs
                0x08008ad8                        . = ALIGN (0x4)
                0x08008ad8                        _etext = .

.vfp11_veneer   0x08008ad8        0x0
 .vfp11_veneer  0x08008ad8        0x0 linker stubs

.v4_bx          0x08008ad8        0x0
 .v4_bx         0x08008ad8        0x0 linker stubs

.iplt           0x08008ad8        0x0
 .iplt          0x08008ad8        0x0 /opt/stm32cubeide/plugins/com.st.stm32cube.ide.mcu.externaltools.gnu-tools-for-stm32.14.3.rel1.linux64_1.0.100.202602081740/tools/bin/../lib/gcc/arm-none-eabi/14.3.1/thumb/v7e-m+fp/hard/crtbegin.o

.rodata         0x08008ad8       0xc4
                0x08008ad8                        . = ALIGN (0x4)
 *(.rodata)
 .rodata        0x08008ad8       0x38 ./Application/User/Core/main.o
 .rodata        0x08008b10       0x46 ./Application/User/USB_Device/App/usbd_desc.o
 *(.rodata*)
 *fill*         0x08008b56        0x2 
 .rodata.AHBPrescTable
                0x08008b58       0x10 ./Drivers/CMSIS/system_stm32g4xx.o
                0x08008b58                AHBPrescTable
 .rodata._svfprintf_r.str1.1
                0x08008b68       0x33 /opt/stm32cubeide/plugins/com.st.stm32cube.ide.mcu.externaltools.gnu-tools-for-stm32.14.3.rel1.linux64_1.0.100.202602081740/tools/bin/../lib/gcc/arm-none-eabi/14.3.1/../../../../arm-none-eabi/lib/thumb/v7e-m+fp/hard/libc_nano.a(libc_a-nano-svfprintf.o)
                                 0x11 (size before relaxing)
 .rodata._printf_i.str1.1
                0x08008b9b       0x22 /opt/stm32cubeide/plugins/com.st.stm32cube.ide.mcu.externaltools.gnu-tools-for-stm32.14.3.rel1.linux64_1.0.100.202602081740/tools/bin/../lib/gcc/arm-none-eabi/14.3.1/../../../../arm-none-eabi/lib/thumb/v7e-m+fp/hard/libc_nano.a(libc_a-nano-vfprintf_i.o)
                0x08008bc0                        . = ALIGN (0x4)
 *fill*         0x08008b9b        0x1 

.ARM.extab      0x08008b9c        0x0
                0x08008b9c                        . = ALIGN (0x4)
 *(.ARM.extab* .gnu.linkonce.armextab.*)
                0x08008b9c                        . = ALIGN (0x4)

.ARM            0x08008b9c        0x8
                0x08008b9c                        . = ALIGN (0x4)
                0x08008b9c                        __exidx_start = .
 *(.ARM.exidx*)
 .ARM.exidx     0x08008b9c        0x8 /opt/stm32cubeide/plugins/com.st.stm32cube.ide.mcu.externaltools.gnu-tools-for-stm32.14.3.rel1.linux64_1.0.100.202602081740/tools/bin/../lib/gcc/arm-none-eabi/14.3.1/../../../../arm-none-eabi/lib/thumb/v7e-m+fp/hard/libc_nano.a(libc_a-memchr.o)
                0x08008ba4                        __exidx_end = .
                0x08008ba4                        . = ALIGN (0x4)

.preinit_array  0x08008ba4        0x0
                0x08008ba4                        . = ALIGN (0x4)
                0x08008ba4                        PROVIDE (__preinit_array_start = .)
 *(.preinit_array*)
                0x08008ba4                        PROVIDE (__preinit_array_end = .)
                0x08008ba4                        . = ALIGN (0x4)

.init_array     0x08008ba4        0x4
                0x08008ba4                        . = ALIGN (0x4)
                0x08008ba4                        PROVIDE (__init_array_start = .)
 *(SORT_BY_NAME(.init_array.*))
 *(.init_array*)
 .init_array    0x08008ba4        0x4 /opt/stm32cubeide/plugins/com.st.stm32cube.ide.mcu.externaltools.gnu-tools-for-stm32.14.3.rel1.linux64_1.0.100.202602081740/tools/bin/../lib/gcc/arm-none-eabi/14.3.1/thumb/v7e-m+fp/hard/crtbegin.o
                0x08008ba8                        PROVIDE (__init_array_end = .)
                0x08008ba8                        . = ALIGN (0x4)

.fini_array     0x08008ba8        0x4
                0x08008ba8                        . = ALIGN (0x4)
                [!provide]                        PROVIDE (__fini_array_start = .)
 *(SORT_BY_NAME(.fini_array.*))
 *(.fini_array*)
 .fini_array    0x08008ba8        0x4 /opt/stm32cubeide/plugins/com.st.stm32cube.ide.mcu.externaltools.gnu-tools-for-stm32.14.3.rel1.linux64_1.0.100.202602081740/tools/bin/../lib/gcc/arm-none-eabi/14.3.1/thumb/v7e-m+fp/hard/crtbegin.o
                [!provide]                        PROVIDE (__fini_array_end = .)
                0x08008bac                        . = ALIGN (0x4)
                0x08008bac                        _sidata = LOADADDR (.data)

.rel.dyn        0x08008bac        0x0
 .rel.iplt      0x08008bac        0x0 /opt/stm32cubeide/plugins/com.st.stm32cube.ide.mcu.externaltools.gnu-tools-for-stm32.14.3.rel1.linux64_1.0.100.202602081740/tools/bin/../lib/gcc/arm-none-eabi/14.3.1/thumb/v7e-m+fp/hard/crtbegin.o

.data           0x20000000      0x2fc load address 0x08008bac
                0x20000000                        . = ALIGN (0x4)
                0x20000000                        _sdata = .
 *(.data)
 *(.data*)
 .data.USBD_Interface_fops_FS
                0x20000000       0x14 ./Application/User/USB_Device/App/usbd_cdc_if.o
                0x20000000                USBD_Interface_fops_FS
 .data.CDC_Desc
                0x20000014       0x20 ./Application/User/USB_Device/App/usbd_desc.o
                0x20000014                CDC_Desc
 .data.USBD_CDC_DeviceDesc
                0x20000034       0x12 ./Application/User/USB_Device/App/usbd_desc.o
                0x20000034                USBD_CDC_DeviceDesc
 *fill*         0x20000046        0x2 
 .data.USBD_LangIDDesc
                0x20000048        0x4 ./Application/User/USB_Device/App/usbd_desc.o
                0x20000048                USBD_LangIDDesc
 .data.USBD_StringSerial
                0x2000004c       0x1a ./Application/User/USB_Device/App/usbd_desc.o
                0x2000004c                USBD_StringSerial
 *fill*         0x20000066        0x2 
 .data.SystemCoreClock
                0x20000068        0x4 ./Drivers/CMSIS/system_stm32g4xx.o
                0x20000068                SystemCoreClock
 .data.uwTickPrio
                0x2000006c        0x4 ./Drivers/STM32G4xx_HAL_Driver/stm32g4xx_hal.o
                0x2000006c                uwTickPrio
 .data.uwTickFreq
                0x20000070        0x4 ./Drivers/STM32G4xx_HAL_Driver/stm32g4xx_hal.o
                0x20000070                uwTickFreq
 .data.pFlash   0x20000074       0x20 ./Drivers/STM32G4xx_HAL_Driver/stm32g4xx_hal_flash.o
                0x20000074                pFlash
 .data.USBD_CDC_DeviceQualifierDesc
                0x20000094        0xa ./Middlewares/USB_Device_Library/usbd_cdc.o
 *fill*         0x2000009e        0x2 
 .data.USBD_CDC
                0x200000a0       0x38 ./Middlewares/USB_Device_Library/usbd_cdc.o
                0x200000a0                USBD_CDC
 .data.USBD_CDC_CfgHSDesc
                0x200000d8       0x43 ./Middlewares/USB_Device_Library/usbd_cdc.o
 *fill*         0x2000011b        0x1 
 .data.USBD_CDC_CfgFSDesc
                0x2000011c       0x43 ./Middlewares/USB_Device_Library/usbd_cdc.o
 *fill*         0x2000015f        0x1 
 .data.USBD_CDC_OtherSpeedCfgDesc
                0x20000160       0x43 ./Middlewares/USB_Device_Library/usbd_cdc.o
 *fill*         0x200001a3        0x1 
 .data._impure_ptr
                0x200001a4        0x4 /opt/stm32cubeide/plugins/com.st.stm32cube.ide.mcu.externaltools.gnu-tools-for-stm32.14.3.rel1.linux64_1.0.100.202602081740/tools/bin/../lib/gcc/arm-none-eabi/14.3.1/../../../../arm-none-eabi/lib/thumb/v7e-m+fp/hard/libc_nano.a(libc_a-impure.o)
                0x200001a4                _impure_ptr
 .data._impure_data
                0x200001a8       0x4c /opt/stm32cubeide/plugins/com.st.stm32cube.ide.mcu.externaltools.gnu-tools-for-stm32.14.3.rel1.linux64_1.0.100.202602081740/tools/bin/../lib/gcc/arm-none-eabi/14.3.1/../../../../arm-none-eabi/lib/thumb/v7e-m+fp/hard/libc_nano.a(libc_a-impure.o)
                0x200001a8                _impure_data
 *(.RamFunc)
 .RamFunc       0x200001f4      0x108 ./Application/User/Core/main.o
                0x200001f4                HAL_GPIO_EXTI_Callback
 *(.RamFunc*)
                0x200002fc                        . = ALIGN (0x4)
                0x200002fc                        _edata = .

.igot.plt       0x200002fc        0x0 load address 0x08008ea8
 .igot.plt      0x200002fc        0x0 /opt/stm32cubeide/plugins/com.st.stm32cube.ide.mcu.externaltools.gnu-tools-for-stm32.14.3.rel1.linux64_1.0.100.202602081740/tools/bin/../lib/gcc/arm-none-eabi/14.3.1/thumb/v7e-m+fp/hard/crtbegin.o
                0x200002fc                        . = ALIGN (0x4)

.bss            0x200002fc    0x13744 load address 0x08008ea8
                0x200002fc                        _sbss = .
                0x200002fc                        __bss_start__ = _sbss
 *(.bss)
 .bss           0x200002fc       0x1c /opt/stm32cubeide/plugins/com.st.stm32cube.ide.mcu.externaltools.gnu-tools-for-stm32.14.3.rel1.linux64_1.0.100.202602081740/tools/bin/../lib/gcc/arm-none-eabi/14.3.1/thumb/v7e-m+fp/hard/crtbegin.o
 *(.bss*)
 .bss.RX5       0x20000318        0x1 ./Application/User/Core/main.o
 *fill*         0x20000319        0x3 
 .bss.ram1_data
                0x2000031c     0x2000 ./Application/User/Core/main.o
 .bss.ram2_data
                0x2000231c     0x2000 ./Application/User/Core/main.o
 .bss.ram3_data
                0x2000431c     0x2000 ./Application/User/Core/main.o
 .bss.ram1_count
                0x2000631c     0x4000 ./Application/User/Core/main.o
 .bss.ram2_count
                0x2000a31c     0x4000 ./Application/User/Core/main.o
 .bss.ram3_count
                0x2000e31c     0x4000 ./Application/User/Core/main.o
 .bss.dump_request
                0x2001231c        0x1 ./Application/User/Core/main.o
                0x2001231c                dump_request
 *fill*         0x2001231d        0x3 
 .bss.__sbrk_heap_end
                0x20012320        0x4 ./Application/User/Core/sysmem.o
 .bss.hUsbDeviceFS
                0x20012324      0x2d0 ./Application/User/USB_Device/App/usb_device.o
                0x20012324                hUsbDeviceFS
 .bss.UserRxBufferFS
                0x200125f4      0x400 ./Application/User/USB_Device/App/usbd_cdc_if.o
                0x200125f4                UserRxBufferFS
 .bss.UserTxBufferFS
                0x200129f4      0x400 ./Application/User/USB_Device/App/usbd_cdc_if.o
                0x200129f4                UserTxBufferFS
 .bss.buf.0     0x20012df4      0x400 ./Application/User/USB_Device/App/usbd_cdc_if.o
 .bss.USBD_StrDesc
                0x200131f4      0x200 ./Application/User/USB_Device/App/usbd_desc.o
                0x200131f4                USBD_StrDesc
 .bss.hpcd_USB_FS
                0x200133f4      0x2dc ./Application/User/USB_Device/Target/usbd_conf.o
                0x200133f4                hpcd_USB_FS
 .bss.mem.0     0x200136d0      0x220 ./Application/User/USB_Device/Target/usbd_conf.o
 .bss.uwTick    0x200138f0        0x4 ./Drivers/STM32G4xx_HAL_Driver/stm32g4xx_hal.o
                0x200138f0                uwTick
 .bss.cfgidx.0  0x200138f4        0x1 ./Middlewares/USB_Device_Library/usbd_ctlreq.o
 *fill*         0x200138f5        0x3 
 .bss.__sf      0x200138f8      0x138 /opt/stm32cubeide/plugins/com.st.stm32cube.ide.mcu.externaltools.gnu-tools-for-stm32.14.3.rel1.linux64_1.0.100.202602081740/tools/bin/../lib/gcc/arm-none-eabi/14.3.1/../../../../arm-none-eabi/lib/thumb/v7e-m+fp/hard/libc_nano.a(libc_a-findfp.o)
                0x200138f8                __sf
 .bss.errno     0x20013a30        0x4 /opt/stm32cubeide/plugins/com.st.stm32cube.ide.mcu.externaltools.gnu-tools-for-stm32.14.3.rel1.linux64_1.0.100.202602081740/tools/bin/../lib/gcc/arm-none-eabi/14.3.1/../../../../arm-none-eabi/lib/thumb/v7e-m+fp/hard/libc_nano.a(libc_a-reent.o)
                0x20013a30                errno
 .bss.__lock___malloc_recursive_mutex
                0x20013a34        0x1 /opt/stm32cubeide/plugins/com.st.stm32cube.ide.mcu.externaltools.gnu-tools-for-stm32.14.3.rel1.linux64_1.0.100.202602081740/tools/bin/../lib/gcc/arm-none-eabi/14.3.1/../../../../arm-none-eabi/lib/thumb/v7e-m+fp/hard/libc_nano.a(libc_a-lock.o)
                0x20013a34                __lock___malloc_recursive_mutex
 *fill*         0x20013a35        0x3 
 .bss.__malloc_sbrk_start
                0x20013a38        0x4 /opt/stm32cubeide/plugins/com.st.stm32cube.ide.mcu.externaltools.gnu-tools-for-stm32.14.3.rel1.linux64_1.0.100.202602081740/tools/bin/../lib/gcc/arm-none-eabi/14.3.1/../../../../arm-none-eabi/lib/thumb/v7e-m+fp/hard/libc_nano.a(libc_a-mallocr.o)
                0x20013a38                __malloc_sbrk_start
 .bss.__malloc_free_list
                0x20013a3c        0x4 /opt/stm32cubeide/plugins/com.st.stm32cube.ide.mcu.externaltools.gnu-tools-for-stm32.14.3.rel1.linux64_1.0.100.202602081740/tools/bin/../lib/gcc/arm-none-eabi/14.3.1/../../../../arm-none-eabi/lib/thumb/v7e-m+fp/hard/libc_nano.a(libc_a-mallocr.o)
                0x20013a3c                __malloc_free_list
 *(COMMON)
                0x20013a40                        . = ALIGN (0x4)
                0x20013a40                        _ebss = .
                0x20013a40                        __bss_end__ = _ebss

._user_heap_stack
                0x20013a40      0x600 load address 0x08008ea8
                0x20013a40                        . = ALIGN (0x8)
                [!provide]                        PROVIDE (end = .)
                0x20013a40                        PROVIDE (_end = .)
                0x20013c40                        . = (. + _Min_Heap_Size)
 *fill*         0x20013a40      0x200 
                0x20014040                        . = (. + _Min_Stack_Size)
 *fill*         0x20013c40      0x400 
                0x20014040                        . = ALIGN (0x8)

/DISCARD/
 libc.a(*)
 libm.a(*)
 libgcc.a(*)

.ARM.attributes
                0x00000000       0x30
 *(.ARM.attributes)
 .ARM.attributes
                0x00000000       0x22 /opt/stm32cubeide/plugins/com.st.stm32cube.ide.mcu.externaltools.gnu-tools-for-stm32.14.3.rel1.linux64_1.0.100.202602081740/tools/bin/../lib/gcc/arm-none-eabi/14.3.1/thumb/v7e-m+fp/hard/crti.o
 .ARM.attributes
                0x00000022       0x34 /opt/stm32cubeide/plugins/com.st.stm32cube.ide.mcu.externaltools.gnu-tools-for-stm32.14.3.rel1.linux64_1.0.100.202602081740/tools/bin/../lib/gcc/arm-none-eabi/14.3.1/thumb/v7e-m+fp/hard/crtbegin.o
 .ARM.attributes
                0x00000056       0x34 ./Application/User/Core/main.o
 .ARM.attributes
                0x0000008a       0x34 ./Application/User/Core/stm32g4xx_hal_msp.o
 .ARM.attributes
                0x000000be       0x34 ./Application/User/Core/stm32g4xx_it.o
 .ARM.attributes
                0x000000f2       0x34 ./Application/User/Core/sysmem.o
 .ARM.attributes
                0x00000126       0x21 ./Application/User/Startup/startup_stm32g474cetx.o
 .ARM.attributes
                0x00000147       0x34 ./Application/User/USB_Device/App/usb_device.o
 .ARM.attributes
                0x0000017b       0x34 ./Application/User/USB_Device/App/usbd_cdc_if.o
 .ARM.attributes
                0x000001af       0x34 ./Application/User/USB_Device/App/usbd_desc.o
 .ARM.attributes
                0x000001e3       0x34 ./Application/User/USB_Device/Target/usbd_conf.o
 .ARM.attributes
                0x00000217       0x34 ./Drivers/CMSIS/system_stm32g4xx.o
 .ARM.attributes
                0x0000024b       0x34 ./Drivers/STM32G4xx_HAL_Driver/stm32g4xx_hal.o
 .ARM.attributes
                0x0000027f       0x34 ./Drivers/STM32G4xx_HAL_Driver/stm32g4xx_hal_cortex.o
 .ARM.attributes
                0x000002b3       0x34 ./Drivers/STM32G4xx_HAL_Driver/stm32g4xx_hal_flash.o
 .ARM.attributes
                0x000002e7       0x34 ./Drivers/STM32G4xx_HAL_Driver/stm32g4xx_hal_flash_ex.o
 .ARM.attributes
                0x0000031b       0x34 ./Drivers/STM32G4xx_HAL_Driver/stm32g4xx_hal_gpio.o
 .ARM.attributes
                0x0000034f       0x34 ./Drivers/STM32G4xx_HAL_Driver/stm32g4xx_hal_pcd.o
 .ARM.attributes
                0x00000383       0x34 ./Drivers/STM32G4xx_HAL_Driver/stm32g4xx_hal_pcd_ex.o
 .ARM.attributes
                0x000003b7       0x34 ./Drivers/STM32G4xx_HAL_Driver/stm32g4xx_hal_pwr_ex.o
 .ARM.attributes
                0x000003eb       0x34 ./Drivers/STM32G4xx_HAL_Driver/stm32g4xx_hal_rcc.o
 .ARM.attributes
                0x0000041f       0x34 ./Drivers/STM32G4xx_HAL_Driver/stm32g4xx_hal_rcc_ex.o
 .ARM.attributes
                0x00000453       0x34 ./Drivers/STM32G4xx_HAL_Driver/stm32g4xx_ll_usb.o
 .ARM.attributes
                0x00000487       0x34 ./Middlewares/USB_Device_Library/usbd_cdc.o
 .ARM.attributes
                0x000004bb       0x34 ./Middlewares/USB_Device_Library/usbd_core.o
 .ARM.attributes
                0x000004ef       0x34 ./Middlewares/USB_Device_Library/usbd_ctlreq.o
 .ARM.attributes
                0x00000523       0x34 ./Middlewares/USB_Device_Library/usbd_ioreq.o
 .ARM.attributes
                0x00000557       0x34 /opt/stm32cubeide/plugins/com.st.stm32cube.ide.mcu.externaltools.gnu-tools-for-stm32.14.3.rel1.linux64_1.0.100.202602081740/tools/bin/../lib/gcc/arm-none-eabi/14.3.1/../../../../arm-none-eabi/lib/thumb/v7e-m+fp/hard/libc_nano.a(libc_a-findfp.o)
 .ARM.attributes
                0x0000058b       0x34 /opt/stm32cubeide/plugins/com.st.stm32cube.ide.mcu.externaltools.gnu-tools-for-stm32.14.3.rel1.linux64_1.0.100.202602081740/tools/bin/../lib/gcc/arm-none-eabi/14.3.1/../../../../arm-none-eabi/lib/thumb/v7e-m+fp/hard/libc_nano.a(libc_a-vsnprintf.o)
 .ARM.attributes
                0x000005bf       0x34 /opt/stm32cubeide/plugins/com.st.stm32cube.ide.mcu.externaltools.gnu-tools-for-stm32.14.3.rel1.linux64_1.0.100.202602081740/tools/bin/../lib/gcc/arm-none-eabi/14.3.1/../../../../arm-none-eabi/lib/thumb/v7e-m+fp/hard/libc_nano.a(libc_a-memset.o)
 .ARM.attributes
                0x000005f3       0x34 /opt/stm32cubeide/plugins/com.st.stm32cube.ide.mcu.externaltools.gnu-tools-for-stm32.14.3.rel1.linux64_1.0.100.202602081740/tools/bin/../lib/gcc/arm-none-eabi/14.3.1/../../../../arm-none-eabi/lib/thumb/v7e-m+fp/hard/libc_nano.a(libc_a-reent.o)
 .ARM.attributes
                0x00000627       0x34 /opt/stm32cubeide/plugins/com.st.stm32cube.ide.mcu.externaltools.gnu-tools-for-stm32.14.3.rel1.linux64_1.0.100.202602081740/tools/bin/../lib/gcc/arm-none-eabi/14.3.1/../../../../arm-none-eabi/lib/thumb/v7e-m+fp/hard/libc_nano.a(libc_a-impure.o)
 .ARM.attributes
                0x0000065b       0x34 /opt/stm32cubeide/plugins/com.st.stm32cube.ide.mcu.externaltools.gnu-tools-for-stm32.14.3.rel1.linux64_1.0.100.202602081740/tools/bin/../lib/gcc/arm-none-eabi/14.3.1/../../../../arm-none-eabi/lib/thumb/v7e-m+fp/hard/libc_nano.a(libc_a-errno.o)
 .ARM.attributes
                0x0000068f       0x34 /opt/stm32cubeide/plugins/com.st.stm32cube.ide.mcu.externaltools.gnu-tools-for-stm32.14.3.rel1.linux64_1.0.100.202602081740/tools/bin/../lib/gcc/arm-none-eabi/14.3.1/../../../../arm-none-eabi/lib/thumb/v7e-m+fp/hard/libc_nano.a(libc_a-init.o)
 .ARM.attributes
                0x000006c3       0x34 /opt/stm32cubeide/plugins/com.st.stm32cube.ide.mcu.externaltools.gnu-tools-for-stm32.14.3.rel1.linux64_1.0.100.202602081740/tools/bin/../lib/gcc/arm-none-eabi/14.3.1/../../../../arm-none-eabi/lib/thumb/v7e-m+fp/hard/libc_nano.a(libc_a-lock.o)
 .ARM.attributes
                0x000006f7       0x34 /opt/stm32cubeide/plugins/com.st.stm32cube.ide.mcu.externaltools.gnu-tools-for-stm32.14.3.rel1.linux64_1.0.100.202602081740/tools/bin/../lib/gcc/arm-none-eabi/14.3.1/../../../../arm-none-eabi/lib/thumb/v7e-m+fp/hard/libc_nano.a(libc_a-memcpy-stub.o)
 .ARM.attributes
                0x0000072b       0x34 /opt/stm32cubeide/plugins/com.st.stm32cube.ide.mcu.externaltools.gnu-tools-for-stm32.14.3.rel1.linux64_1.0.100.202602081740/tools/bin/../lib/gcc/arm-none-eabi/14.3.1/../../../../arm-none-eabi/lib/thumb/v7e-m+fp/hard/libc_nano.a(libc_a-freer.o)
 .ARM.attributes
                0x0000075f       0x34 /opt/stm32cubeide/plugins/com.st.stm32cube.ide.mcu.externaltools.gnu-tools-for-stm32.14.3.rel1.linux64_1.0.100.202602081740/tools/bin/../lib/gcc/arm-none-eabi/14.3.1/../../../../arm-none-eabi/lib/thumb/v7e-m+fp/hard/libc_nano.a(libc_a-mallocr.o)
 .ARM.attributes
                0x00000793       0x34 /opt/stm32cubeide/plugins/com.st.stm32cube.ide.mcu.externaltools.gnu-tools-for-stm32.14.3.rel1.linux64_1.0.100.202602081740/tools/bin/../lib/gcc/arm-none-eabi/14.3.1/../../../../arm-none-eabi/lib/thumb/v7e-m+fp/hard/libc_nano.a(libc_a-mlock.o)
 .ARM.attributes
                0x000007c7       0x34 /opt/stm32cubeide/plugins/com.st.stm32cube.ide.mcu.externaltools.gnu-tools-for-stm32.14.3.rel1.linux64_1.0.100.202602081740/tools/bin/../lib/gcc/arm-none-eabi/14.3.1/../../../../arm-none-eabi/lib/thumb/v7e-m+fp/hard/libc_nano.a(libc_a-nano-svfprintf.o)
 .ARM.attributes
                0x000007fb       0x34 /opt/stm32cubeide/plugins/com.st.stm32cube.ide.mcu.externaltools.gnu-tools-for-stm32.14.3.rel1.linux64_1.0.100.202602081740/tools/bin/../lib/gcc/arm-none-eabi/14.3.1/../../../../arm-none-eabi/lib/thumb/v7e-m+fp/hard/libc_nano.a(libc_a-nano-vfprintf_i.o)
 .ARM.attributes
                0x0000082f       0x34 /opt/stm32cubeide/plugins/com.st.stm32cube.ide.mcu.externaltools.gnu-tools-for-stm32.14.3.rel1.linux64_1.0.100.202602081740/tools/bin/../lib/gcc/arm-none-eabi/14.3.1/../../../../arm-none-eabi/lib/thumb/v7e-m+fp/hard/libc_nano.a(libc_a-memmove.o)
 .ARM.attributes
                0x00000863       0x34 /opt/stm32cubeide/plugins/com.st.stm32cube.ide.mcu.externaltools.gnu-tools-for-stm32.14.3.rel1.linux64_1.0.100.202602081740/tools/bin/../lib/gcc/arm-none-eabi/14.3.1/../../../../arm-none-eabi/lib/thumb/v7e-m+fp/hard/libc_nano.a(libc_a-sbrkr.o)
 .ARM.attributes
                0x00000897       0x1c /opt/stm32cubeide/plugins/com.st.stm32cube.ide.mcu.externaltools.gnu-tools-for-stm32.14.3.rel1.linux64_1.0.100.202602081740/tools/bin/../lib/gcc/arm-none-eabi/14.3.1/../../../../arm-none-eabi/lib/thumb/v7e-m+fp/hard/libc_nano.a(libc_a-memchr.o)
 .ARM.attributes
                0x000008b3       0x34 /opt/stm32cubeide/plugins/com.st.stm32cube.ide.mcu.externaltools.gnu-tools-for-stm32.14.3.rel1.linux64_1.0.100.202602081740/tools/bin/../lib/gcc/arm-none-eabi/14.3.1/../../../../arm-none-eabi/lib/thumb/v7e-m+fp/hard/libc_nano.a(libc_a-reallocr.o)
 .ARM.attributes
                0x000008e7       0x34 /opt/stm32cubeide/plugins/com.st.stm32cube.ide.mcu.externaltools.gnu-tools-for-stm32.14.3.rel1.linux64_1.0.100.202602081740/tools/bin/../lib/gcc/arm-none-eabi/14.3.1/../../../../arm-none-eabi/lib/thumb/v7e-m+fp/hard/libc_nano.a(libc_a-msizer.o)
 .ARM.attributes
                0x0000091b       0x22 /opt/stm32cubeide/plugins/com.st.stm32cube.ide.mcu.externaltools.gnu-tools-for-stm32.14.3.rel1.linux64_1.0.100.202602081740/tools/bin/../lib/gcc/arm-none-eabi/14.3.1/thumb/v7e-m+fp/hard/crtn.o
OUTPUT(RXProg-firmware.elf elf32-littlearm)
LOAD linker stubs
LOAD /opt/stm32cubeide/plugins/com.st.stm32cube.ide.mcu.externaltools.gnu-tools-for-stm32.14.3.rel1.linux64_1.0.100.202602081740/tools/bin/../lib/gcc/arm-none-eabi/14.3.1/../../../../arm-none-eabi/lib/thumb/v7e-m+fp/hard/libc.a
LOAD /opt/stm32cubeide/plugins/com.st.stm32cube.ide.mcu.externaltools.gnu-tools-for-stm32.14.3.rel1.linux64_1.0.100.202602081740/tools/bin/../lib/gcc/arm-none-eabi/14.3.1/../../../../arm-none-eabi/lib/thumb/v7e-m+fp/hard/libm.a
LOAD /opt/stm32cubeide/plugins/com.st.stm32cube.ide.mcu.externaltools.gnu-tools-for-stm32.14.3.rel1.linux64_1.0.100.202602081740/tools/bin/../lib/gcc/arm-none-eabi/14.3.1/thumb/v7e-m+fp/hard/libgcc.a

.debug_info     0x00000000    0x106e8
 .debug_info    0x00000000      0xef9 ./Application/User/Core/main.o
 .debug_info    0x00000ef9      0x2da ./Application/User/Core/stm32g4xx_hal_msp.o
 .debug_info    0x000011d3      0x655 ./Application/User/Core/stm32g4xx_it.o
 .debug_info    0x00001828      0x168 ./Application/User/Core/sysmem.o
 .debug_info    0x00001990       0x30 ./Application/User/Startup/startup_stm32g474cetx.o
 .debug_info    0x000019c0      0x6d7 ./Application/User/USB_Device/App/usb_device.o
 .debug_info    0x00002097      0x9b2 ./Application/User/USB_Device/App/usbd_cdc_if.o
 .debug_info    0x00002a49      0x45f ./Application/User/USB_Device/App/usbd_desc.o
 .debug_info    0x00002ea8     0x1daf ./Application/User/USB_Device/Target/usbd_conf.o
 .debug_info    0x00004c57      0x58e ./Drivers/CMSIS/system_stm32g4xx.o
 .debug_info    0x000051e5      0xb95 ./Drivers/STM32G4xx_HAL_Driver/stm32g4xx_hal.o
 .debug_info    0x00005d7a      0xdf9 ./Drivers/STM32G4xx_HAL_Driver/stm32g4xx_hal_cortex.o
 .debug_info    0x00006b73      0x71a ./Drivers/STM32G4xx_HAL_Driver/stm32g4xx_hal_flash.o
 .debug_info    0x0000728d      0x9ae ./Drivers/STM32G4xx_HAL_Driver/stm32g4xx_hal_flash_ex.o
 .debug_info    0x00007c3b      0x772 ./Drivers/STM32G4xx_HAL_Driver/stm32g4xx_hal_gpio.o
 .debug_info    0x000083ad     0x166a ./Drivers/STM32G4xx_HAL_Driver/stm32g4xx_hal_pcd.o
 .debug_info    0x00009a17      0x80a ./Drivers/STM32G4xx_HAL_Driver/stm32g4xx_hal_pcd_ex.o
 .debug_info    0x0000a221      0x944 ./Drivers/STM32G4xx_HAL_Driver/stm32g4xx_hal_pwr_ex.o
 .debug_info    0x0000ab65      0xbf9 ./Drivers/STM32G4xx_HAL_Driver/stm32g4xx_hal_rcc.o
 .debug_info    0x0000b75e      0xc5d ./Drivers/STM32G4xx_HAL_Driver/stm32g4xx_hal_rcc_ex.o
 .debug_info    0x0000c3bb     0x1577 ./Drivers/STM32G4xx_HAL_Driver/stm32g4xx_ll_usb.o
 .debug_info    0x0000d932     0x1124 ./Middlewares/USB_Device_Library/usbd_cdc.o
 .debug_info    0x0000ea56      0xb1b ./Middlewares/USB_Device_Library/usbd_core.o
 .debug_info    0x0000f571      0xa57 ./Middlewares/USB_Device_Library/usbd_ctlreq.o
 .debug_info    0x0000ffc8      0x720 ./Middlewares/USB_Device_Library/usbd_ioreq.o

.debug_abbrev   0x00000000     0x360e
 .debug_abbrev  0x00000000      0x2da ./Application/User/Core/main.o
 .debug_abbrev  0x000002da       0xd9 ./Application/User/Core/stm32g4xx_hal_msp.o
 .debug_abbrev  0x000003b3      0x192 ./Application/User/Core/stm32g4xx_it.o
 .debug_abbrev  0x00000545       0xbc ./Application/User/Core/sysmem.o
 .debug_abbrev  0x00000601       0x24 ./Application/User/Startup/startup_stm32g474cetx.o
 .debug_abbrev  0x00000625      0x1a4 ./Application/User/USB_Device/App/usb_device.o
 .debug_abbrev  0x000007c9      0x329 ./Application/User/USB_Device/App/usbd_cdc_if.o
 .debug_abbrev  0x00000af2      0x20e ./Application/User/USB_Device/App/usbd_desc.o
 .debug_abbrev  0x00000d00      0x32c ./Application/User/USB_Device/Target/usbd_conf.o
 .debug_abbrev  0x0000102c      0x11a ./Drivers/CMSIS/system_stm32g4xx.o
 .debug_abbrev  0x00001146      0x271 ./Drivers/STM32G4xx_HAL_Driver/stm32g4xx_hal.o
 .debug_abbrev  0x000013b7      0x31c ./Drivers/STM32G4xx_HAL_Driver/stm32g4xx_hal_cortex.o
 .debug_abbrev  0x000016d3      0x325 ./Drivers/STM32G4xx_HAL_Driver/stm32g4xx_hal_flash.o
 .debug_abbrev  0x000019f8      0x294 ./Drivers/STM32G4xx_HAL_Driver/stm32g4xx_hal_flash_ex.o
 .debug_abbrev  0x00001c8c      0x1d2 ./Drivers/STM32G4xx_HAL_Driver/stm32g4xx_hal_gpio.o
 .debug_abbrev  0x00001e5e      0x2b9 ./Drivers/STM32G4xx_HAL_Driver/stm32g4xx_hal_pcd.o
 .debug_abbrev  0x00002117      0x228 ./Drivers/STM32G4xx_HAL_Driver/stm32g4xx_hal_pcd_ex.o
 .debug_abbrev  0x0000233f      0x22c ./Drivers/STM32G4xx_HAL_Driver/stm32g4xx_hal_pwr_ex.o
 .debug_abbrev  0x0000256b      0x2c9 ./Drivers/STM32G4xx_HAL_Driver/stm32g4xx_hal_rcc.o
 .debug_abbrev  0x00002834      0x261 ./Drivers/STM32G4xx_HAL_Driver/stm32g4xx_hal_rcc_ex.o
 .debug_abbrev  0x00002a95      0x247 ./Drivers/STM32G4xx_HAL_Driver/stm32g4xx_ll_usb.o
 .debug_abbrev  0x00002cdc      0x2bc ./Middlewares/USB_Device_Library/usbd_cdc.o
 .debug_abbrev  0x00002f98      0x24f ./Middlewares/USB_Device_Library/usbd_core.o
 .debug_abbrev  0x000031e7      0x27e ./Middlewares/USB_Device_Library/usbd_ctlreq.o
 .debug_abbrev  0x00003465      0x1a9 ./Middlewares/USB_Device_Library/usbd_ioreq.o

.debug_aranges  0x00000000      0xe60
 .debug_aranges
                0x00000000       0x50 ./Application/User/Core/main.o
 .debug_aranges
                0x00000050       0x20 ./Application/User/Core/stm32g4xx_hal_msp.o
 .debug_aranges
                0x00000070       0x70 ./Application/User/Core/stm32g4xx_it.o
 .debug_aranges
                0x000000e0       0x20 ./Application/User/Core/sysmem.o
 .debug_aranges
                0x00000100       0x28 ./Application/User/Startup/startup_stm32g474cetx.o
 .debug_aranges
                0x00000128       0x20 ./Application/User/USB_Device/App/usb_device.o
 .debug_aranges
                0x00000148       0x50 ./Application/User/USB_Device/App/usbd_cdc_if.o
 .debug_aranges
                0x00000198       0x60 ./Application/User/USB_Device/App/usbd_desc.o
 .debug_aranges
                0x000001f8      0x120 ./Application/User/USB_Device/Target/usbd_conf.o
 .debug_aranges
                0x00000318       0x28 ./Drivers/CMSIS/system_stm32g4xx.o
 .debug_aranges
                0x00000340      0x148 ./Drivers/STM32G4xx_HAL_Driver/stm32g4xx_hal.o
 .debug_aranges
                0x00000488      0x128 ./Drivers/STM32G4xx_HAL_Driver/stm32g4xx_hal_cortex.o
 .debug_aranges
                0x000005b0       0x88 ./Drivers/STM32G4xx_HAL_Driver/stm32g4xx_hal_flash.o
 .debug_aranges
                0x00000638       0xc8 ./Drivers/STM32G4xx_HAL_Driver/stm32g4xx_hal_flash_ex.o
 .debug_aranges
                0x00000700       0x58 ./Drivers/STM32G4xx_HAL_Driver/stm32g4xx_hal_gpio.o
 .debug_aranges
                0x00000758      0x138 ./Drivers/STM32G4xx_HAL_Driver/stm32g4xx_hal_pcd.o
 .debug_aranges
                0x00000890       0x58 ./Drivers/STM32G4xx_HAL_Driver/stm32g4xx_hal_pcd_ex.o
 .debug_aranges
                0x000008e8      0x140 ./Drivers/STM32G4xx_HAL_Driver/stm32g4xx_hal_pwr_ex.o
 .debug_aranges
                0x00000a28       0x98 ./Drivers/STM32G4xx_HAL_Driver/stm32g4xx_hal_rcc.o
 .debug_aranges
                0x00000ac0       0xb0 ./Drivers/STM32G4xx_HAL_Driver/stm32g4xx_hal_rcc_ex.o
 .debug_aranges
                0x00000b70       0xc8 ./Drivers/STM32G4xx_HAL_Driver/stm32g4xx_ll_usb.o
 .debug_aranges
                0x00000c38       0x90 ./Middlewares/USB_Device_Library/usbd_cdc.o
 .debug_aranges
                0x00000cc8       0xb8 ./Middlewares/USB_Device_Library/usbd_core.o
 .debug_aranges
                0x00000d80       0x90 ./Middlewares/USB_Device_Library/usbd_ctlreq.o
 .debug_aranges
                0x00000e10       0x50 ./Middlewares/USB_Device_Library/usbd_ioreq.o

.debug_rnglists
                0x00000000      0xa9b
 .debug_rnglists
                0x00000000       0x3c ./Application/User/Core/main.o
 .debug_rnglists
                0x0000003c       0x13 ./Application/User/Core/stm32g4xx_hal_msp.o
 .debug_rnglists
                0x0000004f       0x4f ./Application/User/Core/stm32g4xx_it.o
 .debug_rnglists
                0x0000009e       0x13 ./Application/User/Core/sysmem.o
 .debug_rnglists
                0x000000b1       0x19 ./Application/User/Startup/startup_stm32g474cetx.o
 .debug_rnglists
                0x000000ca       0x13 ./Application/User/USB_Device/App/usb_device.o
 .debug_rnglists
                0x000000dd       0x38 ./Application/User/USB_Device/App/usbd_cdc_if.o
 .debug_rnglists
                0x00000115       0x43 ./Application/User/USB_Device/App/usbd_desc.o
 .debug_rnglists
                0x00000158       0xd4 ./Application/User/USB_Device/Target/usbd_conf.o
 .debug_rnglists
                0x0000022c       0x1a ./Drivers/CMSIS/system_stm32g4xx.o
 .debug_rnglists
                0x00000246       0xf1 ./Drivers/STM32G4xx_HAL_Driver/stm32g4xx_hal.o
 .debug_rnglists
                0x00000337       0xda ./Drivers/STM32G4xx_HAL_Driver/stm32g4xx_hal_cortex.o
 .debug_rnglists
                0x00000411       0x65 ./Drivers/STM32G4xx_HAL_Driver/stm32g4xx_hal_flash.o
 .debug_rnglists
                0x00000476       0x9c ./Drivers/STM32G4xx_HAL_Driver/stm32g4xx_hal_flash_ex.o
 .debug_rnglists
                0x00000512       0x3f ./Drivers/STM32G4xx_HAL_Driver/stm32g4xx_hal_gpio.o
 .debug_rnglists
                0x00000551       0xee ./Drivers/STM32G4xx_HAL_Driver/stm32g4xx_hal_pcd.o
 .debug_rnglists
                0x0000063f       0x3f ./Drivers/STM32G4xx_HAL_Driver/stm32g4xx_hal_pcd_ex.o
 .debug_rnglists
                0x0000067e       0xf1 ./Drivers/STM32G4xx_HAL_Driver/stm32g4xx_hal_pwr_ex.o
 .debug_rnglists
                0x0000076f       0x74 ./Drivers/STM32G4xx_HAL_Driver/stm32g4xx_hal_rcc.o
 .debug_rnglists
                0x000007e3       0x87 ./Drivers/STM32G4xx_HAL_Driver/stm32g4xx_hal_rcc_ex.o
 .debug_rnglists
                0x0000086a       0x99 ./Drivers/STM32G4xx_HAL_Driver/stm32g4xx_ll_usb.o
 .debug_rnglists
                0x00000903       0x6a ./Middlewares/USB_Device_Library/usbd_cdc.o
 .debug_rnglists
                0x0000096d       0x89 ./Middlewares/USB_Device_Library/usbd_core.o
 .debug_rnglists
                0x000009f6       0x6e ./Middlewares/USB_Device_Library/usbd_ctlreq.o
 .debug_rnglists
                0x00000a64       0x37 ./Middlewares/USB_Device_Library/usbd_ioreq.o

.debug_macro    0x00000000    0x2736b
 .debug_macro   0x00000000      0x39f ./Application/User/Core/main.o
 .debug_macro   0x0000039f      0xad8 ./Application/User/Core/main.o
 .debug_macro   0x00000e77      0x155 ./Application/User/Core/main.o
 .debug_macro   0x00000fcc       0x2e ./Application/User/Core/main.o
 .debug_macro   0x00000ffa       0x28 ./Application/User/Core/main.o
 .debug_macro   0x00001022       0x22 ./Application/User/Core/main.o
 .debug_macro   0x00001044       0x8e ./Application/User/Core/main.o
 .debug_macro   0x000010d2       0x51 ./Application/User/Core/main.o
 .debug_macro   0x00001123      0x103 ./Application/User/Core/main.o
 .debug_macro   0x00001226       0x6a ./Application/User/Core/main.o
 .debug_macro   0x00001290      0x1df ./Application/User/Core/main.o
 .debug_macro   0x0000146f       0x1c ./Application/User/Core/main.o
 .debug_macro   0x0000148b       0x22 ./Application/User/Core/main.o
 .debug_macro   0x000014ad       0xfb ./Application/User/Core/main.o
 .debug_macro   0x000015a8     0x1011 ./Application/User/Core/main.o
 .debug_macro   0x000025b9      0x11f ./Application/User/Core/main.o
 .debug_macro   0x000026d8    0x18b8c ./Application/User/Core/main.o
 .debug_macro   0x0001b264       0x6d ./Application/User/Core/main.o
 .debug_macro   0x0001b2d1     0x3558 ./Application/User/Core/main.o
 .debug_macro   0x0001e829      0x190 ./Application/User/Core/main.o
 .debug_macro   0x0001e9b9       0x5c ./Application/User/Core/main.o
 .debug_macro   0x0001ea15     0x171f ./Application/User/Core/main.o
 .debug_macro   0x00020134      0x600 ./Application/User/Core/main.o
 .debug_macro   0x00020734      0x1b6 ./Application/User/Core/main.o
 .debug_macro   0x000208ea      0x34a ./Application/User/Core/main.o
 .debug_macro   0x00020c34      0x53c ./Application/User/Core/main.o
 .debug_macro   0x00021170      0x18b ./Application/User/Core/main.o
 .debug_macro   0x000212fb       0x43 ./Application/User/Core/main.o
 .debug_macro   0x0002133e      0x23d ./Application/User/Core/main.o
 .debug_macro   0x0002157b      0x211 ./Application/User/Core/main.o
 .debug_macro   0x0002178c      0x45c ./Application/User/Core/main.o
 .debug_macro   0x00021be8      0x11c ./Application/User/Core/main.o
 .debug_macro   0x00021d04       0x73 ./Application/User/Core/main.o
 .debug_macro   0x00021d77      0x234 ./Application/User/Core/main.o
 .debug_macro   0x00021fab      0x122 ./Application/User/Core/main.o
 .debug_macro   0x000220cd      0x3d1 ./Application/User/Core/main.o
 .debug_macro   0x0002249e      0x358 ./Application/User/Core/main.o
 .debug_macro   0x000227f6      0x17e ./Application/User/Core/main.o
 .debug_macro   0x00022974       0x61 ./Application/User/Core/main.o
 .debug_macro   0x000229d5       0x2a ./Application/User/Core/main.o
 .debug_macro   0x000229ff       0x43 ./Application/User/Core/main.o
 .debug_macro   0x00022a42       0x34 ./Application/User/Core/main.o
 .debug_macro   0x00022a76       0x16 ./Application/User/Core/main.o
 .debug_macro   0x00022a8c       0x3c ./Application/User/Core/main.o
 .debug_macro   0x00022ac8      0x364 ./Application/User/Core/main.o
 .debug_macro   0x00022e2c       0x10 ./Application/User/Core/main.o
 .debug_macro   0x00022e3c       0x16 ./Application/User/Core/main.o
 .debug_macro   0x00022e52       0x4a ./Application/User/Core/main.o
 .debug_macro   0x00022e9c       0x34 ./Application/User/Core/main.o
 .debug_macro   0x00022ed0       0x10 ./Application/User/Core/main.o
 .debug_macro   0x00022ee0       0x58 ./Application/User/Core/main.o
 .debug_macro   0x00022f38       0x8e ./Application/User/Core/main.o
 .debug_macro   0x00022fc6       0x1c ./Application/User/Core/main.o
 .debug_macro   0x00022fe2      0x17e ./Application/User/Core/main.o
 .debug_macro   0x00023160       0x16 ./Application/User/Core/main.o
 .debug_macro   0x00023176       0x16 ./Application/User/Core/main.o
 .debug_macro   0x0002318c      0x146 ./Application/User/Core/main.o
 .debug_macro   0x000232d2       0x16 ./Application/User/Core/main.o
 .debug_macro   0x000232e8       0x16 ./Application/User/Core/main.o
 .debug_macro   0x000232fe       0x29 ./Application/User/Core/main.o
 .debug_macro   0x00023327       0x16 ./Application/User/Core/main.o
 .debug_macro   0x0002333d       0x20 ./Application/User/Core/main.o
 .debug_macro   0x0002335d       0x5f ./Application/User/Core/main.o
 .debug_macro   0x000233bc      0x1ef ./Application/User/Core/main.o
 .debug_macro   0x000235ab       0x95 ./Application/User/Core/main.o
 .debug_macro   0x00023640       0x16 ./Application/User/Core/main.o
 .debug_macro   0x00023656      0x1d9 ./Application/User/Core/stm32g4xx_hal_msp.o
 .debug_macro   0x0002382f      0x1e3 ./Application/User/Core/stm32g4xx_it.o
 .debug_macro   0x00023a12      0x112 ./Application/User/Core/sysmem.o
 .debug_macro   0x00023b24      0x23c ./Application/User/Core/sysmem.o
 .debug_macro   0x00023d60      0x37f ./Application/User/USB_Device/App/usb_device.o
 .debug_macro   0x000240df       0x22 ./Application/User/USB_Device/App/usb_device.o
 .debug_macro   0x00024101       0x1c ./Application/User/USB_Device/App/usb_device.o
 .debug_macro   0x0002411d      0x36d ./Application/User/USB_Device/App/usbd_cdc_if.o
 .debug_macro   0x0002448a       0x9e ./Application/User/USB_Device/App/usbd_cdc_if.o
 .debug_macro   0x00024528      0x112 ./Application/User/USB_Device/App/usbd_cdc_if.o
 .debug_macro   0x0002463a       0x56 ./Application/User/USB_Device/App/usbd_cdc_if.o
 .debug_macro   0x00024690       0x4c ./Application/User/USB_Device/App/usbd_cdc_if.o
 .debug_macro   0x000246dc      0x37d ./Application/User/USB_Device/App/usbd_desc.o
 .debug_macro   0x00024a59      0x1f5 ./Application/User/USB_Device/App/usbd_desc.o
 .debug_macro   0x00024c4e       0x1c ./Application/User/USB_Device/App/usbd_desc.o
 .debug_macro   0x00024c6a      0x363 ./Application/User/USB_Device/Target/usbd_conf.o
 .debug_macro   0x00024fcd      0x1ca ./Drivers/CMSIS/system_stm32g4xx.o
 .debug_macro   0x00025197      0x218 ./Drivers/STM32G4xx_HAL_Driver/stm32g4xx_hal.o
 .debug_macro   0x000253af      0x1ca ./Drivers/STM32G4xx_HAL_Driver/stm32g4xx_hal_cortex.o
 .debug_macro   0x00025579      0x1d0 ./Drivers/STM32G4xx_HAL_Driver/stm32g4xx_hal_flash.o
 .debug_macro   0x00025749      0x1ca ./Drivers/STM32G4xx_HAL_Driver/stm32g4xx_hal_flash_ex.o
 .debug_macro   0x00025913      0x1d1 ./Drivers/STM32G4xx_HAL_Driver/stm32g4xx_hal_gpio.o
 .debug_macro   0x00025ae4      0x1d6 ./Drivers/STM32G4xx_HAL_Driver/stm32g4xx_hal_pcd.o
 .debug_macro   0x00025cba      0x1ca ./Drivers/STM32G4xx_HAL_Driver/stm32g4xx_hal_pcd_ex.o
 .debug_macro   0x00025e84      0x1f4 ./Drivers/STM32G4xx_HAL_Driver/stm32g4xx_hal_pwr_ex.o
 .debug_macro   0x00026078      0x20c ./Drivers/STM32G4xx_HAL_Driver/stm32g4xx_hal_rcc.o
 .debug_macro   0x00026284      0x1f4 ./Drivers/STM32G4xx_HAL_Driver/stm32g4xx_hal_rcc_ex.o
 .debug_macro   0x00026478      0x1ca ./Drivers/STM32G4xx_HAL_Driver/stm32g4xx_ll_usb.o
 .debug_macro   0x00026642      0x359 ./Middlewares/USB_Device_Library/usbd_cdc.o
 .debug_macro   0x0002699b      0x340 ./Middlewares/USB_Device_Library/usbd_core.o
 .debug_macro   0x00026cdb      0x34a ./Middlewares/USB_Device_Library/usbd_ctlreq.o
 .debug_macro   0x00027025      0x346 ./Middlewares/USB_Device_Library/usbd_ioreq.o

.debug_line     0x00000000    0x117cd
 .debug_line    0x00000000      0xc43 ./Application/User/Core/main.o
 .debug_line    0x00000c43      0x69e ./Application/User/Core/stm32g4xx_hal_msp.o
 .debug_line    0x000012e1      0x77e ./Application/User/Core/stm32g4xx_it.o
 .debug_line    0x00001a5f      0x4a2 ./Application/User/Core/sysmem.o
 .debug_line    0x00001f01       0x7b ./Application/User/Startup/startup_stm32g474cetx.o
 .debug_line    0x00001f7c      0x968 ./Application/User/USB_Device/App/usb_device.o
 .debug_line    0x000028e4      0xa2b ./Application/User/USB_Device/App/usbd_cdc_if.o
 .debug_line    0x0000330f      0xa0e ./Application/User/USB_Device/App/usbd_desc.o
 .debug_line    0x00003d1d      0xdd1 ./Application/User/USB_Device/Target/usbd_conf.o
 .debug_line    0x00004aee      0x70a ./Drivers/CMSIS/system_stm32g4xx.o
 .debug_line    0x000051f8      0xad9 ./Drivers/STM32G4xx_HAL_Driver/stm32g4xx_hal.o
 .debug_line    0x00005cd1      0xc3b ./Drivers/STM32G4xx_HAL_Driver/stm32g4xx_hal_cortex.o
 .debug_line    0x0000690c      0xa53 ./Drivers/STM32G4xx_HAL_Driver/stm32g4xx_hal_flash.o
 .debug_line    0x0000735f      0xf10 ./Drivers/STM32G4xx_HAL_Driver/stm32g4xx_hal_flash_ex.o
 .debug_line    0x0000826f      0xac2 ./Drivers/STM32G4xx_HAL_Driver/stm32g4xx_hal_gpio.o
 .debug_line    0x00008d31     0x1263 ./Drivers/STM32G4xx_HAL_Driver/stm32g4xx_hal_pcd.o
 .debug_line    0x00009f94      0x824 ./Drivers/STM32G4xx_HAL_Driver/stm32g4xx_hal_pcd_ex.o
 .debug_line    0x0000a7b8      0xc35 ./Drivers/STM32G4xx_HAL_Driver/stm32g4xx_hal_pwr_ex.o
 .debug_line    0x0000b3ed      0xf59 ./Drivers/STM32G4xx_HAL_Driver/stm32g4xx_hal_rcc.o
 .debug_line    0x0000c346     0x11cf ./Drivers/STM32G4xx_HAL_Driver/stm32g4xx_hal_rcc_ex.o
 .debug_line    0x0000d515      0xf5b ./Drivers/STM32G4xx_HAL_Driver/stm32g4xx_ll_usb.o
 .debug_line    0x0000e470      0xcb9 ./Middlewares/USB_Device_Library/usbd_cdc.o
 .debug_line    0x0000f129      0xd3a ./Middlewares/USB_Device_Library/usbd_core.o
 .debug_line    0x0000fe63      0xfd1 ./Middlewares/USB_Device_Library/usbd_ctlreq.o
 .debug_line    0x00010e34      0x999 ./Middlewares/USB_Device_Library/usbd_ioreq.o

.debug_str      0x00000000    0xe903e
 .debug_str     0x00000000    0xe903e ./Application/User/Core/main.o
                              0xe4ef1 (size before relaxing)
 .debug_str     0x000e903e    0xdfd0e ./Application/User/Core/stm32g4xx_hal_msp.o
 .debug_str     0x000e903e    0xe0038 ./Application/User/Core/stm32g4xx_it.o
 .debug_str     0x000e903e     0x7714 ./Application/User/Core/sysmem.o
 .debug_str     0x000e903e       0x8b ./Application/User/Startup/startup_stm32g474cetx.o
 .debug_str     0x000e903e    0xe41fc ./Application/User/USB_Device/App/usb_device.o
 .debug_str     0x000e903e    0xe4396 ./Application/User/USB_Device/App/usbd_cdc_if.o
 .debug_str     0x000e903e    0xe3d38 ./Application/User/USB_Device/App/usbd_desc.o
 .debug_str     0x000e903e    0xe52c3 ./Application/User/USB_Device/Target/usbd_conf.o
 .debug_str     0x000e903e    0xdf8aa ./Drivers/CMSIS/system_stm32g4xx.o
 .debug_str     0x000e903e    0xe05bc ./Drivers/STM32G4xx_HAL_Driver/stm32g4xx_hal.o
 .debug_str     0x000e903e    0xe0278 ./Drivers/STM32G4xx_HAL_Driver/stm32g4xx_hal_cortex.o
 .debug_str     0x000e903e    0xdfb7a ./Drivers/STM32G4xx_HAL_Driver/stm32g4xx_hal_flash.o
 .debug_str     0x000e903e    0xdfcca ./Drivers/STM32G4xx_HAL_Driver/stm32g4xx_hal_flash_ex.o
 .debug_str     0x000e903e    0xdfa35 ./Drivers/STM32G4xx_HAL_Driver/stm32g4xx_hal_gpio.o
 .debug_str     0x000e903e    0xe0026 ./Drivers/STM32G4xx_HAL_Driver/stm32g4xx_hal_pcd.o
 .debug_str     0x000e903e    0xdfc62 ./Drivers/STM32G4xx_HAL_Driver/stm32g4xx_hal_pcd_ex.o
 .debug_str     0x000e903e    0xdfd98 ./Drivers/STM32G4xx_HAL_Driver/stm32g4xx_hal_pwr_ex.o
 .debug_str     0x000e903e    0xdffc9 ./Drivers/STM32G4xx_HAL_Driver/stm32g4xx_hal_rcc.o
 .debug_str     0x000e903e    0xdfff3 ./Drivers/STM32G4xx_HAL_Driver/stm32g4xx_hal_rcc_ex.o